
running 1 test
test app::input::tests::terminal_resource_probe::matched_terminal_resource_probe ... 
POTYI_TERM_RESOURCE {"event":"ready","phase":"ready","kind":"new","pid":37872,"elapsed_ms":44.992,"draws":5,"turns":5}

POTYI_TERM_RESOURCE {"event":"phase","phase":"idle","kind":"new","pid":37872,"elapsed_ms":45.083,"draws":5,"turns":5}

POTYI_TERM_RESOURCE {"event":"end","phase":"idle","kind":"new","pid":37872,"elapsed_ms":2045.856,"draws":5,"turns":7}

POTYI_TERM_RESOURCE {"event":"phase","phase":"small_command","kind":"new","pid":37872,"elapsed_ms":2045.945,"draws":5,"turns":7}

POTYI_TERM_RESOURCE {"event":"operation","phase":"small_command","kind":"new","duration_ms":195.535}

POTYI_TERM_RESOURCE {"event":"end","phase":"small_command","kind":"new","pid":37872,"elapsed_ms":2241.504,"draws":10,"turns":22}

POTYI_TERM_RESOURCE {"event":"phase","phase":"small_idle","kind":"new","pid":37872,"elapsed_ms":2241.516,"draws":10,"turns":22}

POTYI_TERM_RESOURCE {"event":"end","phase":"small_idle","kind":"new","pid":37872,"elapsed_ms":4242.259,"draws":10,"turns":25}

POTYI_TERM_RESOURCE {"event":"phase","phase":"stream_first","kind":"new","pid":37872,"elapsed_ms":4242.304,"draws":10,"turns":25}

POTYI_TERM_RESOURCE {"event":"operation","phase":"stream_first","kind":"new","duration_ms":2921.234}

POTYI_TERM_RESOURCE {"event":"end","phase":"stream_first","kind":"new","pid":37872,"elapsed_ms":7163.566,"draws":165,"turns":2011}

POTYI_TERM_RESOURCE {"event":"phase","phase":"plateau_first","kind":"new","pid":37872,"elapsed_ms":7163.575,"draws":165,"turns":2011}

POTYI_TERM_RESOURCE {"event":"end","phase":"plateau_first","kind":"new","pid":37872,"elapsed_ms":9164.316,"draws":165,"turns":2014}

POTYI_TERM_RESOURCE {"event":"phase","phase":"stream_second","kind":"new","pid":37872,"elapsed_ms":9164.360,"draws":165,"turns":2014}

POTYI_TERM_RESOURCE {"event":"operation","phase":"stream_second","kind":"new","duration_ms":2940.470}

POTYI_TERM_RESOURCE {"event":"end","phase":"stream_second","kind":"new","pid":37872,"elapsed_ms":12104.852,"draws":323,"turns":4020}

POTYI_TERM_RESOURCE {"event":"phase","phase":"plateau_second","kind":"new","pid":37872,"elapsed_ms":12104.866,"draws":323,"turns":4020}

POTYI_TERM_RESOURCE {"event":"end","phase":"plateau_second","kind":"new","pid":37872,"elapsed_ms":14105.200,"draws":323,"turns":4023}

POTYI_TERM_RESOURCE {"event":"phase","phase":"stream_third","kind":"new","pid":37872,"elapsed_ms":14105.243,"draws":323,"turns":4023}

POTYI_TERM_RESOURCE {"event":"operation","phase":"stream_third","kind":"new","duration_ms":2957.927}

POTYI_TERM_RESOURCE {"event":"end","phase":"stream_third","kind":"new","pid":37872,"elapsed_ms":17063.231,"draws":484,"turns":6301}

POTYI_TERM_RESOURCE {"event":"phase","phase":"plateau_third","kind":"new","pid":37872,"elapsed_ms":17063.241,"draws":484,"turns":6301}

POTYI_TERM_RESOURCE {"event":"end","phase":"plateau_third","kind":"new","pid":37872,"elapsed_ms":19064.128,"draws":484,"turns":6304}

POTYI_TERM_RESOURCE {"event":"phase","phase":"resize","kind":"new","pid":37872,"elapsed_ms":19064.151,"draws":484,"turns":6304}

POTYI_TERM_RESOURCE {"event":"operation","phase":"resize","kind":"new","duration_ms":2400.344,"resizes":9}

POTYI_TERM_RESOURCE {"event":"end","phase":"resize","kind":"new","pid":37872,"elapsed_ms":21464.555,"draws":639,"turns":10598}

POTYI_TERM_RESOURCE {"event":"phase","phase":"copy_selected","kind":"new","pid":37872,"elapsed_ms":21464.701,"draws":639,"turns":10598}

POTYI_TERM_RESOURCE {"event":"operation","phase":"copy_selected","kind":"new","duration_ms":1.530,"copied_bytes":4096}

POTYI_TERM_RESOURCE {"event":"end","phase":"copy_selected","kind":"new","pid":37872,"elapsed_ms":22216.663,"draws":641,"turns":10602}

POTYI_TERM_RESOURCE {"event":"phase","phase":"copy_all","kind":"new","pid":37872,"elapsed_ms":22216.711,"draws":641,"turns":10602}

POTYI_TERM_RESOURCE {"event":"operation","phase":"copy_all","kind":"new","duration_ms":50.616,"copied_bytes":4785422}

POTYI_TERM_RESOURCE {"event":"end","phase":"copy_all","kind":"new","pid":37872,"elapsed_ms":23017.597,"draws":643,"turns":10607}

POTYI_TERM_RESOURCE {"event":"phase","phase":"copied_idle","kind":"new","pid":37872,"elapsed_ms":23017.635,"draws":643,"turns":10607}

POTYI_TERM_RESOURCE {"event":"end","phase":"copied_idle","kind":"new","pid":37872,"elapsed_ms":25018.199,"draws":643,"turns":10609}

POTYI_TERM_RESOURCE {"event":"done","phase":"done","kind":"new","pid":37872,"elapsed_ms":25018.225,"draws":643,"turns":10609}
ok

test result: ok. 1 passed; 0 failed; 0 ignored; 0 measured; 906 filtered out; finished in 25.11s

