
running 1 test
test app::input::tests::terminal_resource_probe::matched_terminal_resource_probe ... 
POTYI_TERM_RESOURCE {"event":"ready","phase":"ready","kind":"new","pid":39143,"elapsed_ms":53.442,"draws":5,"turns":5}

POTYI_TERM_RESOURCE {"event":"phase","phase":"idle","kind":"new","pid":39143,"elapsed_ms":53.532,"draws":5,"turns":5}

POTYI_TERM_RESOURCE {"event":"end","phase":"idle","kind":"new","pid":39143,"elapsed_ms":2054.043,"draws":5,"turns":7}

POTYI_TERM_RESOURCE {"event":"phase","phase":"small_command","kind":"new","pid":39143,"elapsed_ms":2054.110,"draws":5,"turns":7}

POTYI_TERM_RESOURCE {"event":"operation","phase":"small_command","kind":"new","duration_ms":210.470}

POTYI_TERM_RESOURCE {"event":"end","phase":"small_command","kind":"new","pid":39143,"elapsed_ms":2264.603,"draws":10,"turns":22}

POTYI_TERM_RESOURCE {"event":"phase","phase":"small_idle","kind":"new","pid":39143,"elapsed_ms":2264.612,"draws":10,"turns":22}

POTYI_TERM_RESOURCE {"event":"end","phase":"small_idle","kind":"new","pid":39143,"elapsed_ms":4265.475,"draws":10,"turns":25}

POTYI_TERM_RESOURCE {"event":"phase","phase":"stream_first","kind":"new","pid":39143,"elapsed_ms":4265.541,"draws":10,"turns":25}

POTYI_TERM_RESOURCE {"event":"operation","phase":"stream_first","kind":"new","duration_ms":2944.333}

POTYI_TERM_RESOURCE {"event":"end","phase":"stream_first","kind":"new","pid":39143,"elapsed_ms":7209.900,"draws":167,"turns":2015}

POTYI_TERM_RESOURCE {"event":"phase","phase":"plateau_first","kind":"new","pid":39143,"elapsed_ms":7209.909,"draws":167,"turns":2015}

POTYI_TERM_RESOURCE {"event":"end","phase":"plateau_first","kind":"new","pid":39143,"elapsed_ms":9210.215,"draws":167,"turns":2018}

POTYI_TERM_RESOURCE {"event":"phase","phase":"stream_second","kind":"new","pid":39143,"elapsed_ms":9210.257,"draws":167,"turns":2018}

POTYI_TERM_RESOURCE {"event":"operation","phase":"stream_second","kind":"new","duration_ms":2966.798}

POTYI_TERM_RESOURCE {"event":"end","phase":"stream_second","kind":"new","pid":39143,"elapsed_ms":12177.078,"draws":326,"turns":4009}

POTYI_TERM_RESOURCE {"event":"phase","phase":"plateau_second","kind":"new","pid":39143,"elapsed_ms":12177.095,"draws":326,"turns":4009}

POTYI_TERM_RESOURCE {"event":"end","phase":"plateau_second","kind":"new","pid":39143,"elapsed_ms":14177.965,"draws":326,"turns":4012}

POTYI_TERM_RESOURCE {"event":"phase","phase":"stream_third","kind":"new","pid":39143,"elapsed_ms":14178.005,"draws":326,"turns":4012}

POTYI_TERM_RESOURCE {"event":"operation","phase":"stream_third","kind":"new","duration_ms":2958.468}

POTYI_TERM_RESOURCE {"event":"end","phase":"stream_third","kind":"new","pid":39143,"elapsed_ms":17136.498,"draws":488,"turns":6300}

POTYI_TERM_RESOURCE {"event":"phase","phase":"plateau_third","kind":"new","pid":39143,"elapsed_ms":17136.508,"draws":488,"turns":6300}

POTYI_TERM_RESOURCE {"event":"end","phase":"plateau_third","kind":"new","pid":39143,"elapsed_ms":19137.085,"draws":488,"turns":6303}

POTYI_TERM_RESOURCE {"event":"phase","phase":"resize","kind":"new","pid":39143,"elapsed_ms":19137.107,"draws":488,"turns":6303}

POTYI_TERM_RESOURCE {"event":"operation","phase":"resize","kind":"new","duration_ms":2426.858,"resizes":9}

POTYI_TERM_RESOURCE {"event":"end","phase":"resize","kind":"new","pid":39143,"elapsed_ms":21563.988,"draws":645,"turns":10598}

POTYI_TERM_RESOURCE {"event":"phase","phase":"copy_selected","kind":"new","pid":39143,"elapsed_ms":21564.099,"draws":645,"turns":10598}

POTYI_TERM_RESOURCE {"event":"operation","phase":"copy_selected","kind":"new","duration_ms":1.398,"copied_bytes":4096}

POTYI_TERM_RESOURCE {"event":"end","phase":"copy_selected","kind":"new","pid":39143,"elapsed_ms":22315.539,"draws":647,"turns":10602}

POTYI_TERM_RESOURCE {"event":"phase","phase":"copy_all","kind":"new","pid":39143,"elapsed_ms":22315.596,"draws":647,"turns":10602}

POTYI_TERM_RESOURCE {"event":"operation","phase":"copy_all","kind":"new","duration_ms":47.340,"copied_bytes":4785422}

POTYI_TERM_RESOURCE {"event":"end","phase":"copy_all","kind":"new","pid":39143,"elapsed_ms":23113.464,"draws":649,"turns":10607}

POTYI_TERM_RESOURCE {"event":"phase","phase":"copied_idle","kind":"new","pid":39143,"elapsed_ms":23113.499,"draws":649,"turns":10607}

POTYI_TERM_RESOURCE {"event":"end","phase":"copied_idle","kind":"new","pid":39143,"elapsed_ms":25114.249,"draws":649,"turns":10609}

POTYI_TERM_RESOURCE {"event":"done","phase":"done","kind":"new","pid":39143,"elapsed_ms":25114.280,"draws":649,"turns":10609}
ok

test result: ok. 1 passed; 0 failed; 0 ignored; 0 measured; 906 filtered out; finished in 25.18s

