
running 1 test
test app::input::tests::terminal_resource_probe::matched_terminal_resource_probe ... 
POTYI_TERM_RESOURCE {"event":"ready","phase":"ready","kind":"old","pid":38913,"elapsed_ms":7.612,"draws":3,"turns":2}

POTYI_TERM_RESOURCE {"event":"phase","phase":"idle","kind":"old","pid":38913,"elapsed_ms":7.713,"draws":3,"turns":2}

POTYI_TERM_RESOURCE {"event":"end","phase":"idle","kind":"old","pid":38913,"elapsed_ms":2008.526,"draws":4,"turns":5}

POTYI_TERM_RESOURCE {"event":"phase","phase":"small_command","kind":"old","pid":38913,"elapsed_ms":2008.623,"draws":4,"turns":5}

POTYI_TERM_RESOURCE {"event":"operation","phase":"small_command","kind":"old","duration_ms":59.676}

POTYI_TERM_RESOURCE {"event":"end","phase":"small_command","kind":"old","pid":38913,"elapsed_ms":2068.329,"draws":7,"turns":10}

POTYI_TERM_RESOURCE {"event":"phase","phase":"small_idle","kind":"old","pid":38913,"elapsed_ms":2068.340,"draws":7,"turns":10}

POTYI_TERM_RESOURCE {"event":"end","phase":"small_idle","kind":"old","pid":38913,"elapsed_ms":4069.044,"draws":7,"turns":12}

POTYI_TERM_RESOURCE {"event":"phase","phase":"stream_first","kind":"old","pid":38913,"elapsed_ms":4069.113,"draws":7,"turns":12}

POTYI_TERM_RESOURCE {"event":"operation","phase":"stream_first","kind":"old","duration_ms":2800.864}

POTYI_TERM_RESOURCE {"event":"end","phase":"stream_first","kind":"old","pid":38913,"elapsed_ms":6870.000,"draws":138,"turns":501}

POTYI_TERM_RESOURCE {"event":"phase","phase":"plateau_first","kind":"old","pid":38913,"elapsed_ms":6870.010,"draws":138,"turns":501}

POTYI_TERM_RESOURCE {"event":"end","phase":"plateau_first","kind":"old","pid":38913,"elapsed_ms":8870.759,"draws":138,"turns":503}

POTYI_TERM_RESOURCE {"event":"phase","phase":"stream_second","kind":"old","pid":38913,"elapsed_ms":8870.821,"draws":138,"turns":503}

POTYI_TERM_RESOURCE {"event":"operation","phase":"stream_second","kind":"old","duration_ms":2759.380}

POTYI_TERM_RESOURCE {"event":"end","phase":"stream_second","kind":"old","pid":38913,"elapsed_ms":11630.224,"draws":270,"turns":992}

POTYI_TERM_RESOURCE {"event":"phase","phase":"plateau_second","kind":"old","pid":38913,"elapsed_ms":11630.242,"draws":270,"turns":992}

POTYI_TERM_RESOURCE {"event":"end","phase":"plateau_second","kind":"old","pid":38913,"elapsed_ms":13630.874,"draws":270,"turns":994}

POTYI_TERM_RESOURCE {"event":"phase","phase":"stream_third","kind":"old","pid":38913,"elapsed_ms":13630.913,"draws":270,"turns":994}

POTYI_TERM_RESOURCE {"event":"operation","phase":"stream_third","kind":"old","duration_ms":2826.989}

POTYI_TERM_RESOURCE {"event":"end","phase":"stream_third","kind":"old","pid":38913,"elapsed_ms":16457.927,"draws":405,"turns":1485}

POTYI_TERM_RESOURCE {"event":"phase","phase":"plateau_third","kind":"old","pid":38913,"elapsed_ms":16458.000,"draws":405,"turns":1485}

POTYI_TERM_RESOURCE {"event":"end","phase":"plateau_third","kind":"old","pid":38913,"elapsed_ms":18458.296,"draws":405,"turns":1487}

POTYI_TERM_RESOURCE {"event":"phase","phase":"resize","kind":"old","pid":38913,"elapsed_ms":18458.332,"draws":405,"turns":1487}

POTYI_TERM_RESOURCE {"event":"operation","phase":"resize","kind":"old","duration_ms":2314.476,"resizes":9}

POTYI_TERM_RESOURCE {"event":"end","phase":"resize","kind":"old","pid":38913,"elapsed_ms":20772.831,"draws":414,"turns":1496}

POTYI_TERM_RESOURCE {"event":"phase","phase":"copy_selected","kind":"old","pid":38913,"elapsed_ms":20772.869,"draws":414,"turns":1496}

POTYI_TERM_RESOURCE {"event":"operation","phase":"copy_selected","kind":"old","duration_ms":0.012,"copied_bytes":4096}

POTYI_TERM_RESOURCE {"event":"end","phase":"copy_selected","kind":"old","pid":38913,"elapsed_ms":21523.522,"draws":415,"turns":1498}

POTYI_TERM_RESOURCE {"event":"phase","phase":"copy_all","kind":"old","pid":38913,"elapsed_ms":21523.564,"draws":415,"turns":1498}

POTYI_TERM_RESOURCE {"event":"operation","phase":"copy_all","kind":"old","duration_ms":12.651,"copied_bytes":8388494}

POTYI_TERM_RESOURCE {"event":"end","phase":"copy_all","kind":"old","pid":38913,"elapsed_ms":22286.657,"draws":415,"turns":1500}

POTYI_TERM_RESOURCE {"event":"phase","phase":"copied_idle","kind":"old","pid":38913,"elapsed_ms":22286.691,"draws":415,"turns":1500}

POTYI_TERM_RESOURCE {"event":"end","phase":"copied_idle","kind":"old","pid":38913,"elapsed_ms":24287.566,"draws":415,"turns":1502}

POTYI_TERM_RESOURCE {"event":"done","phase":"done","kind":"old","pid":38913,"elapsed_ms":24287.596,"draws":415,"turns":1502}
ok

test result: ok. 1 passed; 0 failed; 0 ignored; 0 measured; 906 filtered out; finished in 24.35s

