
running 1 test
test app::input::tests::terminal_resource_probe::matched_terminal_resource_probe ... 
POTYI_TERM_RESOURCE {"event":"ready","phase":"ready","kind":"old","pid":56919,"elapsed_ms":5.406,"draws":3,"turns":2}

POTYI_TERM_RESOURCE {"event":"phase","phase":"idle","kind":"old","pid":56919,"elapsed_ms":5.517,"draws":3,"turns":2}

POTYI_TERM_RESOURCE {"event":"end","phase":"idle","kind":"old","pid":56919,"elapsed_ms":2006.570,"draws":4,"turns":5}

POTYI_TERM_RESOURCE {"event":"phase","phase":"small_command","kind":"old","pid":56919,"elapsed_ms":2006.679,"draws":4,"turns":5}

POTYI_TERM_RESOURCE {"event":"operation","phase":"small_command","kind":"old","duration_ms":78.729}

POTYI_TERM_RESOURCE {"event":"end","phase":"small_command","kind":"old","pid":56919,"elapsed_ms":2085.431,"draws":7,"turns":10}

POTYI_TERM_RESOURCE {"event":"phase","phase":"small_idle","kind":"old","pid":56919,"elapsed_ms":2085.440,"draws":7,"turns":10}

POTYI_TERM_RESOURCE {"event":"end","phase":"small_idle","kind":"old","pid":56919,"elapsed_ms":4085.667,"draws":7,"turns":12}

POTYI_TERM_RESOURCE {"event":"phase","phase":"stream_first","kind":"old","pid":56919,"elapsed_ms":4085.731,"draws":7,"turns":12}

POTYI_TERM_RESOURCE {"event":"operation","phase":"stream_first","kind":"old","duration_ms":2447.542}

POTYI_TERM_RESOURCE {"event":"end","phase":"stream_first","kind":"old","pid":56919,"elapsed_ms":6533.296,"draws":123,"turns":479}

POTYI_TERM_RESOURCE {"event":"phase","phase":"plateau_first","kind":"old","pid":56919,"elapsed_ms":6533.307,"draws":123,"turns":479}

POTYI_TERM_RESOURCE {"event":"end","phase":"plateau_first","kind":"old","pid":56919,"elapsed_ms":8533.612,"draws":123,"turns":481}

POTYI_TERM_RESOURCE {"event":"phase","phase":"stream_second","kind":"old","pid":56919,"elapsed_ms":8533.668,"draws":123,"turns":481}

POTYI_TERM_RESOURCE {"event":"operation","phase":"stream_second","kind":"old","duration_ms":2446.534}

POTYI_TERM_RESOURCE {"event":"end","phase":"stream_second","kind":"old","pid":56919,"elapsed_ms":10980.233,"draws":239,"turns":949}

POTYI_TERM_RESOURCE {"event":"phase","phase":"plateau_second","kind":"old","pid":56919,"elapsed_ms":10980.243,"draws":239,"turns":949}

POTYI_TERM_RESOURCE {"event":"end","phase":"plateau_second","kind":"old","pid":56919,"elapsed_ms":12980.395,"draws":239,"turns":951}

POTYI_TERM_RESOURCE {"event":"phase","phase":"stream_third","kind":"old","pid":56919,"elapsed_ms":12980.466,"draws":239,"turns":951}

POTYI_TERM_RESOURCE {"event":"operation","phase":"stream_third","kind":"old","duration_ms":2459.653}

POTYI_TERM_RESOURCE {"event":"end","phase":"stream_third","kind":"old","pid":56919,"elapsed_ms":15440.153,"draws":357,"turns":1418}

POTYI_TERM_RESOURCE {"event":"phase","phase":"plateau_third","kind":"old","pid":56919,"elapsed_ms":15440.165,"draws":357,"turns":1418}

POTYI_TERM_RESOURCE {"event":"end","phase":"plateau_third","kind":"old","pid":56919,"elapsed_ms":17440.405,"draws":357,"turns":1420}

POTYI_TERM_RESOURCE {"event":"phase","phase":"resize","kind":"old","pid":56919,"elapsed_ms":17440.438,"draws":357,"turns":1420}

POTYI_TERM_RESOURCE {"event":"operation","phase":"resize","kind":"old","duration_ms":2324.051,"resizes":9}

POTYI_TERM_RESOURCE {"event":"end","phase":"resize","kind":"old","pid":56919,"elapsed_ms":19764.551,"draws":366,"turns":1429}

POTYI_TERM_RESOURCE {"event":"phase","phase":"copy_selected","kind":"old","pid":56919,"elapsed_ms":19764.618,"draws":366,"turns":1429}

POTYI_TERM_RESOURCE {"event":"operation","phase":"copy_selected","kind":"old","duration_ms":0.018,"copied_bytes":4096}

POTYI_TERM_RESOURCE {"event":"end","phase":"copy_selected","kind":"old","pid":56919,"elapsed_ms":20515.586,"draws":367,"turns":1431}

POTYI_TERM_RESOURCE {"event":"phase","phase":"copy_all","kind":"old","pid":56919,"elapsed_ms":20515.651,"draws":367,"turns":1431}

POTYI_TERM_RESOURCE {"event":"operation","phase":"copy_all","kind":"old","duration_ms":13.222,"copied_bytes":8388494}

POTYI_TERM_RESOURCE {"event":"end","phase":"copy_all","kind":"old","pid":56919,"elapsed_ms":21279.013,"draws":367,"turns":1433}

POTYI_TERM_RESOURCE {"event":"phase","phase":"copied_idle","kind":"old","pid":56919,"elapsed_ms":21279.038,"draws":367,"turns":1433}

POTYI_TERM_RESOURCE {"event":"end","phase":"copied_idle","kind":"old","pid":56919,"elapsed_ms":23279.532,"draws":367,"turns":1435}

POTYI_TERM_RESOURCE {"event":"done","phase":"done","kind":"old","pid":56919,"elapsed_ms":23279.579,"draws":367,"turns":1435}
ok

test result: ok. 1 passed; 0 failed; 0 ignored; 0 measured; 908 filtered out; finished in 23.36s

