
running 1 test
test app::input::tests::terminal_resource_probe::matched_terminal_resource_probe ... 
POTYI_TERM_RESOURCE {"event":"ready","phase":"ready","kind":"old","pid":59856,"elapsed_ms":8.391,"draws":3,"turns":2}

POTYI_TERM_RESOURCE {"event":"phase","phase":"idle","kind":"old","pid":59856,"elapsed_ms":8.496,"draws":3,"turns":2}

POTYI_TERM_RESOURCE {"event":"end","phase":"idle","kind":"old","pid":59856,"elapsed_ms":2009.127,"draws":4,"turns":5}

POTYI_TERM_RESOURCE {"event":"phase","phase":"small_command","kind":"old","pid":59856,"elapsed_ms":2009.215,"draws":4,"turns":5}

POTYI_TERM_RESOURCE {"event":"operation","phase":"small_command","kind":"old","duration_ms":53.970}

POTYI_TERM_RESOURCE {"event":"end","phase":"small_command","kind":"old","pid":59856,"elapsed_ms":2063.208,"draws":7,"turns":10}

POTYI_TERM_RESOURCE {"event":"phase","phase":"small_idle","kind":"old","pid":59856,"elapsed_ms":2063.260,"draws":7,"turns":10}

POTYI_TERM_RESOURCE {"event":"end","phase":"small_idle","kind":"old","pid":59856,"elapsed_ms":4063.486,"draws":7,"turns":12}

POTYI_TERM_RESOURCE {"event":"phase","phase":"stream_first","kind":"old","pid":59856,"elapsed_ms":4063.533,"draws":7,"turns":12}

POTYI_TERM_RESOURCE {"event":"operation","phase":"stream_first","kind":"old","duration_ms":2454.280}

POTYI_TERM_RESOURCE {"event":"end","phase":"stream_first","kind":"old","pid":59856,"elapsed_ms":6517.837,"draws":124,"turns":482}

POTYI_TERM_RESOURCE {"event":"phase","phase":"plateau_first","kind":"old","pid":59856,"elapsed_ms":6517.847,"draws":124,"turns":482}

POTYI_TERM_RESOURCE {"event":"end","phase":"plateau_first","kind":"old","pid":59856,"elapsed_ms":8518.063,"draws":124,"turns":484}

POTYI_TERM_RESOURCE {"event":"phase","phase":"stream_second","kind":"old","pid":59856,"elapsed_ms":8518.135,"draws":124,"turns":484}

POTYI_TERM_RESOURCE {"event":"operation","phase":"stream_second","kind":"old","duration_ms":2458.798}

POTYI_TERM_RESOURCE {"event":"end","phase":"stream_second","kind":"old","pid":59856,"elapsed_ms":10976.962,"draws":241,"turns":951}

POTYI_TERM_RESOURCE {"event":"phase","phase":"plateau_second","kind":"old","pid":59856,"elapsed_ms":10976.972,"draws":241,"turns":951}

POTYI_TERM_RESOURCE {"event":"end","phase":"plateau_second","kind":"old","pid":59856,"elapsed_ms":12977.202,"draws":241,"turns":953}

POTYI_TERM_RESOURCE {"event":"phase","phase":"stream_third","kind":"old","pid":59856,"elapsed_ms":12977.255,"draws":241,"turns":953}

POTYI_TERM_RESOURCE {"event":"operation","phase":"stream_third","kind":"old","duration_ms":2449.390}

POTYI_TERM_RESOURCE {"event":"end","phase":"stream_third","kind":"old","pid":59856,"elapsed_ms":15426.673,"draws":358,"turns":1424}

POTYI_TERM_RESOURCE {"event":"phase","phase":"plateau_third","kind":"old","pid":59856,"elapsed_ms":15426.683,"draws":358,"turns":1424}

POTYI_TERM_RESOURCE {"event":"end","phase":"plateau_third","kind":"old","pid":59856,"elapsed_ms":17427.096,"draws":358,"turns":1426}

POTYI_TERM_RESOURCE {"event":"phase","phase":"resize","kind":"old","pid":59856,"elapsed_ms":17427.123,"draws":358,"turns":1426}

POTYI_TERM_RESOURCE {"event":"operation","phase":"resize","kind":"old","duration_ms":2317.383,"resizes":9}

POTYI_TERM_RESOURCE {"event":"end","phase":"resize","kind":"old","pid":59856,"elapsed_ms":19744.576,"draws":367,"turns":1435}

POTYI_TERM_RESOURCE {"event":"phase","phase":"copy_selected","kind":"old","pid":59856,"elapsed_ms":19744.627,"draws":367,"turns":1435}

POTYI_TERM_RESOURCE {"event":"operation","phase":"copy_selected","kind":"old","duration_ms":0.018,"copied_bytes":4096}

POTYI_TERM_RESOURCE {"event":"end","phase":"copy_selected","kind":"old","pid":59856,"elapsed_ms":20495.547,"draws":368,"turns":1437}

POTYI_TERM_RESOURCE {"event":"phase","phase":"copy_all","kind":"old","pid":59856,"elapsed_ms":20495.620,"draws":368,"turns":1437}

POTYI_TERM_RESOURCE {"event":"operation","phase":"copy_all","kind":"old","duration_ms":13.038,"copied_bytes":8388494}

POTYI_TERM_RESOURCE {"event":"end","phase":"copy_all","kind":"old","pid":59856,"elapsed_ms":21258.807,"draws":368,"turns":1439}

POTYI_TERM_RESOURCE {"event":"phase","phase":"copied_idle","kind":"old","pid":59856,"elapsed_ms":21258.847,"draws":368,"turns":1439}

POTYI_TERM_RESOURCE {"event":"end","phase":"copied_idle","kind":"old","pid":59856,"elapsed_ms":23258.990,"draws":368,"turns":1441}

POTYI_TERM_RESOURCE {"event":"done","phase":"done","kind":"old","pid":59856,"elapsed_ms":23259.054,"draws":368,"turns":1441}
ok

test result: ok. 1 passed; 0 failed; 0 ignored; 0 measured; 908 filtered out; finished in 23.33s

