
running 1 test
test app::input::tests::terminal_resource_probe::matched_terminal_resource_probe ... 
POTYI_TERM_RESOURCE {"event":"ready","phase":"ready","kind":"new","pid":97934,"elapsed_ms":43.911,"draws":5,"turns":5}

POTYI_TERM_RESOURCE {"event":"phase","phase":"idle","kind":"new","pid":97934,"elapsed_ms":44.005,"draws":5,"turns":5}

POTYI_TERM_RESOURCE {"event":"end","phase":"idle","kind":"new","pid":97934,"elapsed_ms":2044.665,"draws":5,"turns":7}

POTYI_TERM_RESOURCE {"event":"phase","phase":"small_command","kind":"new","pid":97934,"elapsed_ms":2044.739,"draws":5,"turns":7}

POTYI_TERM_RESOURCE {"event":"operation","phase":"small_command","kind":"new","duration_ms":202.114}

POTYI_TERM_RESOURCE {"event":"end","phase":"small_command","kind":"new","pid":97934,"elapsed_ms":2246.885,"draws":10,"turns":79}

POTYI_TERM_RESOURCE {"event":"phase","phase":"small_idle","kind":"new","pid":97934,"elapsed_ms":2246.895,"draws":10,"turns":79}

POTYI_TERM_RESOURCE {"event":"end","phase":"small_idle","kind":"new","pid":97934,"elapsed_ms":4247.721,"draws":10,"turns":82}

POTYI_TERM_RESOURCE {"event":"phase","phase":"stream_first","kind":"new","pid":97934,"elapsed_ms":4247.775,"draws":10,"turns":82}

POTYI_TERM_RESOURCE {"event":"operation","phase":"stream_first","kind":"new","duration_ms":2908.008}

POTYI_TERM_RESOURCE {"event":"end","phase":"stream_first","kind":"new","pid":97934,"elapsed_ms":7155.810,"draws":174,"turns":13233}

POTYI_TERM_RESOURCE {"event":"phase","phase":"plateau_first","kind":"new","pid":97934,"elapsed_ms":7155.826,"draws":174,"turns":13233}

POTYI_TERM_RESOURCE {"event":"end","phase":"plateau_first","kind":"new","pid":97934,"elapsed_ms":9156.227,"draws":174,"turns":13235}

POTYI_TERM_RESOURCE {"event":"phase","phase":"stream_second","kind":"new","pid":97934,"elapsed_ms":9156.270,"draws":174,"turns":13235}

POTYI_TERM_RESOURCE {"event":"operation","phase":"stream_second","kind":"new","duration_ms":2880.813}

POTYI_TERM_RESOURCE {"event":"end","phase":"stream_second","kind":"new","pid":97934,"elapsed_ms":12037.104,"draws":334,"turns":27730}

POTYI_TERM_RESOURCE {"event":"phase","phase":"plateau_second","kind":"new","pid":97934,"elapsed_ms":12037.114,"draws":334,"turns":27730}

POTYI_TERM_RESOURCE {"event":"end","phase":"plateau_second","kind":"new","pid":97934,"elapsed_ms":14037.461,"draws":334,"turns":27733}

POTYI_TERM_RESOURCE {"event":"phase","phase":"stream_third","kind":"new","pid":97934,"elapsed_ms":14037.511,"draws":334,"turns":27733}

POTYI_TERM_RESOURCE {"event":"operation","phase":"stream_third","kind":"new","duration_ms":2910.179}

POTYI_TERM_RESOURCE {"event":"end","phase":"stream_third","kind":"new","pid":97934,"elapsed_ms":16947.716,"draws":497,"turns":43920}

POTYI_TERM_RESOURCE {"event":"phase","phase":"plateau_third","kind":"new","pid":97934,"elapsed_ms":16947.728,"draws":497,"turns":43920}

POTYI_TERM_RESOURCE {"event":"end","phase":"plateau_third","kind":"new","pid":97934,"elapsed_ms":18948.293,"draws":497,"turns":43923}

POTYI_TERM_RESOURCE {"event":"phase","phase":"resize","kind":"new","pid":97934,"elapsed_ms":18948.314,"draws":497,"turns":43923}

POTYI_TERM_RESOURCE {"event":"operation","phase":"resize","kind":"new","duration_ms":2410.509,"resizes":9}

POTYI_TERM_RESOURCE {"event":"end","phase":"resize","kind":"new","pid":97934,"elapsed_ms":21358.855,"draws":667,"turns":79167}

POTYI_TERM_RESOURCE {"event":"phase","phase":"copy_selected","kind":"new","pid":97934,"elapsed_ms":21358.965,"draws":667,"turns":79167}

POTYI_TERM_RESOURCE {"event":"operation","phase":"copy_selected","kind":"new","duration_ms":1.444,"copied_bytes":4096}

POTYI_TERM_RESOURCE {"event":"end","phase":"copy_selected","kind":"new","pid":97934,"elapsed_ms":22110.861,"draws":669,"turns":79171}

POTYI_TERM_RESOURCE {"event":"phase","phase":"copy_all","kind":"new","pid":97934,"elapsed_ms":22110.904,"draws":669,"turns":79171}

POTYI_TERM_RESOURCE {"event":"operation","phase":"copy_all","kind":"new","duration_ms":46.488,"copied_bytes":4785422}

POTYI_TERM_RESOURCE {"event":"end","phase":"copy_all","kind":"new","pid":97934,"elapsed_ms":22907.579,"draws":671,"turns":79176}

POTYI_TERM_RESOURCE {"event":"phase","phase":"copied_idle","kind":"new","pid":97934,"elapsed_ms":22907.639,"draws":671,"turns":79176}

POTYI_TERM_RESOURCE {"event":"end","phase":"copied_idle","kind":"new","pid":97934,"elapsed_ms":24907.839,"draws":671,"turns":79178}

POTYI_TERM_RESOURCE {"event":"done","phase":"done","kind":"new","pid":97934,"elapsed_ms":24907.867,"draws":671,"turns":79178}
ok

test result: ok. 1 passed; 0 failed; 0 ignored; 0 measured; 900 filtered out; finished in 24.99s

