POTYI_TERM_TRACE pid=40009 operation=complete stage=client_enter elapsed_us=66
POTYI_TERM_TRACE pid=40009 operation=complete stage=encoded elapsed_us=422
POTYI_TERM_TRACE pid=40009 operation=complete stage=connected elapsed_us=1014
POTYI_TERM_TRACE pid=40009 operation=complete stage=sent elapsed_us=1047
POTYI_TERM_TRACE pid=40009 operation=complete stage=replied elapsed_us=1623
POTYI_TERM_TRACE pid=40009 operation=complete stage=completed elapsed_us=1650
POTYI_TERM_TRACE pid=40022 operation=complete stage=client_enter elapsed_us=64
POTYI_TERM_TRACE pid=40022 operation=complete stage=encoded elapsed_us=203
POTYI_TERM_TRACE pid=40022 operation=complete stage=connected elapsed_us=807
POTYI_TERM_TRACE pid=40022 operation=complete stage=sent elapsed_us=839
POTYI_TERM_TRACE pid=40022 operation=complete stage=replied elapsed_us=1336
POTYI_TERM_TRACE pid=40022 operation=complete stage=completed elapsed_us=1377
POTYI_TERM_TRACE pid=40030 operation=complete stage=client_enter elapsed_us=66
POTYI_TERM_TRACE pid=40030 operation=complete stage=encoded elapsed_us=224
POTYI_TERM_TRACE pid=40030 operation=complete stage=connected elapsed_us=787
POTYI_TERM_TRACE pid=40030 operation=complete stage=sent elapsed_us=819
POTYI_TERM_TRACE pid=40030 operation=complete stage=replied elapsed_us=1299
POTYI_TERM_TRACE pid=40030 operation=complete stage=completed elapsed_us=1328
POTYI_TERM_TRACE pid=40043 operation=complete stage=client_enter elapsed_us=63
POTYI_TERM_TRACE pid=40043 operation=complete stage=encoded elapsed_us=201
POTYI_TERM_TRACE pid=40043 operation=complete stage=connected elapsed_us=789
POTYI_TERM_TRACE pid=40043 operation=complete stage=sent elapsed_us=837
POTYI_TERM_TRACE pid=40043 operation=complete stage=replied elapsed_us=1248
POTYI_TERM_TRACE pid=40043 operation=complete stage=completed elapsed_us=1281
POTYI_TERM_TRACE pid=40051 operation=complete stage=client_enter elapsed_us=62
POTYI_TERM_TRACE pid=40051 operation=complete stage=encoded elapsed_us=184
POTYI_TERM_TRACE pid=40051 operation=complete stage=connected elapsed_us=587
POTYI_TERM_TRACE pid=40051 operation=complete stage=sent elapsed_us=679
POTYI_TERM_TRACE pid=40051 operation=complete stage=replied elapsed_us=947
POTYI_TERM_TRACE pid=40051 operation=complete stage=completed elapsed_us=984
POTYI_TERM_TRACE pid=40059 operation=complete stage=client_enter elapsed_us=60
POTYI_TERM_TRACE pid=40059 operation=complete stage=encoded elapsed_us=168
POTYI_TERM_TRACE pid=40059 operation=complete stage=connected elapsed_us=724
POTYI_TERM_TRACE pid=40059 operation=complete stage=sent elapsed_us=755
POTYI_TERM_TRACE pid=40059 operation=complete stage=replied elapsed_us=1114
POTYI_TERM_TRACE pid=40059 operation=complete stage=completed elapsed_us=1141
