1791549743.8046300411 id=1 stage=dispatch_read
1791549743.8130741119 id=1 stage=after_mv
1791549743.8133800030 id=1 stage=before_command_stty
1791549743.8191521168 id=1 stage=after_command_stty
1791549743.8227140903 id=1 stage=after_directory
1791549743.8254768848 id=1 stage=before_cat
1791549743.8309149742 id=1 stage=before_child_exec
1791549743.8448250294 id=1 stage=after_child
1791549743.8451418877 id=1 stage=before_rm
1791549743.8561959267 id=1 stage=after_rm
1791549743.8595829010 id=1 stage=before_complete_stty
1791549743.8670589924 id=1 stage=after_complete_stty
1791549743.8710188866 id=1 stage=before_helper
1791549743.9348421097 id=1 stage=after_helper
1791549743.9377288818 id=2 stage=dispatch_read
1791549743.9434950352 id=2 stage=after_mv
1791549743.9463279247 id=2 stage=before_command_stty
1791549743.9522459507 id=2 stage=after_command_stty
1791549743.9540550709 id=2 stage=after_directory
1791549743.9573700428 id=2 stage=before_cat
1791549743.9634599686 id=2 stage=before_child_exec
1791549743.9718830585 id=2 stage=after_child
1791549743.9764740467 id=2 stage=before_rm
1791549743.9829940796 id=2 stage=after_rm
1791549743.9853749275 id=2 stage=before_complete_stty
1791549743.9910318851 id=2 stage=after_complete_stty
1791549743.9941480160 id=2 stage=before_helper
1791549744.0279970169 id=2 stage=after_helper
1791549744.0283899307 id=3 stage=dispatch_read
1791549744.0352249146 id=3 stage=after_mv
1791549744.0385520458 id=3 stage=before_command_stty
1791549744.0441889763 id=3 stage=after_command_stty
1791549744.0481710434 id=3 stage=after_directory
1791549744.0519859791 id=3 stage=before_cat
1791549744.0577499866 id=3 stage=before_child_exec
1791549744.0662550926 id=3 stage=after_child
1791549744.0718100071 id=3 stage=before_rm
1791549744.0782558918 id=3 stage=after_rm
1791549744.0814530849 id=3 stage=before_complete_stty
1791549744.0882620811 id=3 stage=after_complete_stty
1791549744.0916659832 id=3 stage=before_helper
1791549744.1275930405 id=3 stage=after_helper
1791549744.1312429905 id=4 stage=dispatch_read
1791549744.1376829147 id=4 stage=after_mv
1791549744.1398921013 id=4 stage=before_command_stty
1791549744.1456429958 id=4 stage=after_command_stty
1791549744.1478669643 id=4 stage=after_directory
1791549744.1537499428 id=4 stage=before_cat
1791549744.1621229649 id=4 stage=before_child_exec
1791549744.1731450558 id=4 stage=after_child
1791549744.1783530712 id=4 stage=before_rm
1791549744.1846590042 id=4 stage=after_rm
1791549744.1875081062 id=4 stage=before_complete_stty
1791549744.1927170753 id=4 stage=after_complete_stty
1791549744.1957650185 id=4 stage=before_helper
1791549744.2292699814 id=4 stage=after_helper
1791549744.2334620953 id=5 stage=dispatch_read
1791549744.2396318913 id=5 stage=after_mv
1791549744.2467789650 id=5 stage=before_command_stty
1791549744.2528250217 id=5 stage=after_command_stty
1791549744.2566299438 id=5 stage=after_directory
1791549744.2604138851 id=5 stage=before_cat
1791549744.2666618824 id=5 stage=before_child_exec
1791549744.2752668858 id=5 stage=after_child
1791549744.2783548832 id=5 stage=before_rm
1791549744.2850999832 id=5 stage=after_rm
1791549744.2884080410 id=5 stage=before_complete_stty
1791549744.2935469151 id=5 stage=after_complete_stty
1791549744.2967059612 id=5 stage=before_helper
1791549744.3290190697 id=5 stage=after_helper
1791549744.3294088840 id=6 stage=dispatch_read
1791549744.3360979557 id=6 stage=after_mv
1791549744.3423819542 id=6 stage=before_command_stty
1791549744.3482570648 id=6 stage=after_command_stty
1791549744.3516609669 id=6 stage=after_directory
1791549744.3548409939 id=6 stage=before_cat
1791549744.3608629704 id=6 stage=before_child_exec
1791549744.3694899082 id=6 stage=after_child
1791549744.3727190495 id=6 stage=before_rm
1791549744.3788950443 id=6 stage=after_rm
1791549744.3819050789 id=6 stage=before_complete_stty
1791549744.3870649338 id=6 stage=after_complete_stty
1791549744.3883860111 id=6 stage=before_helper
1791549744.4176599979 id=6 stage=after_helper
