   Compiling potyi-terminal-backend-check v0.0.0 (/workspace/tools/qa/terminal-backend)
    Finished `dev` profile [unoptimized + debuginfo] target(s) in 3.05s
   Compiling potyi-terminal-backend-check v0.0.0 (/workspace/tools/qa/terminal-backend)
    Finished `test` profile [unoptimized + debuginfo] target(s) in 5.50s
     Running unittests src/lib.rs (/build/debug/deps/potyi_terminal_backend_check-07d5890152e3902e)

running 106 tests
test bridge::tests::authenticated_bridge_completions_have_explicit_ids_status_and_cwd ... ok
test bridge::tests::authenticated_bridge_rejects_foreign_requests_and_keeps_unicode_paths ... ok
test browser::tests::browser_and_terminal_share_ordered_storage_and_single_clear_epoch ... ok
test browser::tests::browser_cancelled_workers_cannot_apply_stale_rows_or_cwd ... ok
test browser::tests::browser_default_listing_preserves_paths_hidden_parent_and_file_types ... ok
test browser::tests::browser_disk_store_and_completion_remain_bounded ... ok
test browser::tests::browser_git_colours_are_requested_after_names_and_do_not_lock_the_index ... ok
test browser::tests::browser_native_commands_keep_existing_files_and_refresh_completion ... ok
test browser::tests::browser_native_path_records_roundtrip_without_utf8_loss ... ok
test browser::tests::browser_retained_links_survive_cd_and_navigation_checks_literal_locations ... ok
test browser::tests::browser_shell_expressions_and_executables_are_not_intercepted ... ok
test browser::tests::native_packing_metadata_keeps_modes_unicode_width_and_git_replacements ... ok
test browser::tests::synchronous_native_command_cancels_previous_source_before_starting ... ok
test diagnostic_links::tests::absolute_live_diagnostics_work_but_source_boundaries_never_join ... ok
test diagnostic_links::tests::cancellation_clear_stale_unicode_offset_and_hard_newlines_are_safe ... ok
test diagnostic_links::tests::existing_literal_colon_filename_takes_precedence_over_location_parsing ... ok
test diagnostic_links::tests::job_returns_one_result_and_has_no_permanent_index ... ok
test diagnostic_links::tests::logical_line_size_and_row_limits_reject_partial_filename_fragments ... ok
test diagnostic_links::tests::physical_soft_wrap_and_visual_byte_anchors_resolve_as_one_line ... ok
test diagnostic_links::tests::quoted_and_spaced_unicode_diagnostics_keep_numeric_suffix_and_click_range ... FAILED
test diagnostic_links::tests::relative_diagnostics_require_completed_matching_origin_and_safety_flag ... ok
test git_detail::tests::cancellation_releases_full_queues_and_never_writes_into_a_replaced_view ... ok
test git_detail::tests::exact_hash_links_require_saved_git_context_and_a_complete_token ... ok
test git_detail::tests::git_encoded_metadata_does_not_create_browsing_paths ... ok
test git_detail::tests::git_row_context_survives_header_eviction_and_metadata_is_validated ... ok
test git_detail::tests::line_decoding_and_git_colors_are_chunk_independent_and_bounded ... ok
test git_detail::tests::log_links_open_full_saved_detail_without_touching_the_base_store ... ok
test git_detail::tests::native_git_diff_and_status_keep_their_colors_and_exit_status ... ok
test git_detail::tests::request_retains_repository_options_and_leaves_shell_and_other_git_alone ... ok
test history::tests::file_history_clear_reuses_the_file_and_preserves_row_metadata ... ok
test history::tests::file_history_wraps_data_and_disk_index_with_constant_work_buffers ... ok
test history::tests::metadata_replacement_preserves_ring_ids_and_future_appends ... ok
test layout::tests::ansi_styles_survive_reflow_in_bounded_runs ... ok
test layout::tests::continuous_append_color_and_follow_targets_publish_bounded_frames ... ok
test layout::tests::continuously_mutating_initial_tail_finishes_captured_index_passes ... ok
test layout::tests::eviction_and_clear_reject_old_anchors_and_do_not_grow_the_index ... ok
test layout::tests::huge_tab_runs_and_dense_style_changes_stay_inside_projection_budget ... ok
test layout::tests::live_grid_bounds_and_primary_snapshot_do_not_duplicate_disk_history ... ok
test layout::tests::native_columns_are_row_major_and_padding_has_no_source_anchor ... ok
test layout::tests::one_per_line_and_recursive_headers_stop_packing ... ok
test layout::tests::repeated_live_updates_preserve_a_ready_scrolled_frame_during_rewind ... ok
test layout::tests::resize_append_and_color_only_revision_preserve_logical_positions ... ok
test layout::tests::saved_live_seam_and_incremental_sealing_keep_future_ids_stable ... ok
test layout::tests::sparse_checkpoints_and_visible_projection_are_fixed_bounded_caches ... ok
test layout::tests::terminal_soft_wrap_seams_keep_byte_anchors_and_command_boundaries ... ok
test layout::tests::token_across_saved_physical_rows_is_one_reflowable_line ... ok
test layout::tests::vertical_navigation_is_independent_of_viewport_requests ... ok
test layout::tests::word_wrap_retains_unicode_combining_tabs_long_words_and_blank_lines ... ok
test lifecycle::tests::lifecycle_rejects_overlapping_and_stale_completions_and_cleans_private_files ... ok
test links::tests::file_links_keep_spaces_unicode_and_diagnostic_locations ... ok
test output_selection::tests::conventional_and_vim_keys_return_layout_requests_and_visual_copy_ranges ... ok
test output_selection::tests::copy_capacity_stays_within_cap_near_non_power_of_two_row_sizes ... ok
test output_selection::tests::double_word_triple_line_and_shift_drag_use_logical_anchors ... ok
test output_selection::tests::future_tail_ids_keep_selection_when_snapshot_rows_become_committed ... ok
test output_selection::tests::logical_movement_uses_utf8_and_treats_soft_wrap_as_one_line ... ok
test output_selection::tests::long_word_navigation_decodes_each_record_only_once ... ok
test output_selection::tests::selected_and_all_copy_join_wraps_without_ansi_and_fail_atomically_at_cap ... ok
test output_selection::tests::selection_survives_append_reflow_and_clamps_only_eviction_or_clear ... ok
test output_selection::tests::soft_wrap_cannot_join_a_different_source_or_native_record ... ok
test output_selection::tests::stale_mouse_and_navigation_targets_never_rebind_after_clear ... ok
test prompt::tests::owned_prompt_clear_preserves_command_history ... ok
test prompt::tests::owned_prompt_completion_preserves_tail_and_cycles_both_directions ... ok
test prompt::tests::owned_prompt_edits_unicode_and_restores_history_draft ... ok
test prompt::tests::owned_prompt_external_and_executable_paths_never_gain_shell_expansion ... ok
test prompt::tests::owned_prompt_storage_has_byte_limits_and_keeps_utf8_boundaries ... ok
test session::tests::experimental_terminal_cd_and_resize_reach_the_real_pty ... ok
test session::tests::experimental_terminal_clear_discards_pending_seal_without_resurrecting_old_tail ... ok
test session::tests::experimental_terminal_clear_keeps_active_input_and_captures_future_output_in_new_epoch ... ok
test session::tests::experimental_terminal_closing_a_flooded_session_releases_blocked_output_workers ... ok
test session::tests::experimental_terminal_control_strings_have_fixed_storage_and_recover ... ok
test session::tests::experimental_terminal_ctrl_c_interrupts_a_job_and_shell_remains_usable ... ok
test session::tests::experimental_terminal_decodes_fragmented_unicode_overwrites_and_alternate_screen ... ok
test session::tests::experimental_terminal_disk_view_keeps_its_position_during_output_and_alternate_screen ... ok
test session::tests::experimental_terminal_disk_view_matches_cells_and_wraps_of_a_reference_parser ... ok
test session::tests::experimental_terminal_drop_terminates_and_reaps_its_shell ... ok
test session::tests::experimental_terminal_end_marker_recovers_fragmented_incomplete_controls_and_snapshots_once ... ok
test session::tests::experimental_terminal_history_survives_reset_and_excludes_alternate_screen ... ok
test session::tests::experimental_terminal_history_uses_disk_and_only_decodes_visible_rows ... ok
test session::tests::experimental_terminal_large_control_counts_stop_at_the_screen_boundary ... ok
test session::tests::experimental_terminal_large_paste_is_rejected_atomically_and_empty_paste_is_idle ... ok
test session::tests::experimental_terminal_line_controls_preserve_rows_outside_the_scroll_region ... ok
test session::tests::experimental_terminal_managed_completion_preserves_environment_and_verified_cwd ... ok
test session::tests::experimental_terminal_managed_dispatch_survives_changed_path_and_cd_function ... ok
test session::tests::experimental_terminal_managed_exit_never_claims_idle_before_session_closes ... ok
test session::tests::experimental_terminal_managed_helper_failure_closes_instead_of_guessing_idle ... ok
test session::tests::experimental_terminal_managed_interrupt_has_an_explicit_completion_and_remains_usable ... ok
test session::tests::experimental_terminal_managed_leftover_stdin_cannot_replay_or_poison_dispatch ... ok
test session::tests::experimental_terminal_managed_prompt_keeps_stdin_owned_by_running_command ... ok
test session::tests::experimental_terminal_managed_raw_tty_is_restored_before_next_dispatch ... ok
test session::tests::experimental_terminal_managed_syntax_errors_complete_without_losing_the_shell ... ok
test session::tests::experimental_terminal_persistent_shell_accepts_interactive_input_and_keeps_environment ... ok
test session::tests::experimental_terminal_pipe_text_keeps_each_stream_utf8_complete_and_normalizes_lf ... ok
test session::tests::experimental_terminal_selection_keeps_future_tail_ids_while_sealing_to_disk ... ok
test session::tests::experimental_terminal_shared_eof_seals_partial_primary_tail_and_releases_input ... ok
test session::tests::experimental_terminal_shared_transcript_waits_for_marker_and_seals_scrollout_tail_once ... ok
test session::tests::experimental_terminal_unmatched_end_markers_and_vt_clears_preserve_shared_records ... ok
test session::tests::experimental_terminal_workers_coalesce_wakeups_and_quiet_session_has_no_work ... ok
test transcript::tests::batch_reads_bound_rows_and_metadata_plus_payload_bytes ... ok
test transcript::tests::clear_invalidates_empty_views_and_never_reuses_record_ids ... ok
test transcript::tests::complete_record_size_is_validated_before_eviction_or_id_allocation ... ok
test transcript::tests::eviction_keeps_absolute_ids_and_memory_buffers_bounded ... ok
test transcript::tests::full_bounded_command_header_is_preserved_with_directory_metadata ... ok
test transcript::tests::native_directory_bytes_survive_round_trip ... ok
test transcript::tests::native_replacement_changes_revision_without_moving_anchors ... ok
test transcript::tests::shared_owners_append_to_one_ordered_store ... ok
test transcript::tests::typed_records_keep_order_sources_directories_and_terminal_metadata ... ok

failures:

---- diagnostic_links::tests::quoted_and_spaced_unicode_diagnostics_keep_numeric_suffix_and_click_range stdout ----

thread 'diagnostic_links::tests::quoted_and_spaced_unicode_diagnostics_keep_numeric_suffix_and_click_range' (578) panicked at src/../../../../src/experimental_terminal/diagnostic_links_tests.rs:44:52:
called `Option::unwrap()` on a `None` value
note: run with `RUST_BACKTRACE=1` environment variable to display a backtrace


failures:
    diagnostic_links::tests::quoted_and_spaced_unicode_diagnostics_keep_numeric_suffix_and_click_range

test result: FAILED. 105 passed; 1 failed; 0 ignored; 0 measured; 0 filtered out; finished in 3.47s

error: test failed, to rerun pass `--lib`
