
running 1 test
test app::input::tests::terminal_startup_probe::matched_terminal_startup_probe ... 
POTYI_TERM_STARTUP {"command_source":"built-in small command","event":"context","fixture_setup_measured":false,"helper_trace_included":false,"kind":"old","pid":11265,"video_driver":"dummy","visible":false,"warm_commands":5}

POTYI_TERM_STARTUP {"command_sequence":null,"draws":0,"duration_ms":null,"elapsed_ms":0.217667,"event":"phase","kind":"old","phase":"pane_create","pid":11265,"turns":0,"visible":false}

POTYI_TERM_STARTUP {"command_sequence":null,"draws":0,"duration_ms":0.99175,"elapsed_ms":1.279625,"event":"open_return","kind":"old","phase":"pane_create","pid":11265,"turns":0,"visible":false}

POTYI_TERM_STARTUP {"command_sequence":null,"draws":0,"duration_ms":null,"elapsed_ms":1.321,"event":"legacy_open_ready","kind":"old","phase":"pane_create","pid":11265,"turns":0,"visible":false}

POTYI_TERM_STARTUP {"command_sequence":null,"draws":2,"duration_ms":4.480208,"elapsed_ms":4.76775,"event":"viewport_settled","kind":"old","phase":"pane_create","pid":11265,"turns":1,"visible":false}

POTYI_TERM_STARTUP {"command_sequence":null,"draws":2,"duration_ms":null,"elapsed_ms":4.808332999999999,"event":"end","kind":"old","phase":"pane_create","pid":11265,"turns":1,"visible":false}

POTYI_TERM_STARTUP {"command_sequence":null,"draws":2,"duration_ms":null,"elapsed_ms":4.848958,"event":"phase","kind":"old","phase":"clear","pid":11265,"turns":1,"visible":false}

POTYI_TERM_STARTUP {"command_sequence":null,"draws":3,"duration_ms":1.423542,"elapsed_ms":6.321542,"event":"operation","kind":"old","phase":"clear","pid":11265,"turns":2,"visible":false}

POTYI_TERM_STARTUP {"command_sequence":null,"draws":3,"duration_ms":null,"elapsed_ms":6.361999999999999,"event":"end","kind":"old","phase":"clear","pid":11265,"turns":2,"visible":false}

POTYI_TERM_STARTUP {"command_sequence":0,"draws":3,"duration_ms":null,"elapsed_ms":6.410125,"event":"phase","kind":"old","phase":"first_command","pid":11265,"turns":2,"visible":false}

POTYI_TERM_STARTUP {"command_sequence":0,"draws":3,"duration_ms":1.112458,"elapsed_ms":7.564833,"event":"submitted","kind":"old","phase":"first_command","pid":11265,"turns":2,"visible":false}

POTYI_TERM_STARTUP {"command_sequence":0,"draws":6,"duration_ms":19.345708,"elapsed_ms":25.799667,"event":"operation","kind":"old","phase":"first_command","pid":11265,"turns":6,"visible":false}

POTYI_TERM_STARTUP {"command_sequence":0,"draws":6,"duration_ms":null,"elapsed_ms":25.855667,"event":"end","kind":"old","phase":"first_command","pid":11265,"turns":6,"visible":false}

POTYI_TERM_STARTUP {"command_sequence":1,"draws":6,"duration_ms":null,"elapsed_ms":25.903417,"event":"phase","kind":"old","phase":"warm_command_01","pid":11265,"turns":6,"visible":false}

POTYI_TERM_STARTUP {"command_sequence":1,"draws":6,"duration_ms":0.743209,"elapsed_ms":26.685958,"event":"submitted","kind":"old","phase":"warm_command_01","pid":11265,"turns":6,"visible":false}

POTYI_TERM_STARTUP {"command_sequence":1,"draws":8,"duration_ms":16.592792,"elapsed_ms":42.5365,"event":"operation","kind":"old","phase":"warm_command_01","pid":11265,"turns":9,"visible":false}

POTYI_TERM_STARTUP {"command_sequence":1,"draws":8,"duration_ms":null,"elapsed_ms":42.585792,"event":"end","kind":"old","phase":"warm_command_01","pid":11265,"turns":9,"visible":false}

POTYI_TERM_STARTUP {"command_sequence":2,"draws":8,"duration_ms":null,"elapsed_ms":42.629,"event":"phase","kind":"old","phase":"warm_command_02","pid":11265,"turns":9,"visible":false}

POTYI_TERM_STARTUP {"command_sequence":2,"draws":8,"duration_ms":0.6849580000000001,"elapsed_ms":43.353042,"event":"submitted","kind":"old","phase":"warm_command_02","pid":11265,"turns":9,"visible":false}

POTYI_TERM_STARTUP {"command_sequence":2,"draws":10,"duration_ms":16.527,"elapsed_ms":59.195541999999996,"event":"operation","kind":"old","phase":"warm_command_02","pid":11265,"turns":11,"visible":false}

POTYI_TERM_STARTUP {"command_sequence":2,"draws":10,"duration_ms":null,"elapsed_ms":59.243167,"event":"end","kind":"old","phase":"warm_command_02","pid":11265,"turns":11,"visible":false}

POTYI_TERM_STARTUP {"command_sequence":3,"draws":10,"duration_ms":null,"elapsed_ms":59.292125,"event":"phase","kind":"old","phase":"warm_command_03","pid":11265,"turns":11,"visible":false}

POTYI_TERM_STARTUP {"command_sequence":3,"draws":10,"duration_ms":0.735875,"elapsed_ms":60.068667,"event":"submitted","kind":"old","phase":"warm_command_03","pid":11265,"turns":11,"visible":false}

POTYI_TERM_STARTUP {"command_sequence":3,"draws":12,"duration_ms":16.582666999999997,"elapsed_ms":75.915667,"event":"operation","kind":"old","phase":"warm_command_03","pid":11265,"turns":13,"visible":false}

POTYI_TERM_STARTUP {"command_sequence":3,"draws":12,"duration_ms":null,"elapsed_ms":75.960875,"event":"end","kind":"old","phase":"warm_command_03","pid":11265,"turns":13,"visible":false}

POTYI_TERM_STARTUP {"command_sequence":4,"draws":12,"duration_ms":null,"elapsed_ms":76.004125,"event":"phase","kind":"old","phase":"warm_command_04","pid":11265,"turns":13,"visible":false}

POTYI_TERM_STARTUP {"command_sequence":4,"draws":12,"duration_ms":0.709709,"elapsed_ms":76.752542,"event":"submitted","kind":"old","phase":"warm_command_04","pid":11265,"turns":13,"visible":false}

POTYI_TERM_STARTUP {"command_sequence":4,"draws":14,"duration_ms":19.768,"elapsed_ms":95.811667,"event":"operation","kind":"old","phase":"warm_command_04","pid":11265,"turns":16,"visible":false}

POTYI_TERM_STARTUP {"command_sequence":4,"draws":14,"duration_ms":null,"elapsed_ms":95.858208,"event":"end","kind":"old","phase":"warm_command_04","pid":11265,"turns":16,"visible":false}

POTYI_TERM_STARTUP {"command_sequence":5,"draws":14,"duration_ms":null,"elapsed_ms":95.91104200000001,"event":"phase","kind":"old","phase":"warm_command_05","pid":11265,"turns":16,"visible":false}

POTYI_TERM_STARTUP {"command_sequence":5,"draws":14,"duration_ms":0.787458,"elapsed_ms":96.740792,"event":"submitted","kind":"old","phase":"warm_command_05","pid":11265,"turns":16,"visible":false}

POTYI_TERM_STARTUP {"command_sequence":5,"draws":16,"duration_ms":19.094583,"elapsed_ms":115.049042,"event":"operation","kind":"old","phase":"warm_command_05","pid":11265,"turns":19,"visible":false}

POTYI_TERM_STARTUP {"command_sequence":5,"draws":16,"duration_ms":null,"elapsed_ms":115.094667,"event":"end","kind":"old","phase":"warm_command_05","pid":11265,"turns":19,"visible":false}

POTYI_TERM_STARTUP {"command_sequence":null,"draws":16,"duration_ms":null,"elapsed_ms":115.148208,"event":"done","kind":"old","phase":"done","pid":11265,"turns":19,"visible":false}
ok

test result: ok. 1 passed; 0 failed; 0 ignored; 0 measured; 907 filtered out; finished in 0.13s

