
running 1 test
test app::input::tests::terminal_startup_probe::matched_terminal_startup_probe ... 
POTYI_TERM_STARTUP {"command_source":"built-in small command","event":"context","fixture_setup_measured":false,"helper_trace_included":false,"kind":"new","pid":11555,"video_driver":"dummy","visible":false,"warm_commands":5}

POTYI_TERM_STARTUP {"command_sequence":null,"draws":0,"duration_ms":null,"elapsed_ms":0.18812500000000001,"event":"phase","kind":"new","phase":"pane_create","pid":11555,"turns":0,"visible":false}

POTYI_TERM_STARTUP {"command_sequence":null,"draws":0,"duration_ms":7.18525,"elapsed_ms":7.438208,"event":"open_return","kind":"new","phase":"pane_create","pid":11555,"turns":0,"visible":false}

POTYI_TERM_STARTUP {"command_sequence":null,"draws":2,"duration_ms":null,"elapsed_ms":40.60075,"event":"session_ready","kind":"new","phase":"pane_create","pid":11555,"turns":3,"visible":false}

POTYI_TERM_STARTUP {"command_sequence":null,"draws":4,"duration_ms":41.449042,"elapsed_ms":41.700167,"event":"viewport_settled","kind":"new","phase":"pane_create","pid":11555,"turns":4,"visible":false}

POTYI_TERM_STARTUP {"command_sequence":null,"draws":4,"duration_ms":null,"elapsed_ms":41.742792,"event":"end","kind":"new","phase":"pane_create","pid":11555,"turns":4,"visible":false}

POTYI_TERM_STARTUP {"command_sequence":null,"draws":4,"duration_ms":null,"elapsed_ms":41.798750000000005,"event":"phase","kind":"new","phase":"clear","pid":11555,"turns":4,"visible":false}

POTYI_TERM_STARTUP {"command_sequence":null,"draws":5,"duration_ms":0.730166,"elapsed_ms":42.568625,"event":"operation","kind":"new","phase":"clear","pid":11555,"turns":5,"visible":false}

POTYI_TERM_STARTUP {"command_sequence":null,"draws":5,"duration_ms":null,"elapsed_ms":42.613042,"event":"end","kind":"new","phase":"clear","pid":11555,"turns":5,"visible":false}

POTYI_TERM_STARTUP {"command_sequence":0,"draws":5,"duration_ms":null,"elapsed_ms":42.660333,"event":"phase","kind":"new","phase":"first_command","pid":11555,"turns":5,"visible":false}

POTYI_TERM_STARTUP {"command_sequence":0,"draws":5,"duration_ms":1.272,"elapsed_ms":43.976792,"event":"submitted","kind":"new","phase":"first_command","pid":11555,"turns":5,"visible":false}

POTYI_TERM_STARTUP {"command_sequence":0,"draws":9,"duration_ms":375.006416,"elapsed_ms":417.712042,"event":"operation","kind":"new","phase":"first_command","pid":11555,"turns":13,"visible":false}

POTYI_TERM_STARTUP {"command_sequence":0,"draws":9,"duration_ms":null,"elapsed_ms":417.762583,"event":"end","kind":"new","phase":"first_command","pid":11555,"turns":13,"visible":false}

POTYI_TERM_STARTUP {"command_sequence":1,"draws":9,"duration_ms":null,"elapsed_ms":417.948708,"event":"phase","kind":"new","phase":"warm_command_01","pid":11555,"turns":13,"visible":false}

POTYI_TERM_STARTUP {"command_sequence":1,"draws":9,"duration_ms":0.8185,"elapsed_ms":418.81725,"event":"submitted","kind":"new","phase":"warm_command_01","pid":11555,"turns":13,"visible":false}

POTYI_TERM_STARTUP {"command_sequence":1,"draws":13,"duration_ms":148.07075,"elapsed_ms":566.0705,"event":"operation","kind":"new","phase":"warm_command_01","pid":11555,"turns":22,"visible":false}

POTYI_TERM_STARTUP {"command_sequence":1,"draws":13,"duration_ms":null,"elapsed_ms":566.1181250000001,"event":"end","kind":"new","phase":"warm_command_01","pid":11555,"turns":22,"visible":false}

POTYI_TERM_STARTUP {"command_sequence":2,"draws":13,"duration_ms":null,"elapsed_ms":566.185417,"event":"phase","kind":"new","phase":"warm_command_02","pid":11555,"turns":22,"visible":false}

POTYI_TERM_STARTUP {"command_sequence":2,"draws":13,"duration_ms":2.902,"elapsed_ms":569.130208,"event":"submitted","kind":"new","phase":"warm_command_02","pid":11555,"turns":22,"visible":false}

POTYI_TERM_STARTUP {"command_sequence":2,"draws":17,"duration_ms":159.277625,"elapsed_ms":725.507333,"event":"operation","kind":"new","phase":"warm_command_02","pid":11555,"turns":31,"visible":false}

POTYI_TERM_STARTUP {"command_sequence":2,"draws":17,"duration_ms":null,"elapsed_ms":725.556042,"event":"end","kind":"new","phase":"warm_command_02","pid":11555,"turns":31,"visible":false}

POTYI_TERM_STARTUP {"command_sequence":3,"draws":17,"duration_ms":null,"elapsed_ms":725.6065000000001,"event":"phase","kind":"new","phase":"warm_command_03","pid":11555,"turns":31,"visible":false}

POTYI_TERM_STARTUP {"command_sequence":3,"draws":17,"duration_ms":1.5342909999999998,"elapsed_ms":727.180125,"event":"submitted","kind":"new","phase":"warm_command_03","pid":11555,"turns":31,"visible":false}

POTYI_TERM_STARTUP {"command_sequence":3,"draws":21,"duration_ms":157.187375,"elapsed_ms":882.834667,"event":"operation","kind":"new","phase":"warm_command_03","pid":11555,"turns":40,"visible":false}

POTYI_TERM_STARTUP {"command_sequence":3,"draws":21,"duration_ms":null,"elapsed_ms":882.886042,"event":"end","kind":"new","phase":"warm_command_03","pid":11555,"turns":40,"visible":false}

POTYI_TERM_STARTUP {"command_sequence":4,"draws":21,"duration_ms":null,"elapsed_ms":882.943083,"event":"phase","kind":"new","phase":"warm_command_04","pid":11555,"turns":40,"visible":false}

POTYI_TERM_STARTUP {"command_sequence":4,"draws":21,"duration_ms":0.904083,"elapsed_ms":883.888167,"event":"submitted","kind":"new","phase":"warm_command_04","pid":11555,"turns":40,"visible":false}

POTYI_TERM_STARTUP {"command_sequence":4,"draws":25,"duration_ms":126.048291,"elapsed_ms":1009.0333330000001,"event":"operation","kind":"new","phase":"warm_command_04","pid":11555,"turns":49,"visible":false}

POTYI_TERM_STARTUP {"command_sequence":4,"draws":25,"duration_ms":null,"elapsed_ms":1009.0823330000001,"event":"end","kind":"new","phase":"warm_command_04","pid":11555,"turns":49,"visible":false}

POTYI_TERM_STARTUP {"command_sequence":5,"draws":25,"duration_ms":null,"elapsed_ms":1009.150542,"event":"phase","kind":"new","phase":"warm_command_05","pid":11555,"turns":49,"visible":false}

POTYI_TERM_STARTUP {"command_sequence":5,"draws":25,"duration_ms":0.929667,"elapsed_ms":1010.122333,"event":"submitted","kind":"new","phase":"warm_command_05","pid":11555,"turns":49,"visible":false}

POTYI_TERM_STARTUP {"command_sequence":5,"draws":29,"duration_ms":132.84412500000002,"elapsed_ms":1142.037625,"event":"operation","kind":"new","phase":"warm_command_05","pid":11555,"turns":58,"visible":false}

POTYI_TERM_STARTUP {"command_sequence":5,"draws":29,"duration_ms":null,"elapsed_ms":1142.085292,"event":"end","kind":"new","phase":"warm_command_05","pid":11555,"turns":58,"visible":false}

POTYI_TERM_STARTUP {"command_sequence":null,"draws":29,"duration_ms":null,"elapsed_ms":1142.13675,"event":"done","kind":"new","phase":"done","pid":11555,"turns":58,"visible":false}
ok

test result: ok. 1 passed; 0 failed; 0 ignored; 0 measured; 907 filtered out; finished in 1.16s

