
running 1 test
test app::input::tests::terminal_startup_probe::matched_terminal_startup_probe ... 
POTYI_TERM_STARTUP {"command_source":"built-in small command","event":"context","fixture_setup_measured":false,"helper_trace_included":false,"kind":"old","pid":11548,"video_driver":"dummy","visible":false,"warm_commands":5}

POTYI_TERM_STARTUP {"command_sequence":null,"draws":0,"duration_ms":null,"elapsed_ms":0.17495799999999997,"event":"phase","kind":"old","phase":"pane_create","pid":11548,"turns":0,"visible":false}

POTYI_TERM_STARTUP {"command_sequence":null,"draws":0,"duration_ms":4.465625,"elapsed_ms":4.7056249999999995,"event":"open_return","kind":"old","phase":"pane_create","pid":11548,"turns":0,"visible":false}

POTYI_TERM_STARTUP {"command_sequence":null,"draws":0,"duration_ms":null,"elapsed_ms":4.747999999999999,"event":"legacy_open_ready","kind":"old","phase":"pane_create","pid":11548,"turns":0,"visible":false}

POTYI_TERM_STARTUP {"command_sequence":null,"draws":2,"duration_ms":8.14025,"elapsed_ms":8.380166,"event":"viewport_settled","kind":"old","phase":"pane_create","pid":11548,"turns":1,"visible":false}

POTYI_TERM_STARTUP {"command_sequence":null,"draws":2,"duration_ms":null,"elapsed_ms":8.422708,"event":"end","kind":"old","phase":"pane_create","pid":11548,"turns":1,"visible":false}

POTYI_TERM_STARTUP {"command_sequence":null,"draws":2,"duration_ms":null,"elapsed_ms":8.474832999999999,"event":"phase","kind":"old","phase":"clear","pid":11548,"turns":1,"visible":false}

POTYI_TERM_STARTUP {"command_sequence":null,"draws":3,"duration_ms":2.2085,"elapsed_ms":10.727041,"event":"operation","kind":"old","phase":"clear","pid":11548,"turns":2,"visible":false}

POTYI_TERM_STARTUP {"command_sequence":null,"draws":3,"duration_ms":null,"elapsed_ms":10.786083,"event":"end","kind":"old","phase":"clear","pid":11548,"turns":2,"visible":false}

POTYI_TERM_STARTUP {"command_sequence":0,"draws":3,"duration_ms":null,"elapsed_ms":10.831624999999999,"event":"phase","kind":"old","phase":"first_command","pid":11548,"turns":2,"visible":false}

POTYI_TERM_STARTUP {"command_sequence":0,"draws":3,"duration_ms":1.252542,"elapsed_ms":12.126958,"event":"submitted","kind":"old","phase":"first_command","pid":11548,"turns":2,"visible":false}

POTYI_TERM_STARTUP {"command_sequence":0,"draws":5,"duration_ms":18.164125,"elapsed_ms":29.0395,"event":"operation","kind":"old","phase":"first_command","pid":11548,"turns":5,"visible":false}

POTYI_TERM_STARTUP {"command_sequence":0,"draws":5,"duration_ms":null,"elapsed_ms":29.089625,"event":"end","kind":"old","phase":"first_command","pid":11548,"turns":5,"visible":false}

POTYI_TERM_STARTUP {"command_sequence":1,"draws":5,"duration_ms":null,"elapsed_ms":29.135916,"event":"phase","kind":"old","phase":"warm_command_01","pid":11548,"turns":5,"visible":false}

POTYI_TERM_STARTUP {"command_sequence":1,"draws":5,"duration_ms":0.814292,"elapsed_ms":29.989958,"event":"submitted","kind":"old","phase":"warm_command_01","pid":11548,"turns":5,"visible":false}

POTYI_TERM_STARTUP {"command_sequence":1,"draws":7,"duration_ms":16.638875000000002,"elapsed_ms":45.815124999999995,"event":"operation","kind":"old","phase":"warm_command_01","pid":11548,"turns":7,"visible":false}

POTYI_TERM_STARTUP {"command_sequence":1,"draws":7,"duration_ms":null,"elapsed_ms":45.865,"event":"end","kind":"old","phase":"warm_command_01","pid":11548,"turns":7,"visible":false}

POTYI_TERM_STARTUP {"command_sequence":2,"draws":7,"duration_ms":null,"elapsed_ms":45.909166,"event":"phase","kind":"old","phase":"warm_command_02","pid":11548,"turns":7,"visible":false}

POTYI_TERM_STARTUP {"command_sequence":2,"draws":7,"duration_ms":0.908625,"elapsed_ms":46.873083,"event":"submitted","kind":"old","phase":"warm_command_02","pid":11548,"turns":7,"visible":false}

POTYI_TERM_STARTUP {"command_sequence":2,"draws":9,"duration_ms":18.295542,"elapsed_ms":64.25979099999999,"event":"operation","kind":"old","phase":"warm_command_02","pid":11548,"turns":11,"visible":false}

POTYI_TERM_STARTUP {"command_sequence":2,"draws":9,"duration_ms":null,"elapsed_ms":64.32000000000001,"event":"end","kind":"old","phase":"warm_command_02","pid":11548,"turns":11,"visible":false}

POTYI_TERM_STARTUP {"command_sequence":3,"draws":9,"duration_ms":null,"elapsed_ms":64.380666,"event":"phase","kind":"old","phase":"warm_command_03","pid":11548,"turns":11,"visible":false}

POTYI_TERM_STARTUP {"command_sequence":3,"draws":9,"duration_ms":0.783125,"elapsed_ms":65.21000000000001,"event":"submitted","kind":"old","phase":"warm_command_03","pid":11548,"turns":11,"visible":false}

POTYI_TERM_STARTUP {"command_sequence":3,"draws":11,"duration_ms":17.523207999999997,"elapsed_ms":81.95066600000001,"event":"operation","kind":"old","phase":"warm_command_03","pid":11548,"turns":14,"visible":false}

POTYI_TERM_STARTUP {"command_sequence":3,"draws":11,"duration_ms":null,"elapsed_ms":81.997541,"event":"end","kind":"old","phase":"warm_command_03","pid":11548,"turns":14,"visible":false}

POTYI_TERM_STARTUP {"command_sequence":4,"draws":11,"duration_ms":null,"elapsed_ms":82.045125,"event":"phase","kind":"old","phase":"warm_command_04","pid":11548,"turns":14,"visible":false}

POTYI_TERM_STARTUP {"command_sequence":4,"draws":11,"duration_ms":0.674917,"elapsed_ms":82.75925000000001,"event":"submitted","kind":"old","phase":"warm_command_04","pid":11548,"turns":14,"visible":false}

POTYI_TERM_STARTUP {"command_sequence":4,"draws":13,"duration_ms":16.546208,"elapsed_ms":98.631708,"event":"operation","kind":"old","phase":"warm_command_04","pid":11548,"turns":18,"visible":false}

POTYI_TERM_STARTUP {"command_sequence":4,"draws":13,"duration_ms":null,"elapsed_ms":98.67925,"event":"end","kind":"old","phase":"warm_command_04","pid":11548,"turns":18,"visible":false}

POTYI_TERM_STARTUP {"command_sequence":5,"draws":13,"duration_ms":null,"elapsed_ms":98.726166,"event":"phase","kind":"old","phase":"warm_command_05","pid":11548,"turns":18,"visible":false}

POTYI_TERM_STARTUP {"command_sequence":5,"draws":13,"duration_ms":0.665709,"elapsed_ms":99.43125,"event":"submitted","kind":"old","phase":"warm_command_05","pid":11548,"turns":18,"visible":false}

POTYI_TERM_STARTUP {"command_sequence":5,"draws":15,"duration_ms":17.608167,"elapsed_ms":116.37383299999999,"event":"operation","kind":"old","phase":"warm_command_05","pid":11548,"turns":20,"visible":false}

POTYI_TERM_STARTUP {"command_sequence":5,"draws":15,"duration_ms":null,"elapsed_ms":116.41975000000001,"event":"end","kind":"old","phase":"warm_command_05","pid":11548,"turns":20,"visible":false}

POTYI_TERM_STARTUP {"command_sequence":null,"draws":15,"duration_ms":null,"elapsed_ms":116.485958,"event":"done","kind":"old","phase":"done","pid":11548,"turns":20,"visible":false}
ok

test result: ok. 1 passed; 0 failed; 0 ignored; 0 measured; 907 filtered out; finished in 0.13s

