
running 1 test
test app::input::tests::terminal_startup_probe::matched_terminal_startup_probe ... 
POTYI_TERM_STARTUP {"command_source":"built-in small command","event":"context","fixture_setup_measured":false,"helper_trace_included":false,"kind":"new","pid":11908,"video_driver":"dummy","visible":false,"warm_commands":5}

POTYI_TERM_STARTUP {"command_sequence":null,"draws":0,"duration_ms":null,"elapsed_ms":0.178375,"event":"phase","kind":"new","phase":"pane_create","pid":11908,"turns":0,"visible":false}

POTYI_TERM_STARTUP {"command_sequence":null,"draws":0,"duration_ms":7.513167,"elapsed_ms":7.748792,"event":"open_return","kind":"new","phase":"pane_create","pid":11908,"turns":0,"visible":false}

POTYI_TERM_STARTUP {"command_sequence":null,"draws":2,"duration_ms":null,"elapsed_ms":51.459459,"event":"session_ready","kind":"new","phase":"pane_create","pid":11908,"turns":3,"visible":false}

POTYI_TERM_STARTUP {"command_sequence":null,"draws":4,"duration_ms":52.203582999999995,"elapsed_ms":52.436292,"event":"viewport_settled","kind":"new","phase":"pane_create","pid":11908,"turns":4,"visible":false}

POTYI_TERM_STARTUP {"command_sequence":null,"draws":4,"duration_ms":null,"elapsed_ms":52.476584,"event":"end","kind":"new","phase":"pane_create","pid":11908,"turns":4,"visible":false}

POTYI_TERM_STARTUP {"command_sequence":null,"draws":4,"duration_ms":null,"elapsed_ms":52.518,"event":"phase","kind":"new","phase":"clear","pid":11908,"turns":4,"visible":false}

POTYI_TERM_STARTUP {"command_sequence":null,"draws":5,"duration_ms":0.569708,"elapsed_ms":53.134834,"event":"operation","kind":"new","phase":"clear","pid":11908,"turns":5,"visible":false}

POTYI_TERM_STARTUP {"command_sequence":null,"draws":5,"duration_ms":null,"elapsed_ms":53.176292,"event":"end","kind":"new","phase":"clear","pid":11908,"turns":5,"visible":false}

POTYI_TERM_STARTUP {"command_sequence":0,"draws":5,"duration_ms":null,"elapsed_ms":53.221125,"event":"phase","kind":"new","phase":"first_command","pid":11908,"turns":5,"visible":false}

POTYI_TERM_STARTUP {"command_sequence":0,"draws":5,"duration_ms":1.336375,"elapsed_ms":54.60225,"event":"submitted","kind":"new","phase":"first_command","pid":11908,"turns":5,"visible":false}

POTYI_TERM_STARTUP {"command_sequence":0,"draws":9,"duration_ms":144.238209,"elapsed_ms":197.504917,"event":"operation","kind":"new","phase":"first_command","pid":11908,"turns":14,"visible":false}

POTYI_TERM_STARTUP {"command_sequence":0,"draws":9,"duration_ms":null,"elapsed_ms":197.555542,"event":"end","kind":"new","phase":"first_command","pid":11908,"turns":14,"visible":false}

POTYI_TERM_STARTUP {"command_sequence":1,"draws":9,"duration_ms":null,"elapsed_ms":197.819917,"event":"phase","kind":"new","phase":"warm_command_01","pid":11908,"turns":14,"visible":false}

POTYI_TERM_STARTUP {"command_sequence":1,"draws":9,"duration_ms":1.1012909999999998,"elapsed_ms":198.967375,"event":"submitted","kind":"new","phase":"warm_command_01","pid":11908,"turns":14,"visible":false}

POTYI_TERM_STARTUP {"command_sequence":1,"draws":13,"duration_ms":131.959208,"elapsed_ms":329.826167,"event":"operation","kind":"new","phase":"warm_command_01","pid":11908,"turns":23,"visible":false}

POTYI_TERM_STARTUP {"command_sequence":1,"draws":13,"duration_ms":null,"elapsed_ms":329.873167,"event":"end","kind":"new","phase":"warm_command_01","pid":11908,"turns":23,"visible":false}

POTYI_TERM_STARTUP {"command_sequence":2,"draws":13,"duration_ms":null,"elapsed_ms":329.920875,"event":"phase","kind":"new","phase":"warm_command_02","pid":11908,"turns":23,"visible":false}

POTYI_TERM_STARTUP {"command_sequence":2,"draws":13,"duration_ms":1.2247919999999999,"elapsed_ms":331.184375,"event":"submitted","kind":"new","phase":"warm_command_02","pid":11908,"turns":23,"visible":false}

POTYI_TERM_STARTUP {"command_sequence":2,"draws":17,"duration_ms":129.609917,"elapsed_ms":459.570417,"event":"operation","kind":"new","phase":"warm_command_02","pid":11908,"turns":33,"visible":false}

POTYI_TERM_STARTUP {"command_sequence":2,"draws":17,"duration_ms":null,"elapsed_ms":459.61708400000003,"event":"end","kind":"new","phase":"warm_command_02","pid":11908,"turns":33,"visible":false}

POTYI_TERM_STARTUP {"command_sequence":3,"draws":17,"duration_ms":null,"elapsed_ms":459.667167,"event":"phase","kind":"new","phase":"warm_command_03","pid":11908,"turns":33,"visible":false}

POTYI_TERM_STARTUP {"command_sequence":3,"draws":17,"duration_ms":1.170375,"elapsed_ms":460.876417,"event":"submitted","kind":"new","phase":"warm_command_03","pid":11908,"turns":33,"visible":false}

POTYI_TERM_STARTUP {"command_sequence":3,"draws":21,"duration_ms":134.985375,"elapsed_ms":594.6922500000001,"event":"operation","kind":"new","phase":"warm_command_03","pid":11908,"turns":43,"visible":false}

POTYI_TERM_STARTUP {"command_sequence":3,"draws":21,"duration_ms":null,"elapsed_ms":594.741625,"event":"end","kind":"new","phase":"warm_command_03","pid":11908,"turns":43,"visible":false}

POTYI_TERM_STARTUP {"command_sequence":4,"draws":21,"duration_ms":null,"elapsed_ms":594.803209,"event":"phase","kind":"new","phase":"warm_command_04","pid":11908,"turns":43,"visible":false}

POTYI_TERM_STARTUP {"command_sequence":4,"draws":21,"duration_ms":1.982167,"elapsed_ms":596.837375,"event":"submitted","kind":"new","phase":"warm_command_04","pid":11908,"turns":43,"visible":false}

POTYI_TERM_STARTUP {"command_sequence":4,"draws":25,"duration_ms":153.227958,"elapsed_ms":748.0838749999999,"event":"operation","kind":"new","phase":"warm_command_04","pid":11908,"turns":52,"visible":false}

POTYI_TERM_STARTUP {"command_sequence":4,"draws":25,"duration_ms":null,"elapsed_ms":748.133084,"event":"end","kind":"new","phase":"warm_command_04","pid":11908,"turns":52,"visible":false}

POTYI_TERM_STARTUP {"command_sequence":5,"draws":25,"duration_ms":null,"elapsed_ms":748.183209,"event":"phase","kind":"new","phase":"warm_command_05","pid":11908,"turns":52,"visible":false}

POTYI_TERM_STARTUP {"command_sequence":5,"draws":25,"duration_ms":1.237875,"elapsed_ms":749.460542,"event":"submitted","kind":"new","phase":"warm_command_05","pid":11908,"turns":52,"visible":false}

POTYI_TERM_STARTUP {"command_sequence":5,"draws":29,"duration_ms":128.62591700000002,"elapsed_ms":876.849459,"event":"operation","kind":"new","phase":"warm_command_05","pid":11908,"turns":61,"visible":false}

POTYI_TERM_STARTUP {"command_sequence":5,"draws":29,"duration_ms":null,"elapsed_ms":876.896625,"event":"end","kind":"new","phase":"warm_command_05","pid":11908,"turns":61,"visible":false}

POTYI_TERM_STARTUP {"command_sequence":null,"draws":29,"duration_ms":null,"elapsed_ms":876.9786670000001,"event":"done","kind":"new","phase":"done","pid":11908,"turns":61,"visible":false}
ok

test result: ok. 1 passed; 0 failed; 0 ignored; 0 measured; 930 filtered out; finished in 0.91s

