
running 1 test
test app::input::tests::terminal_startup_probe::matched_terminal_startup_probe ... 
POTYI_TERM_STARTUP {"command_source":"built-in small command","event":"context","fixture_setup_measured":false,"helper_trace_included":false,"kind":"old","pid":12018,"video_driver":"dummy","visible":false,"warm_commands":5}

POTYI_TERM_STARTUP {"command_sequence":null,"draws":0,"duration_ms":null,"elapsed_ms":0.171625,"event":"phase","kind":"old","phase":"pane_create","pid":12018,"turns":0,"visible":false}

POTYI_TERM_STARTUP {"command_sequence":null,"draws":0,"duration_ms":2.1645000000000003,"elapsed_ms":2.3999170000000003,"event":"open_return","kind":"old","phase":"pane_create","pid":12018,"turns":0,"visible":false}

POTYI_TERM_STARTUP {"command_sequence":null,"draws":0,"duration_ms":null,"elapsed_ms":2.441292,"event":"legacy_open_ready","kind":"old","phase":"pane_create","pid":12018,"turns":0,"visible":false}

POTYI_TERM_STARTUP {"command_sequence":null,"draws":2,"duration_ms":5.678,"elapsed_ms":5.914,"event":"viewport_settled","kind":"old","phase":"pane_create","pid":12018,"turns":1,"visible":false}

POTYI_TERM_STARTUP {"command_sequence":null,"draws":2,"duration_ms":null,"elapsed_ms":5.9580839999999995,"event":"end","kind":"old","phase":"pane_create","pid":12018,"turns":1,"visible":false}

POTYI_TERM_STARTUP {"command_sequence":null,"draws":2,"duration_ms":null,"elapsed_ms":5.997709,"event":"phase","kind":"old","phase":"clear","pid":12018,"turns":1,"visible":false}

POTYI_TERM_STARTUP {"command_sequence":null,"draws":3,"duration_ms":1.925167,"elapsed_ms":7.9701249999999995,"event":"operation","kind":"old","phase":"clear","pid":12018,"turns":2,"visible":false}

POTYI_TERM_STARTUP {"command_sequence":null,"draws":3,"duration_ms":null,"elapsed_ms":8.01475,"event":"end","kind":"old","phase":"clear","pid":12018,"turns":2,"visible":false}

POTYI_TERM_STARTUP {"command_sequence":0,"draws":3,"duration_ms":null,"elapsed_ms":8.066666999999999,"event":"phase","kind":"old","phase":"first_command","pid":12018,"turns":2,"visible":false}

POTYI_TERM_STARTUP {"command_sequence":0,"draws":3,"duration_ms":1.2171669999999999,"elapsed_ms":9.327042,"event":"submitted","kind":"old","phase":"first_command","pid":12018,"turns":2,"visible":false}

POTYI_TERM_STARTUP {"command_sequence":0,"draws":5,"duration_ms":17.897834000000003,"elapsed_ms":26.008167,"event":"operation","kind":"old","phase":"first_command","pid":12018,"turns":5,"visible":false}

POTYI_TERM_STARTUP {"command_sequence":0,"draws":5,"duration_ms":null,"elapsed_ms":26.055167,"event":"end","kind":"old","phase":"first_command","pid":12018,"turns":5,"visible":false}

POTYI_TERM_STARTUP {"command_sequence":1,"draws":5,"duration_ms":null,"elapsed_ms":26.1285,"event":"phase","kind":"old","phase":"warm_command_01","pid":12018,"turns":5,"visible":false}

POTYI_TERM_STARTUP {"command_sequence":1,"draws":5,"duration_ms":0.704625,"elapsed_ms":26.872625,"event":"submitted","kind":"old","phase":"warm_command_01","pid":12018,"turns":5,"visible":false}

POTYI_TERM_STARTUP {"command_sequence":1,"draws":7,"duration_ms":16.560708,"elapsed_ms":42.729417,"event":"operation","kind":"old","phase":"warm_command_01","pid":12018,"turns":8,"visible":false}

POTYI_TERM_STARTUP {"command_sequence":1,"draws":7,"duration_ms":null,"elapsed_ms":42.773167,"event":"end","kind":"old","phase":"warm_command_01","pid":12018,"turns":8,"visible":false}

POTYI_TERM_STARTUP {"command_sequence":2,"draws":7,"duration_ms":null,"elapsed_ms":42.8215,"event":"phase","kind":"old","phase":"warm_command_02","pid":12018,"turns":8,"visible":false}

POTYI_TERM_STARTUP {"command_sequence":2,"draws":7,"duration_ms":0.639833,"elapsed_ms":43.500249999999994,"event":"submitted","kind":"old","phase":"warm_command_02","pid":12018,"turns":8,"visible":false}

POTYI_TERM_STARTUP {"command_sequence":2,"draws":8,"duration_ms":16.182375,"elapsed_ms":59.043417,"event":"operation","kind":"old","phase":"warm_command_02","pid":12018,"turns":10,"visible":false}

POTYI_TERM_STARTUP {"command_sequence":2,"draws":8,"duration_ms":null,"elapsed_ms":59.08725,"event":"end","kind":"old","phase":"warm_command_02","pid":12018,"turns":10,"visible":false}

POTYI_TERM_STARTUP {"command_sequence":3,"draws":8,"duration_ms":null,"elapsed_ms":59.141791999999995,"event":"phase","kind":"old","phase":"warm_command_03","pid":12018,"turns":10,"visible":false}

POTYI_TERM_STARTUP {"command_sequence":3,"draws":8,"duration_ms":0.667667,"elapsed_ms":59.853708999999995,"event":"submitted","kind":"old","phase":"warm_command_03","pid":12018,"turns":10,"visible":false}

POTYI_TERM_STARTUP {"command_sequence":3,"draws":9,"duration_ms":14.969042,"elapsed_ms":74.155709,"event":"operation","kind":"old","phase":"warm_command_03","pid":12018,"turns":12,"visible":false}

POTYI_TERM_STARTUP {"command_sequence":3,"draws":9,"duration_ms":null,"elapsed_ms":74.199167,"event":"end","kind":"old","phase":"warm_command_03","pid":12018,"turns":12,"visible":false}

POTYI_TERM_STARTUP {"command_sequence":4,"draws":9,"duration_ms":null,"elapsed_ms":74.262917,"event":"phase","kind":"old","phase":"warm_command_04","pid":12018,"turns":12,"visible":false}

POTYI_TERM_STARTUP {"command_sequence":4,"draws":9,"duration_ms":0.674542,"elapsed_ms":74.97675,"event":"submitted","kind":"old","phase":"warm_command_04","pid":12018,"turns":12,"visible":false}

POTYI_TERM_STARTUP {"command_sequence":4,"draws":11,"duration_ms":17.649834,"elapsed_ms":91.952209,"event":"operation","kind":"old","phase":"warm_command_04","pid":12018,"turns":14,"visible":false}

POTYI_TERM_STARTUP {"command_sequence":4,"draws":11,"duration_ms":null,"elapsed_ms":91.996459,"event":"end","kind":"old","phase":"warm_command_04","pid":12018,"turns":14,"visible":false}

POTYI_TERM_STARTUP {"command_sequence":5,"draws":11,"duration_ms":null,"elapsed_ms":92.040334,"event":"phase","kind":"old","phase":"warm_command_05","pid":12018,"turns":14,"visible":false}

POTYI_TERM_STARTUP {"command_sequence":5,"draws":11,"duration_ms":0.6735000000000001,"elapsed_ms":92.752584,"event":"submitted","kind":"old","phase":"warm_command_05","pid":12018,"turns":14,"visible":false}

POTYI_TERM_STARTUP {"command_sequence":5,"draws":12,"duration_ms":16.107,"elapsed_ms":108.186917,"event":"operation","kind":"old","phase":"warm_command_05","pid":12018,"turns":16,"visible":false}

POTYI_TERM_STARTUP {"command_sequence":5,"draws":12,"duration_ms":null,"elapsed_ms":108.246792,"event":"end","kind":"old","phase":"warm_command_05","pid":12018,"turns":16,"visible":false}

POTYI_TERM_STARTUP {"command_sequence":null,"draws":12,"duration_ms":null,"elapsed_ms":108.305375,"event":"done","kind":"old","phase":"done","pid":12018,"turns":16,"visible":false}
ok

test result: ok. 1 passed; 0 failed; 0 ignored; 0 measured; 907 filtered out; finished in 0.12s

