
running 1 test
test app::input::tests::terminal_startup_probe::matched_terminal_startup_probe ... 
POTYI_TERM_STARTUP {"command_source":"built-in small command","event":"context","fixture_setup_measured":false,"helper_trace_included":false,"kind":"old","pid":12082,"video_driver":"dummy","visible":false,"warm_commands":5}

POTYI_TERM_STARTUP {"command_sequence":null,"draws":0,"duration_ms":null,"elapsed_ms":0.183792,"event":"phase","kind":"old","phase":"pane_create","pid":12082,"turns":0,"visible":false}

POTYI_TERM_STARTUP {"command_sequence":null,"draws":0,"duration_ms":2.467875,"elapsed_ms":2.7069170000000002,"event":"open_return","kind":"old","phase":"pane_create","pid":12082,"turns":0,"visible":false}

POTYI_TERM_STARTUP {"command_sequence":null,"draws":0,"duration_ms":null,"elapsed_ms":2.747667,"event":"legacy_open_ready","kind":"old","phase":"pane_create","pid":12082,"turns":0,"visible":false}

POTYI_TERM_STARTUP {"command_sequence":null,"draws":2,"duration_ms":6.276458000000001,"elapsed_ms":6.516084,"event":"viewport_settled","kind":"old","phase":"pane_create","pid":12082,"turns":1,"visible":false}

POTYI_TERM_STARTUP {"command_sequence":null,"draws":2,"duration_ms":null,"elapsed_ms":6.562209,"event":"end","kind":"old","phase":"pane_create","pid":12082,"turns":1,"visible":false}

POTYI_TERM_STARTUP {"command_sequence":null,"draws":2,"duration_ms":null,"elapsed_ms":6.602334,"event":"phase","kind":"old","phase":"clear","pid":12082,"turns":1,"visible":false}

POTYI_TERM_STARTUP {"command_sequence":null,"draws":3,"duration_ms":2.973375,"elapsed_ms":9.624749999999999,"event":"operation","kind":"old","phase":"clear","pid":12082,"turns":2,"visible":false}

POTYI_TERM_STARTUP {"command_sequence":null,"draws":3,"duration_ms":null,"elapsed_ms":9.670584,"event":"end","kind":"old","phase":"clear","pid":12082,"turns":2,"visible":false}

POTYI_TERM_STARTUP {"command_sequence":0,"draws":3,"duration_ms":null,"elapsed_ms":9.715167000000001,"event":"phase","kind":"old","phase":"first_command","pid":12082,"turns":2,"visible":false}

POTYI_TERM_STARTUP {"command_sequence":0,"draws":3,"duration_ms":1.124166,"elapsed_ms":10.888416999999999,"event":"submitted","kind":"old","phase":"first_command","pid":12082,"turns":2,"visible":false}

POTYI_TERM_STARTUP {"command_sequence":0,"draws":5,"duration_ms":19.139416,"elapsed_ms":28.904084,"event":"operation","kind":"old","phase":"first_command","pid":12082,"turns":5,"visible":false}

POTYI_TERM_STARTUP {"command_sequence":0,"draws":5,"duration_ms":null,"elapsed_ms":28.952959,"event":"end","kind":"old","phase":"first_command","pid":12082,"turns":5,"visible":false}

POTYI_TERM_STARTUP {"command_sequence":1,"draws":5,"duration_ms":null,"elapsed_ms":29.060875,"event":"phase","kind":"old","phase":"warm_command_01","pid":12082,"turns":5,"visible":false}

POTYI_TERM_STARTUP {"command_sequence":1,"draws":5,"duration_ms":0.828,"elapsed_ms":29.929375,"event":"submitted","kind":"old","phase":"warm_command_01","pid":12082,"turns":5,"visible":false}

POTYI_TERM_STARTUP {"command_sequence":1,"draws":7,"duration_ms":17.904957999999997,"elapsed_ms":47.006874999999994,"event":"operation","kind":"old","phase":"warm_command_01","pid":12082,"turns":9,"visible":false}

POTYI_TERM_STARTUP {"command_sequence":1,"draws":7,"duration_ms":null,"elapsed_ms":47.053,"event":"end","kind":"old","phase":"warm_command_01","pid":12082,"turns":9,"visible":false}

POTYI_TERM_STARTUP {"command_sequence":2,"draws":7,"duration_ms":null,"elapsed_ms":47.102917,"event":"phase","kind":"old","phase":"warm_command_02","pid":12082,"turns":9,"visible":false}

POTYI_TERM_STARTUP {"command_sequence":2,"draws":7,"duration_ms":0.729542,"elapsed_ms":47.871375,"event":"submitted","kind":"old","phase":"warm_command_02","pid":12082,"turns":9,"visible":false}

POTYI_TERM_STARTUP {"command_sequence":2,"draws":9,"duration_ms":16.557292,"elapsed_ms":63.699667,"event":"operation","kind":"old","phase":"warm_command_02","pid":12082,"turns":12,"visible":false}

POTYI_TERM_STARTUP {"command_sequence":2,"draws":9,"duration_ms":null,"elapsed_ms":63.74725000000001,"event":"end","kind":"old","phase":"warm_command_02","pid":12082,"turns":12,"visible":false}

POTYI_TERM_STARTUP {"command_sequence":3,"draws":9,"duration_ms":null,"elapsed_ms":63.817375,"event":"phase","kind":"old","phase":"warm_command_03","pid":12082,"turns":12,"visible":false}

POTYI_TERM_STARTUP {"command_sequence":3,"draws":9,"duration_ms":0.667625,"elapsed_ms":64.53158400000001,"event":"submitted","kind":"old","phase":"warm_command_03","pid":12082,"turns":12,"visible":false}

POTYI_TERM_STARTUP {"command_sequence":3,"draws":11,"duration_ms":20.222792,"elapsed_ms":84.087417,"event":"operation","kind":"old","phase":"warm_command_03","pid":12082,"turns":16,"visible":false}

POTYI_TERM_STARTUP {"command_sequence":3,"draws":11,"duration_ms":null,"elapsed_ms":84.136125,"event":"end","kind":"old","phase":"warm_command_03","pid":12082,"turns":16,"visible":false}

POTYI_TERM_STARTUP {"command_sequence":4,"draws":11,"duration_ms":null,"elapsed_ms":84.184459,"event":"phase","kind":"old","phase":"warm_command_04","pid":12082,"turns":16,"visible":false}

POTYI_TERM_STARTUP {"command_sequence":4,"draws":11,"duration_ms":0.737834,"elapsed_ms":84.961292,"event":"submitted","kind":"old","phase":"warm_command_04","pid":12082,"turns":16,"visible":false}

POTYI_TERM_STARTUP {"command_sequence":4,"draws":13,"duration_ms":16.604417,"elapsed_ms":100.8285,"event":"operation","kind":"old","phase":"warm_command_04","pid":12082,"turns":19,"visible":false}

POTYI_TERM_STARTUP {"command_sequence":4,"draws":13,"duration_ms":null,"elapsed_ms":100.87391699999999,"event":"end","kind":"old","phase":"warm_command_04","pid":12082,"turns":19,"visible":false}

POTYI_TERM_STARTUP {"command_sequence":5,"draws":13,"duration_ms":null,"elapsed_ms":100.921417,"event":"phase","kind":"old","phase":"warm_command_05","pid":12082,"turns":19,"visible":false}

POTYI_TERM_STARTUP {"command_sequence":5,"draws":13,"duration_ms":0.635791,"elapsed_ms":101.604292,"event":"submitted","kind":"old","phase":"warm_command_05","pid":12082,"turns":19,"visible":false}

POTYI_TERM_STARTUP {"command_sequence":5,"draws":14,"duration_ms":16.159208,"elapsed_ms":117.128125,"event":"operation","kind":"old","phase":"warm_command_05","pid":12082,"turns":22,"visible":false}

POTYI_TERM_STARTUP {"command_sequence":5,"draws":14,"duration_ms":null,"elapsed_ms":117.174,"event":"end","kind":"old","phase":"warm_command_05","pid":12082,"turns":22,"visible":false}

POTYI_TERM_STARTUP {"command_sequence":null,"draws":14,"duration_ms":null,"elapsed_ms":117.221209,"event":"done","kind":"old","phase":"done","pid":12082,"turns":22,"visible":false}
ok

test result: ok. 1 passed; 0 failed; 0 ignored; 0 measured; 930 filtered out; finished in 0.13s

