
running 1 test
test app::input::tests::terminal_startup_probe::matched_terminal_startup_probe ... 
POTYI_TERM_STARTUP {"command_source":"built-in small command","event":"context","fixture_setup_measured":false,"helper_trace_included":false,"kind":"old","pid":12025,"video_driver":"dummy","visible":false,"warm_commands":5}

POTYI_TERM_STARTUP {"command_sequence":null,"draws":0,"duration_ms":null,"elapsed_ms":0.191459,"event":"phase","kind":"old","phase":"pane_create","pid":12025,"turns":0,"visible":false}

POTYI_TERM_STARTUP {"command_sequence":null,"draws":0,"duration_ms":1.0885829999999999,"elapsed_ms":1.344459,"event":"open_return","kind":"old","phase":"pane_create","pid":12025,"turns":0,"visible":false}

POTYI_TERM_STARTUP {"command_sequence":null,"draws":0,"duration_ms":null,"elapsed_ms":1.38725,"event":"legacy_open_ready","kind":"old","phase":"pane_create","pid":12025,"turns":0,"visible":false}

POTYI_TERM_STARTUP {"command_sequence":null,"draws":2,"duration_ms":5.1246670000000005,"elapsed_ms":5.378792000000001,"event":"viewport_settled","kind":"old","phase":"pane_create","pid":12025,"turns":1,"visible":false}

POTYI_TERM_STARTUP {"command_sequence":null,"draws":2,"duration_ms":null,"elapsed_ms":5.457542,"event":"end","kind":"old","phase":"pane_create","pid":12025,"turns":1,"visible":false}

POTYI_TERM_STARTUP {"command_sequence":null,"draws":2,"duration_ms":null,"elapsed_ms":5.501584,"event":"phase","kind":"old","phase":"clear","pid":12025,"turns":1,"visible":false}

POTYI_TERM_STARTUP {"command_sequence":null,"draws":3,"duration_ms":2.332375,"elapsed_ms":7.8815,"event":"operation","kind":"old","phase":"clear","pid":12025,"turns":2,"visible":false}

POTYI_TERM_STARTUP {"command_sequence":null,"draws":3,"duration_ms":null,"elapsed_ms":7.9272920000000004,"event":"end","kind":"old","phase":"clear","pid":12025,"turns":2,"visible":false}

POTYI_TERM_STARTUP {"command_sequence":0,"draws":3,"duration_ms":null,"elapsed_ms":7.985249999999999,"event":"phase","kind":"old","phase":"first_command","pid":12025,"turns":2,"visible":false}

POTYI_TERM_STARTUP {"command_sequence":0,"draws":3,"duration_ms":1.15825,"elapsed_ms":9.18225,"event":"submitted","kind":"old","phase":"first_command","pid":12025,"turns":2,"visible":false}

POTYI_TERM_STARTUP {"command_sequence":0,"draws":5,"duration_ms":17.966708,"elapsed_ms":25.991667,"event":"operation","kind":"old","phase":"first_command","pid":12025,"turns":5,"visible":false}

POTYI_TERM_STARTUP {"command_sequence":0,"draws":5,"duration_ms":null,"elapsed_ms":26.043875,"event":"end","kind":"old","phase":"first_command","pid":12025,"turns":5,"visible":false}

POTYI_TERM_STARTUP {"command_sequence":1,"draws":5,"duration_ms":null,"elapsed_ms":26.088,"event":"phase","kind":"old","phase":"warm_command_01","pid":12025,"turns":5,"visible":false}

POTYI_TERM_STARTUP {"command_sequence":1,"draws":5,"duration_ms":0.931666,"elapsed_ms":27.061167,"event":"submitted","kind":"old","phase":"warm_command_01","pid":12025,"turns":5,"visible":false}

POTYI_TERM_STARTUP {"command_sequence":1,"draws":7,"duration_ms":18.150583,"elapsed_ms":44.283167,"event":"operation","kind":"old","phase":"warm_command_01","pid":12025,"turns":8,"visible":false}

POTYI_TERM_STARTUP {"command_sequence":1,"draws":7,"duration_ms":null,"elapsed_ms":44.333459,"event":"end","kind":"old","phase":"warm_command_01","pid":12025,"turns":8,"visible":false}

POTYI_TERM_STARTUP {"command_sequence":2,"draws":7,"duration_ms":null,"elapsed_ms":44.387584000000004,"event":"phase","kind":"old","phase":"warm_command_02","pid":12025,"turns":8,"visible":false}

POTYI_TERM_STARTUP {"command_sequence":2,"draws":7,"duration_ms":0.856584,"elapsed_ms":45.283584000000005,"event":"submitted","kind":"old","phase":"warm_command_02","pid":12025,"turns":8,"visible":false}

POTYI_TERM_STARTUP {"command_sequence":2,"draws":9,"duration_ms":16.7545,"elapsed_ms":61.182874999999996,"event":"operation","kind":"old","phase":"warm_command_02","pid":12025,"turns":11,"visible":false}

POTYI_TERM_STARTUP {"command_sequence":2,"draws":9,"duration_ms":null,"elapsed_ms":61.233084,"event":"end","kind":"old","phase":"warm_command_02","pid":12025,"turns":11,"visible":false}

POTYI_TERM_STARTUP {"command_sequence":3,"draws":9,"duration_ms":null,"elapsed_ms":61.282834,"event":"phase","kind":"old","phase":"warm_command_03","pid":12025,"turns":11,"visible":false}

POTYI_TERM_STARTUP {"command_sequence":3,"draws":9,"duration_ms":0.88075,"elapsed_ms":62.211417,"event":"submitted","kind":"old","phase":"warm_command_03","pid":12025,"turns":11,"visible":false}

POTYI_TERM_STARTUP {"command_sequence":3,"draws":11,"duration_ms":29.485457999999998,"elapsed_ms":90.81737500000001,"event":"operation","kind":"old","phase":"warm_command_03","pid":12025,"turns":15,"visible":false}

POTYI_TERM_STARTUP {"command_sequence":3,"draws":11,"duration_ms":null,"elapsed_ms":90.864959,"event":"end","kind":"old","phase":"warm_command_03","pid":12025,"turns":15,"visible":false}

POTYI_TERM_STARTUP {"command_sequence":4,"draws":11,"duration_ms":null,"elapsed_ms":90.91191699999999,"event":"phase","kind":"old","phase":"warm_command_04","pid":12025,"turns":15,"visible":false}

POTYI_TERM_STARTUP {"command_sequence":4,"draws":11,"duration_ms":0.7315,"elapsed_ms":91.68275,"event":"submitted","kind":"old","phase":"warm_command_04","pid":12025,"turns":15,"visible":false}

POTYI_TERM_STARTUP {"command_sequence":4,"draws":13,"duration_ms":26.782207999999997,"elapsed_ms":117.73483399999999,"event":"operation","kind":"old","phase":"warm_command_04","pid":12025,"turns":18,"visible":false}

POTYI_TERM_STARTUP {"command_sequence":4,"draws":13,"duration_ms":null,"elapsed_ms":117.78595899999999,"event":"end","kind":"old","phase":"warm_command_04","pid":12025,"turns":18,"visible":false}

POTYI_TERM_STARTUP {"command_sequence":5,"draws":13,"duration_ms":null,"elapsed_ms":117.8565,"event":"phase","kind":"old","phase":"warm_command_05","pid":12025,"turns":18,"visible":false}

POTYI_TERM_STARTUP {"command_sequence":5,"draws":13,"duration_ms":0.754875,"elapsed_ms":118.656292,"event":"submitted","kind":"old","phase":"warm_command_05","pid":12025,"turns":18,"visible":false}

POTYI_TERM_STARTUP {"command_sequence":5,"draws":15,"duration_ms":16.718291999999998,"elapsed_ms":134.620542,"event":"operation","kind":"old","phase":"warm_command_05","pid":12025,"turns":21,"visible":false}

POTYI_TERM_STARTUP {"command_sequence":5,"draws":15,"duration_ms":null,"elapsed_ms":134.677167,"event":"end","kind":"old","phase":"warm_command_05","pid":12025,"turns":21,"visible":false}

POTYI_TERM_STARTUP {"command_sequence":null,"draws":15,"duration_ms":null,"elapsed_ms":134.72120900000002,"event":"done","kind":"old","phase":"done","pid":12025,"turns":21,"visible":false}
ok

test result: ok. 1 passed; 0 failed; 0 ignored; 0 measured; 907 filtered out; finished in 0.14s

