
running 1 test
test app::input::tests::terminal_startup_probe::matched_terminal_startup_probe ... 
POTYI_TERM_STARTUP {"command_source":"built-in small command","event":"context","fixture_setup_measured":false,"helper_trace_included":false,"kind":"old","pid":12200,"video_driver":"dummy","visible":false,"warm_commands":5}

POTYI_TERM_STARTUP {"command_sequence":null,"draws":0,"duration_ms":null,"elapsed_ms":0.18912500000000002,"event":"phase","kind":"old","phase":"pane_create","pid":12200,"turns":0,"visible":false}

POTYI_TERM_STARTUP {"command_sequence":null,"draws":0,"duration_ms":0.942208,"elapsed_ms":1.1941670000000002,"event":"open_return","kind":"old","phase":"pane_create","pid":12200,"turns":0,"visible":false}

POTYI_TERM_STARTUP {"command_sequence":null,"draws":0,"duration_ms":null,"elapsed_ms":1.247792,"event":"legacy_open_ready","kind":"old","phase":"pane_create","pid":12200,"turns":0,"visible":false}

POTYI_TERM_STARTUP {"command_sequence":null,"draws":2,"duration_ms":4.485791,"elapsed_ms":4.737417,"event":"viewport_settled","kind":"old","phase":"pane_create","pid":12200,"turns":1,"visible":false}

POTYI_TERM_STARTUP {"command_sequence":null,"draws":2,"duration_ms":null,"elapsed_ms":4.781334,"event":"end","kind":"old","phase":"pane_create","pid":12200,"turns":1,"visible":false}

POTYI_TERM_STARTUP {"command_sequence":null,"draws":2,"duration_ms":null,"elapsed_ms":4.829917,"event":"phase","kind":"old","phase":"clear","pid":12200,"turns":1,"visible":false}

POTYI_TERM_STARTUP {"command_sequence":null,"draws":3,"duration_ms":0.913459,"elapsed_ms":5.784667000000001,"event":"operation","kind":"old","phase":"clear","pid":12200,"turns":2,"visible":false}

POTYI_TERM_STARTUP {"command_sequence":null,"draws":3,"duration_ms":null,"elapsed_ms":5.832667,"event":"end","kind":"old","phase":"clear","pid":12200,"turns":2,"visible":false}

POTYI_TERM_STARTUP {"command_sequence":0,"draws":3,"duration_ms":null,"elapsed_ms":5.882334,"event":"phase","kind":"old","phase":"first_command","pid":12200,"turns":2,"visible":false}

POTYI_TERM_STARTUP {"command_sequence":0,"draws":3,"duration_ms":1.1042910000000001,"elapsed_ms":7.032875,"event":"submitted","kind":"old","phase":"first_command","pid":12200,"turns":2,"visible":false}

POTYI_TERM_STARTUP {"command_sequence":0,"draws":5,"duration_ms":17.869333,"elapsed_ms":23.798084,"event":"operation","kind":"old","phase":"first_command","pid":12200,"turns":5,"visible":false}

POTYI_TERM_STARTUP {"command_sequence":0,"draws":5,"duration_ms":null,"elapsed_ms":23.842834,"event":"end","kind":"old","phase":"first_command","pid":12200,"turns":5,"visible":false}

POTYI_TERM_STARTUP {"command_sequence":1,"draws":5,"duration_ms":null,"elapsed_ms":23.951209000000002,"event":"phase","kind":"old","phase":"warm_command_01","pid":12200,"turns":5,"visible":false}

POTYI_TERM_STARTUP {"command_sequence":1,"draws":5,"duration_ms":0.737,"elapsed_ms":24.732167,"event":"submitted","kind":"old","phase":"warm_command_01","pid":12200,"turns":5,"visible":false}

POTYI_TERM_STARTUP {"command_sequence":1,"draws":6,"duration_ms":16.028208,"elapsed_ms":40.023666999999996,"event":"operation","kind":"old","phase":"warm_command_01","pid":12200,"turns":8,"visible":false}

POTYI_TERM_STARTUP {"command_sequence":1,"draws":6,"duration_ms":null,"elapsed_ms":40.070125,"event":"end","kind":"old","phase":"warm_command_01","pid":12200,"turns":8,"visible":false}

POTYI_TERM_STARTUP {"command_sequence":2,"draws":6,"duration_ms":null,"elapsed_ms":40.138334,"event":"phase","kind":"old","phase":"warm_command_02","pid":12200,"turns":8,"visible":false}

POTYI_TERM_STARTUP {"command_sequence":2,"draws":6,"duration_ms":0.696958,"elapsed_ms":40.877584,"event":"submitted","kind":"old","phase":"warm_command_02","pid":12200,"turns":8,"visible":false}

POTYI_TERM_STARTUP {"command_sequence":2,"draws":7,"duration_ms":15.049833,"elapsed_ms":55.230584,"event":"operation","kind":"old","phase":"warm_command_02","pid":12200,"turns":10,"visible":false}

POTYI_TERM_STARTUP {"command_sequence":2,"draws":7,"duration_ms":null,"elapsed_ms":55.277042,"event":"end","kind":"old","phase":"warm_command_02","pid":12200,"turns":10,"visible":false}

POTYI_TERM_STARTUP {"command_sequence":3,"draws":7,"duration_ms":null,"elapsed_ms":55.319250000000004,"event":"phase","kind":"old","phase":"warm_command_03","pid":12200,"turns":10,"visible":false}

POTYI_TERM_STARTUP {"command_sequence":3,"draws":7,"duration_ms":0.635583,"elapsed_ms":56.005834,"event":"submitted","kind":"old","phase":"warm_command_03","pid":12200,"turns":10,"visible":false}

POTYI_TERM_STARTUP {"command_sequence":3,"draws":8,"duration_ms":15.966583,"elapsed_ms":71.337042,"event":"operation","kind":"old","phase":"warm_command_03","pid":12200,"turns":13,"visible":false}

POTYI_TERM_STARTUP {"command_sequence":3,"draws":8,"duration_ms":null,"elapsed_ms":71.381959,"event":"end","kind":"old","phase":"warm_command_03","pid":12200,"turns":13,"visible":false}

POTYI_TERM_STARTUP {"command_sequence":4,"draws":8,"duration_ms":null,"elapsed_ms":71.45925,"event":"phase","kind":"old","phase":"warm_command_04","pid":12200,"turns":13,"visible":false}

POTYI_TERM_STARTUP {"command_sequence":4,"draws":8,"duration_ms":0.66425,"elapsed_ms":72.16579200000001,"event":"submitted","kind":"old","phase":"warm_command_04","pid":12200,"turns":13,"visible":false}

POTYI_TERM_STARTUP {"command_sequence":4,"draws":9,"duration_ms":14.940833000000001,"elapsed_ms":86.44250000000001,"event":"operation","kind":"old","phase":"warm_command_04","pid":12200,"turns":15,"visible":false}

POTYI_TERM_STARTUP {"command_sequence":4,"draws":9,"duration_ms":null,"elapsed_ms":86.487667,"event":"end","kind":"old","phase":"warm_command_04","pid":12200,"turns":15,"visible":false}

POTYI_TERM_STARTUP {"command_sequence":5,"draws":9,"duration_ms":null,"elapsed_ms":86.55233399999999,"event":"phase","kind":"old","phase":"warm_command_05","pid":12200,"turns":15,"visible":false}

POTYI_TERM_STARTUP {"command_sequence":5,"draws":9,"duration_ms":0.6549159999999999,"elapsed_ms":87.24683399999999,"event":"submitted","kind":"old","phase":"warm_command_05","pid":12200,"turns":15,"visible":false}

POTYI_TERM_STARTUP {"command_sequence":5,"draws":10,"duration_ms":14.747665999999999,"elapsed_ms":101.34004200000001,"event":"operation","kind":"old","phase":"warm_command_05","pid":12200,"turns":17,"visible":false}

POTYI_TERM_STARTUP {"command_sequence":5,"draws":10,"duration_ms":null,"elapsed_ms":101.384667,"event":"end","kind":"old","phase":"warm_command_05","pid":12200,"turns":17,"visible":false}

POTYI_TERM_STARTUP {"command_sequence":null,"draws":10,"duration_ms":null,"elapsed_ms":101.426459,"event":"done","kind":"old","phase":"done","pid":12200,"turns":17,"visible":false}
ok

test result: ok. 1 passed; 0 failed; 0 ignored; 0 measured; 930 filtered out; finished in 0.11s

