
running 1 test
test app::input::tests::terminal_startup_probe::matched_terminal_startup_probe ... 
POTYI_TERM_STARTUP {"command_source":"built-in small command","event":"context","fixture_setup_measured":false,"helper_trace_included":false,"kind":"new","pid":12272,"video_driver":"dummy","visible":false,"warm_commands":5}

POTYI_TERM_STARTUP {"command_sequence":null,"draws":0,"duration_ms":null,"elapsed_ms":0.183083,"event":"phase","kind":"new","phase":"pane_create","pid":12272,"turns":0,"visible":false}

POTYI_TERM_STARTUP {"command_sequence":null,"draws":0,"duration_ms":7.791666,"elapsed_ms":8.051167,"event":"open_return","kind":"new","phase":"pane_create","pid":12272,"turns":0,"visible":false}

POTYI_TERM_STARTUP {"command_sequence":null,"draws":2,"duration_ms":null,"elapsed_ms":43.647958,"event":"session_ready","kind":"new","phase":"pane_create","pid":12272,"turns":3,"visible":false}

POTYI_TERM_STARTUP {"command_sequence":null,"draws":4,"duration_ms":44.469625,"elapsed_ms":44.726542,"event":"viewport_settled","kind":"new","phase":"pane_create","pid":12272,"turns":4,"visible":false}

POTYI_TERM_STARTUP {"command_sequence":null,"draws":4,"duration_ms":null,"elapsed_ms":44.767083,"event":"end","kind":"new","phase":"pane_create","pid":12272,"turns":4,"visible":false}

POTYI_TERM_STARTUP {"command_sequence":null,"draws":4,"duration_ms":null,"elapsed_ms":44.823916999999994,"event":"phase","kind":"new","phase":"clear","pid":12272,"turns":4,"visible":false}

POTYI_TERM_STARTUP {"command_sequence":null,"draws":5,"duration_ms":0.636834,"elapsed_ms":45.506041999999994,"event":"operation","kind":"new","phase":"clear","pid":12272,"turns":5,"visible":false}

POTYI_TERM_STARTUP {"command_sequence":null,"draws":5,"duration_ms":null,"elapsed_ms":45.545958,"event":"end","kind":"new","phase":"clear","pid":12272,"turns":5,"visible":false}

POTYI_TERM_STARTUP {"command_sequence":0,"draws":5,"duration_ms":null,"elapsed_ms":45.586042,"event":"phase","kind":"new","phase":"first_command","pid":12272,"turns":5,"visible":false}

POTYI_TERM_STARTUP {"command_sequence":0,"draws":5,"duration_ms":1.309834,"elapsed_ms":46.946333,"event":"submitted","kind":"new","phase":"first_command","pid":12272,"turns":5,"visible":false}

POTYI_TERM_STARTUP {"command_sequence":0,"draws":9,"duration_ms":136.736125,"elapsed_ms":182.37308299999998,"event":"operation","kind":"new","phase":"first_command","pid":12272,"turns":14,"visible":false}

POTYI_TERM_STARTUP {"command_sequence":0,"draws":9,"duration_ms":null,"elapsed_ms":182.42920800000002,"event":"end","kind":"new","phase":"first_command","pid":12272,"turns":14,"visible":false}

POTYI_TERM_STARTUP {"command_sequence":1,"draws":9,"duration_ms":null,"elapsed_ms":182.62841699999998,"event":"phase","kind":"new","phase":"warm_command_01","pid":12272,"turns":14,"visible":false}

POTYI_TERM_STARTUP {"command_sequence":1,"draws":9,"duration_ms":1.163875,"elapsed_ms":183.834833,"event":"submitted","kind":"new","phase":"warm_command_01","pid":12272,"turns":14,"visible":false}

POTYI_TERM_STARTUP {"command_sequence":1,"draws":13,"duration_ms":138.05545899999998,"elapsed_ms":320.727333,"event":"operation","kind":"new","phase":"warm_command_01","pid":12272,"turns":23,"visible":false}

POTYI_TERM_STARTUP {"command_sequence":1,"draws":13,"duration_ms":null,"elapsed_ms":320.774875,"event":"end","kind":"new","phase":"warm_command_01","pid":12272,"turns":23,"visible":false}

POTYI_TERM_STARTUP {"command_sequence":2,"draws":13,"duration_ms":null,"elapsed_ms":320.831958,"event":"phase","kind":"new","phase":"warm_command_02","pid":12272,"turns":23,"visible":false}

POTYI_TERM_STARTUP {"command_sequence":2,"draws":13,"duration_ms":1.789625,"elapsed_ms":322.669625,"event":"submitted","kind":"new","phase":"warm_command_02","pid":12272,"turns":23,"visible":false}

POTYI_TERM_STARTUP {"command_sequence":2,"draws":17,"duration_ms":150.880792,"elapsed_ms":471.761875,"event":"operation","kind":"new","phase":"warm_command_02","pid":12272,"turns":33,"visible":false}

POTYI_TERM_STARTUP {"command_sequence":2,"draws":17,"duration_ms":null,"elapsed_ms":471.821667,"event":"end","kind":"new","phase":"warm_command_02","pid":12272,"turns":33,"visible":false}

POTYI_TERM_STARTUP {"command_sequence":3,"draws":17,"duration_ms":null,"elapsed_ms":471.873417,"event":"phase","kind":"new","phase":"warm_command_03","pid":12272,"turns":33,"visible":false}

POTYI_TERM_STARTUP {"command_sequence":3,"draws":17,"duration_ms":1.488083,"elapsed_ms":473.40700000000004,"event":"submitted","kind":"new","phase":"warm_command_03","pid":12272,"turns":33,"visible":false}

POTYI_TERM_STARTUP {"command_sequence":3,"draws":21,"duration_ms":144.17445800000002,"elapsed_ms":616.094208,"event":"operation","kind":"new","phase":"warm_command_03","pid":12272,"turns":42,"visible":false}

POTYI_TERM_STARTUP {"command_sequence":3,"draws":21,"duration_ms":null,"elapsed_ms":616.143667,"event":"end","kind":"new","phase":"warm_command_03","pid":12272,"turns":42,"visible":false}

POTYI_TERM_STARTUP {"command_sequence":4,"draws":21,"duration_ms":null,"elapsed_ms":616.200208,"event":"phase","kind":"new","phase":"warm_command_04","pid":12272,"turns":42,"visible":false}

POTYI_TERM_STARTUP {"command_sequence":4,"draws":21,"duration_ms":1.419958,"elapsed_ms":617.6592079999999,"event":"submitted","kind":"new","phase":"warm_command_04","pid":12272,"turns":42,"visible":false}

POTYI_TERM_STARTUP {"command_sequence":4,"draws":25,"duration_ms":140.09474999999998,"elapsed_ms":756.3349579999999,"event":"operation","kind":"new","phase":"warm_command_04","pid":12272,"turns":51,"visible":false}

POTYI_TERM_STARTUP {"command_sequence":4,"draws":25,"duration_ms":null,"elapsed_ms":756.384917,"event":"end","kind":"new","phase":"warm_command_04","pid":12272,"turns":51,"visible":false}

POTYI_TERM_STARTUP {"command_sequence":5,"draws":25,"duration_ms":null,"elapsed_ms":756.433833,"event":"phase","kind":"new","phase":"warm_command_05","pid":12272,"turns":51,"visible":false}

POTYI_TERM_STARTUP {"command_sequence":5,"draws":25,"duration_ms":1.145458,"elapsed_ms":757.617833,"event":"submitted","kind":"new","phase":"warm_command_05","pid":12272,"turns":51,"visible":false}

POTYI_TERM_STARTUP {"command_sequence":5,"draws":29,"duration_ms":130.71670799999998,"elapsed_ms":887.190833,"event":"operation","kind":"new","phase":"warm_command_05","pid":12272,"turns":60,"visible":false}

POTYI_TERM_STARTUP {"command_sequence":5,"draws":29,"duration_ms":null,"elapsed_ms":887.241,"event":"end","kind":"new","phase":"warm_command_05","pid":12272,"turns":60,"visible":false}

POTYI_TERM_STARTUP {"command_sequence":null,"draws":29,"duration_ms":null,"elapsed_ms":887.293833,"event":"done","kind":"new","phase":"done","pid":12272,"turns":60,"visible":false}
ok

test result: ok. 1 passed; 0 failed; 0 ignored; 0 measured; 907 filtered out; finished in 0.90s

