
running 1 test
test app::input::tests::terminal_startup_probe::matched_terminal_startup_probe ... 
POTYI_TERM_STARTUP {"command_source":"built-in small command","event":"context","fixture_setup_measured":false,"helper_trace_included":false,"kind":"old","pid":12260,"video_driver":"dummy","visible":false,"warm_commands":5}

POTYI_TERM_STARTUP {"command_sequence":null,"draws":0,"duration_ms":null,"elapsed_ms":0.169667,"event":"phase","kind":"old","phase":"pane_create","pid":12260,"turns":0,"visible":false}

POTYI_TERM_STARTUP {"command_sequence":null,"draws":0,"duration_ms":4.692333,"elapsed_ms":4.920332999999999,"event":"open_return","kind":"old","phase":"pane_create","pid":12260,"turns":0,"visible":false}

POTYI_TERM_STARTUP {"command_sequence":null,"draws":0,"duration_ms":null,"elapsed_ms":4.977208,"event":"legacy_open_ready","kind":"old","phase":"pane_create","pid":12260,"turns":0,"visible":false}

POTYI_TERM_STARTUP {"command_sequence":null,"draws":2,"duration_ms":8.431416,"elapsed_ms":8.65975,"event":"viewport_settled","kind":"old","phase":"pane_create","pid":12260,"turns":1,"visible":false}

POTYI_TERM_STARTUP {"command_sequence":null,"draws":2,"duration_ms":null,"elapsed_ms":8.708292,"event":"end","kind":"old","phase":"pane_create","pid":12260,"turns":1,"visible":false}

POTYI_TERM_STARTUP {"command_sequence":null,"draws":2,"duration_ms":null,"elapsed_ms":8.750833,"event":"phase","kind":"old","phase":"clear","pid":12260,"turns":1,"visible":false}

POTYI_TERM_STARTUP {"command_sequence":null,"draws":3,"duration_ms":1.072083,"elapsed_ms":9.859875,"event":"operation","kind":"old","phase":"clear","pid":12260,"turns":2,"visible":false}

POTYI_TERM_STARTUP {"command_sequence":null,"draws":3,"duration_ms":null,"elapsed_ms":9.909667,"event":"end","kind":"old","phase":"clear","pid":12260,"turns":2,"visible":false}

POTYI_TERM_STARTUP {"command_sequence":0,"draws":3,"duration_ms":null,"elapsed_ms":9.949917000000001,"event":"phase","kind":"old","phase":"first_command","pid":12260,"turns":2,"visible":false}

POTYI_TERM_STARTUP {"command_sequence":0,"draws":3,"duration_ms":1.151292,"elapsed_ms":11.140583000000001,"event":"submitted","kind":"old","phase":"first_command","pid":12260,"turns":2,"visible":false}

POTYI_TERM_STARTUP {"command_sequence":0,"draws":5,"duration_ms":17.803542,"elapsed_ms":27.793625,"event":"operation","kind":"old","phase":"first_command","pid":12260,"turns":6,"visible":false}

POTYI_TERM_STARTUP {"command_sequence":0,"draws":5,"duration_ms":null,"elapsed_ms":27.843708000000003,"event":"end","kind":"old","phase":"first_command","pid":12260,"turns":6,"visible":false}

POTYI_TERM_STARTUP {"command_sequence":1,"draws":5,"duration_ms":null,"elapsed_ms":27.910792,"event":"phase","kind":"old","phase":"warm_command_01","pid":12260,"turns":6,"visible":false}

POTYI_TERM_STARTUP {"command_sequence":1,"draws":5,"duration_ms":0.638125,"elapsed_ms":28.589541999999998,"event":"submitted","kind":"old","phase":"warm_command_01","pid":12260,"turns":6,"visible":false}

POTYI_TERM_STARTUP {"command_sequence":1,"draws":7,"duration_ms":16.566208,"elapsed_ms":44.518833,"event":"operation","kind":"old","phase":"warm_command_01","pid":12260,"turns":8,"visible":false}

POTYI_TERM_STARTUP {"command_sequence":1,"draws":7,"duration_ms":null,"elapsed_ms":44.568749999999994,"event":"end","kind":"old","phase":"warm_command_01","pid":12260,"turns":8,"visible":false}

POTYI_TERM_STARTUP {"command_sequence":2,"draws":7,"duration_ms":null,"elapsed_ms":44.646291999999995,"event":"phase","kind":"old","phase":"warm_command_02","pid":12260,"turns":8,"visible":false}

POTYI_TERM_STARTUP {"command_sequence":2,"draws":7,"duration_ms":0.748542,"elapsed_ms":45.435,"event":"submitted","kind":"old","phase":"warm_command_02","pid":12260,"turns":8,"visible":false}

POTYI_TERM_STARTUP {"command_sequence":2,"draws":10,"duration_ms":34.608292,"elapsed_ms":79.299125,"event":"operation","kind":"old","phase":"warm_command_02","pid":12260,"turns":12,"visible":false}

POTYI_TERM_STARTUP {"command_sequence":2,"draws":10,"duration_ms":null,"elapsed_ms":79.389042,"event":"end","kind":"old","phase":"warm_command_02","pid":12260,"turns":12,"visible":false}

POTYI_TERM_STARTUP {"command_sequence":3,"draws":10,"duration_ms":null,"elapsed_ms":79.455708,"event":"phase","kind":"old","phase":"warm_command_03","pid":12260,"turns":12,"visible":false}

POTYI_TERM_STARTUP {"command_sequence":3,"draws":10,"duration_ms":1.882625,"elapsed_ms":81.380417,"event":"submitted","kind":"old","phase":"warm_command_03","pid":12260,"turns":12,"visible":false}

POTYI_TERM_STARTUP {"command_sequence":3,"draws":12,"duration_ms":19.256833,"elapsed_ms":98.757917,"event":"operation","kind":"old","phase":"warm_command_03","pid":12260,"turns":15,"visible":false}

POTYI_TERM_STARTUP {"command_sequence":3,"draws":12,"duration_ms":null,"elapsed_ms":98.810458,"event":"end","kind":"old","phase":"warm_command_03","pid":12260,"turns":15,"visible":false}

POTYI_TERM_STARTUP {"command_sequence":4,"draws":12,"duration_ms":null,"elapsed_ms":98.855625,"event":"phase","kind":"old","phase":"warm_command_04","pid":12260,"turns":15,"visible":false}

POTYI_TERM_STARTUP {"command_sequence":4,"draws":12,"duration_ms":0.828375,"elapsed_ms":99.72512499999999,"event":"submitted","kind":"old","phase":"warm_command_04","pid":12260,"turns":15,"visible":false}

POTYI_TERM_STARTUP {"command_sequence":4,"draws":14,"duration_ms":18.107499999999998,"elapsed_ms":117.004625,"event":"operation","kind":"old","phase":"warm_command_04","pid":12260,"turns":18,"visible":false}

POTYI_TERM_STARTUP {"command_sequence":4,"draws":14,"duration_ms":null,"elapsed_ms":117.05508300000001,"event":"end","kind":"old","phase":"warm_command_04","pid":12260,"turns":18,"visible":false}

POTYI_TERM_STARTUP {"command_sequence":5,"draws":14,"duration_ms":null,"elapsed_ms":117.103542,"event":"phase","kind":"old","phase":"warm_command_05","pid":12260,"turns":18,"visible":false}

POTYI_TERM_STARTUP {"command_sequence":5,"draws":14,"duration_ms":0.7757499999999999,"elapsed_ms":117.917833,"event":"submitted","kind":"old","phase":"warm_command_05","pid":12260,"turns":18,"visible":false}

POTYI_TERM_STARTUP {"command_sequence":5,"draws":16,"duration_ms":16.69425,"elapsed_ms":133.837792,"event":"operation","kind":"old","phase":"warm_command_05","pid":12260,"turns":20,"visible":false}

POTYI_TERM_STARTUP {"command_sequence":5,"draws":16,"duration_ms":null,"elapsed_ms":133.940958,"event":"end","kind":"old","phase":"warm_command_05","pid":12260,"turns":20,"visible":false}

POTYI_TERM_STARTUP {"command_sequence":null,"draws":16,"duration_ms":null,"elapsed_ms":133.99708299999998,"event":"done","kind":"old","phase":"done","pid":12260,"turns":20,"visible":false}
ok

test result: ok. 1 passed; 0 failed; 0 ignored; 0 measured; 907 filtered out; finished in 0.14s

