
running 1 test
test app::input::tests::terminal_resource_probe::matched_terminal_resource_probe ... 
POTYI_TERM_RESOURCE {"event":"ready","phase":"ready","kind":"new","pid":20630,"elapsed_ms":43.385,"draws":5,"turns":5}

POTYI_TERM_RESOURCE {"event":"phase","phase":"idle","kind":"new","pid":20630,"elapsed_ms":43.486,"draws":5,"turns":5}

POTYI_TERM_RESOURCE {"event":"end","phase":"idle","kind":"new","pid":20630,"elapsed_ms":2044.011,"draws":5,"turns":7}

POTYI_TERM_RESOURCE {"event":"phase","phase":"small_command","kind":"new","pid":20630,"elapsed_ms":2044.109,"draws":5,"turns":7}

POTYI_TERM_RESOURCE {"event":"operation","phase":"small_command","kind":"new","duration_ms":182.482}

POTYI_TERM_RESOURCE {"event":"end","phase":"small_command","kind":"new","pid":20630,"elapsed_ms":2226.623,"draws":10,"turns":22}

POTYI_TERM_RESOURCE {"event":"phase","phase":"small_idle","kind":"new","pid":20630,"elapsed_ms":2226.632,"draws":10,"turns":22}

POTYI_TERM_RESOURCE {"event":"end","phase":"small_idle","kind":"new","pid":20630,"elapsed_ms":4227.128,"draws":10,"turns":25}

POTYI_TERM_RESOURCE {"event":"phase","phase":"stream_first","kind":"new","pid":20630,"elapsed_ms":4227.169,"draws":10,"turns":25}

POTYI_TERM_RESOURCE {"event":"operation","phase":"stream_first","kind":"new","duration_ms":2587.744}

POTYI_TERM_RESOURCE {"event":"end","phase":"stream_first","kind":"new","pid":20630,"elapsed_ms":6814.935,"draws":150,"turns":2035}

POTYI_TERM_RESOURCE {"event":"phase","phase":"plateau_first","kind":"new","pid":20630,"elapsed_ms":6814.945,"draws":150,"turns":2035}

POTYI_TERM_RESOURCE {"event":"end","phase":"plateau_first","kind":"new","pid":20630,"elapsed_ms":8815.142,"draws":150,"turns":2038}

POTYI_TERM_RESOURCE {"event":"phase","phase":"stream_second","kind":"new","pid":20630,"elapsed_ms":8815.203,"draws":150,"turns":2038}

POTYI_TERM_RESOURCE {"event":"operation","phase":"stream_second","kind":"new","duration_ms":2588.886}

POTYI_TERM_RESOURCE {"event":"end","phase":"stream_second","kind":"new","pid":20630,"elapsed_ms":11404.114,"draws":290,"turns":4062}

POTYI_TERM_RESOURCE {"event":"phase","phase":"plateau_second","kind":"new","pid":20630,"elapsed_ms":11404.123,"draws":290,"turns":4062}

POTYI_TERM_RESOURCE {"event":"end","phase":"plateau_second","kind":"new","pid":20630,"elapsed_ms":13404.423,"draws":290,"turns":4065}

POTYI_TERM_RESOURCE {"event":"phase","phase":"stream_third","kind":"new","pid":20630,"elapsed_ms":13404.472,"draws":290,"turns":4065}

POTYI_TERM_RESOURCE {"event":"operation","phase":"stream_third","kind":"new","duration_ms":2610.858}

POTYI_TERM_RESOURCE {"event":"end","phase":"stream_third","kind":"new","pid":20630,"elapsed_ms":16015.355,"draws":433,"turns":6351}

POTYI_TERM_RESOURCE {"event":"phase","phase":"plateau_third","kind":"new","pid":20630,"elapsed_ms":16015.365,"draws":433,"turns":6351}

POTYI_TERM_RESOURCE {"event":"end","phase":"plateau_third","kind":"new","pid":20630,"elapsed_ms":18015.654,"draws":433,"turns":6354}

POTYI_TERM_RESOURCE {"event":"phase","phase":"resize","kind":"new","pid":20630,"elapsed_ms":18015.682,"draws":433,"turns":6354}

POTYI_TERM_RESOURCE {"event":"operation","phase":"resize","kind":"new","duration_ms":1701.425,"resizes":9}

POTYI_TERM_RESOURCE {"event":"end","phase":"resize","kind":"new","pid":20630,"elapsed_ms":19717.135,"draws":553,"turns":10671}

POTYI_TERM_RESOURCE {"event":"phase","phase":"copy_selected","kind":"new","pid":20630,"elapsed_ms":19717.243,"draws":553,"turns":10671}

POTYI_TERM_RESOURCE {"event":"operation","phase":"copy_selected","kind":"new","duration_ms":1.410,"copied_bytes":4096}

POTYI_TERM_RESOURCE {"event":"end","phase":"copy_selected","kind":"new","pid":20630,"elapsed_ms":20468.759,"draws":555,"turns":10675}

POTYI_TERM_RESOURCE {"event":"phase","phase":"copy_all","kind":"new","pid":20630,"elapsed_ms":20468.822,"draws":555,"turns":10675}

POTYI_TERM_RESOURCE {"event":"operation","phase":"copy_all","kind":"new","duration_ms":49.973,"copied_bytes":4785422}

POTYI_TERM_RESOURCE {"event":"end","phase":"copy_all","kind":"new","pid":20630,"elapsed_ms":21269.026,"draws":557,"turns":10680}

POTYI_TERM_RESOURCE {"event":"phase","phase":"copied_idle","kind":"new","pid":20630,"elapsed_ms":21269.068,"draws":557,"turns":10680}

POTYI_TERM_RESOURCE {"event":"end","phase":"copied_idle","kind":"new","pid":20630,"elapsed_ms":23269.311,"draws":557,"turns":10682}

POTYI_TERM_RESOURCE {"event":"done","phase":"done","kind":"new","pid":20630,"elapsed_ms":23269.340,"draws":557,"turns":10682}
ok

test result: ok. 1 passed; 0 failed; 0 ignored; 0 measured; 930 filtered out; finished in 23.36s

