   Compiling proc-macro2 v1.0.107
   Compiling unicode-ident v1.0.24
   Compiling quote v1.0.47
   Compiling libc v0.2.189
   Compiling memchr v2.8.3
   Compiling serde_core v1.0.229
   Compiling thiserror v1.0.69
   Compiling cfg_aliases v0.1.1
   Compiling cfg-if v1.0.4
   Compiling zmij v1.0.23
   Compiling anyhow v1.0.104
   Compiling nix v0.28.0
   Compiling bitflags v2.13.2
   Compiling aho-corasick v1.1.5
   Compiling serde_json v1.0.151
   Compiling arrayvec v0.7.8
   Compiling itoa v1.0.18
   Compiling serde v1.0.229
   Compiling regex-syntax v0.8.11
   Compiling vte v0.15.0
   Compiling unicode-width v0.2.2
   Compiling downcast-rs v1.2.1
   Compiling log v0.4.34
   Compiling shell-words v1.1.1
   Compiling vt100 v0.16.2 (/workspace/vendor/vt100)
   Compiling syn v2.0.119
   Compiling syn v3.0.5
   Compiling serial2 v0.2.38
   Compiling getrandom v0.2.12
   Compiling regex-automata v0.4.18
   Compiling serde_derive v1.0.229
   Compiling thiserror-impl v1.0.69
   Compiling regex v1.13.1
   Compiling filedescriptor v0.8.3
   Compiling portable-pty v0.9.0
   Compiling potyi-terminal-backend-check v0.0.0 (/workspace/tools/qa/terminal-backend)
    Finished `dev` profile [unoptimized + debuginfo] target(s) in 9.90s
   Compiling proc-macro2 v1.0.107
   Compiling quote v1.0.47
   Compiling libc v0.2.189
   Compiling serde_core v1.0.229
   Compiling thiserror v1.0.69
   Compiling zmij v1.0.23
   Compiling nix v0.28.0
   Compiling anyhow v1.0.104
   Compiling serde v1.0.229
   Compiling serde_json v1.0.151
   Compiling syn v2.0.119
   Compiling syn v3.0.5
   Compiling serial2 v0.2.38
   Compiling getrandom v0.2.12
   Compiling thiserror-impl v1.0.69
   Compiling serde_derive v1.0.229
   Compiling filedescriptor v0.8.3
   Compiling portable-pty v0.9.0
   Compiling potyi-terminal-backend-check v0.0.0 (/workspace/tools/qa/terminal-backend)
    Finished `test` profile [unoptimized + debuginfo] target(s) in 10.60s
     Running unittests src/lib.rs (/target-backend/debug/deps/potyi_terminal_backend_check-07d5890152e3902e)

running 207 tests
test bridge::packet_tests::experimental_terminal_bridge_accepts_coalesced_and_fragmented_request_frames ... ok
test bridge::packet_tests::experimental_terminal_bridge_failed_ack_is_not_reported_as_success ... ok
test bridge::packet_tests::experimental_terminal_bridge_packet_retains_wire_format_and_encoded_limit ... ok
test bridge::packet_tests::experimental_terminal_bridge_rejects_oversize_and_stays_available ... ok
test bridge::packet_tests::experimental_terminal_bridge_trace_is_bounded_and_sanitizes_operation ... ok
test bridge::packet_tests::experimental_terminal_bridge_trace_skips_contention_and_preserves_records ... ok
test bridge::packet_tests::experimental_terminal_ksh_helper_cd_uses_the_builtin_and_reports_real_cwd ... ok
test bridge::tests::authenticated_bridge_completions_have_explicit_ids_status_and_cwd ... ok
test bridge::tests::authenticated_bridge_rejects_foreign_requests_and_keeps_unicode_paths ... ok
test browser::tests::browser_and_terminal_share_ordered_storage_and_single_clear_epoch ... ok
test browser::tests::browser_cancelled_workers_cannot_apply_stale_rows_or_cwd ... ok
test browser::tests::browser_default_listing_preserves_paths_hidden_parent_and_file_types ... ok
test browser::tests::browser_disk_store_and_completion_remain_bounded ... ok
test browser::tests::browser_git_colours_are_requested_after_names_and_do_not_lock_the_index ... ok
test browser::tests::browser_native_commands_keep_existing_files_and_refresh_completion ... ok
test browser::tests::browser_native_path_records_roundtrip_without_utf8_loss ... ok
test browser::tests::browser_retained_links_survive_cd_and_navigation_checks_literal_locations ... ok
test browser::tests::browser_shell_expressions_and_executables_are_not_intercepted ... ok
test browser::tests::direct_folder_entry_is_silent_but_typed_cd_echoes_the_command ... ok
test browser::tests::listing_argument_headers_and_blank_separators_match_legacy_copy ... ok
test browser::tests::native_packing_metadata_keeps_modes_unicode_width_and_git_replacements ... ok
test browser::tests::recursive_listing_visits_children_at_each_directory_entry_in_filesystem_order ... ok
test browser::tests::successful_native_listing_persists_the_legacy_final_blank_line ... ok
test browser::tests::synchronous_native_command_cancels_previous_source_before_starting ... ok
test browser::tests::wide_listing_retains_long_filename_padding_in_disk_metadata ... ok
test diagnostic_links::tests::absolute_live_diagnostics_work_but_source_boundaries_never_join ... ok
test diagnostic_links::tests::cached_underlining_is_syntactic_bounded_and_keeps_legacy_command_rules ... ok
test diagnostic_links::tests::cancellation_clear_stale_unicode_offset_and_hard_newlines_are_safe ... ok
test diagnostic_links::tests::compiler_fallback_is_missing_only_literal_and_at_most_thirty_two_ancestors ... ok
test diagnostic_links::tests::completed_absolute_lookup_remains_valid_after_a_relative_result_veto ... ok
test diagnostic_links::tests::completed_lookup_is_discarded_if_clear_precedes_publication ... ok
test diagnostic_links::tests::completed_lookup_is_discarded_if_its_row_is_evicted_before_publication ... ok
test diagnostic_links::tests::completed_relative_lookup_rechecks_a_late_result_veto_before_publication ... ok
test diagnostic_links::tests::current_search_context_survives_real_header_eviction_without_retaining_old_sources ... ok
test diagnostic_links::tests::existing_literal_colon_filename_takes_precedence_over_location_parsing ... ok
test diagnostic_links::tests::grep_single_file_and_rg_byte_columns_use_retained_command_context ... ok
test diagnostic_links::tests::job_returns_one_result_and_has_no_permanent_index ... ok
test diagnostic_links::tests::logical_line_size_and_row_limits_reject_partial_filename_fragments ... ok
test diagnostic_links::tests::physical_soft_wrap_and_visual_byte_anchors_resolve_as_one_line ... ok
test diagnostic_links::tests::quoted_and_spaced_unicode_diagnostics_keep_numeric_suffix_and_click_range ... ok
test diagnostic_links::tests::relative_diagnostics_require_completed_matching_origin_and_safety_flag ... ok
test diagnostic_links::tests::rust_panic_secondary_and_workspace_paths_keep_location_ranges_and_character_columns ... ok
test git_detail::tests::cancellation_releases_full_queues_and_never_writes_into_a_replaced_view ... ok
test git_detail::tests::exact_hash_links_require_saved_git_context_and_a_complete_token ... ok
test git_detail::tests::git_encoded_metadata_does_not_create_browsing_paths ... ok
test git_detail::tests::git_row_context_survives_header_eviction_and_metadata_is_validated ... ok
test git_detail::tests::line_decoding_and_git_colors_are_chunk_independent_and_bounded ... ok
test git_detail::tests::log_links_open_full_saved_detail_without_touching_the_base_store ... ok
test git_detail::tests::native_git_diff_and_status_keep_their_colors_and_exit_status ... ok
test git_detail::tests::request_retains_repository_options_and_leaves_shell_and_other_git_alone ... ok
test history::tests::cached_blocks_are_invalidated_by_buffered_append_replace_clear_and_wrap ... ok
test history::tests::file_history_clear_reuses_the_file_and_preserves_row_metadata ... ok
test history::tests::file_history_wraps_data_and_disk_index_with_constant_work_buffers ... ok
test history::tests::metadata_replacement_preserves_ring_ids_and_future_appends ... ok
test history::tests::sequential_small_rows_amortize_reads_without_growing_the_cache ... ok
test layout::tests::a_head_scroll_waits_for_eviction_origin_without_hiding_retained_rows ... ok
test layout::tests::changing_plain_tail_finishes_captured_index_and_viewport_work ... ok
test layout::tests::continuous_append_color_and_follow_targets_publish_bounded_frames ... ok
test layout::tests::continuously_mutating_initial_tail_finishes_captured_index_passes ... ok
test layout::tests::eviction_and_clear_reject_old_anchors_and_do_not_grow_the_index ... ok
test layout::tests::eviction_of_continued_lines_reflows_from_a_true_hard_boundary ... ok
test layout::tests::font_columns_reflow_missing_wide_glyphs_without_changing_byte_anchors ... ok
test layout::tests::font_tab_stops_count_combining_scalars_separately_from_glyph_pixels ... ok
test layout::tests::growing_shared_frame_preserves_published_anchors_and_byte_budget ... ok
test layout::tests::huge_tab_runs_and_dense_style_changes_stay_inside_projection_budget ... ok
test layout::tests::live_grid_bounds_and_primary_snapshot_do_not_duplicate_disk_history ... ok
test layout::tests::main_output_uses_legacy_normal_styles_after_ansi_reflow ... ok
test layout::tests::measured_wrap_matches_scalar_pixels_and_unmeasured_hidden_output_suspends ... ok
test layout::tests::native_columns_are_row_major_and_padding_has_no_source_anchor ... ok
test layout::tests::native_listing_blank_and_eof_are_distinct_rows_and_survive_later_output ... ok
test layout::tests::old_and_new_shared_viewports_each_keep_the_original_content_cap ... ok
test layout::tests::one_per_line_and_recursive_headers_stop_packing ... ok
test layout::tests::original_wide_and_tall_normal_geometry_keeps_existing_byte_budget ... ok
test layout::tests::plain_tail_bounds_are_atomic_and_published_text_is_pinned ... ok
test layout::tests::plain_tail_preserves_literal_text_and_seals_with_stable_anchors ... ok
test layout::tests::repeated_cap_eviction_reuses_hard_line_suffix_and_rebases_navigation ... ok
test layout::tests::repeated_live_updates_preserve_a_ready_scrolled_frame_during_rewind ... ok
test layout::tests::resize_append_and_color_only_revision_preserve_logical_positions ... ok
test layout::tests::saved_live_seam_and_incremental_sealing_keep_future_ids_stable ... ok
test layout::tests::shape_only_counting_keeps_fragment_byte_and_segment_boundaries ... ok
test layout::tests::shape_only_counting_matches_wrapping_styles_packing_and_source_boundaries ... ok
test layout::tests::shared_view_reuses_ready_frame_without_copying_text_or_segments ... ok
test layout::tests::sparse_checkpoints_and_visible_projection_are_fixed_bounded_caches ... ok
test layout::tests::terminal_soft_wrap_seams_keep_byte_anchors_and_command_boundaries ... ok
test layout::tests::token_across_saved_physical_rows_is_one_reflowable_line ... ok
test layout::tests::vertical_navigation_is_independent_of_viewport_requests ... ok
test layout::tests::word_wrap_retains_unicode_combining_tabs_long_words_and_blank_lines ... ok
test lifecycle::dispatch_tests::experimental_terminal_lifecycle_cancel_removes_packet_and_rejects_late_completion ... ok
test lifecycle::dispatch_tests::unix::experimental_terminal_production_child_launch_failure_keeps_next_command_available ... ok
test lifecycle::dispatch_tests::unix::experimental_terminal_production_keeps_fresh_state_cwd_and_eof_stdin ... ok
test lifecycle::dispatch_tests::unix::experimental_terminal_production_late_syntax_failure_matches_fresh_c_child ... ok
test lifecycle::dispatch_tests::unix::experimental_terminal_production_preserves_exact_command_text_for_fresh_c ... ok
test lifecycle::dispatch_tests::unix::experimental_terminal_production_syntax_exit_and_exec_failures_keep_dispatcher_usable ... ok
test lifecycle::dispatch_tests::unix::experimental_terminal_raw_preflight_rejects_invalid_body_before_side_effects ... ok
test lifecycle::tests::lifecycle_rejects_overlapping_and_stale_completions_and_cleans_private_files ... ok
test links::tests::file_links_keep_spaces_unicode_and_diagnostic_locations ... ok
test literal_output::tests::all_chunk_boundaries_preserve_split_utf8_and_escape_sequences ... ok
test literal_output::tests::ascii_runs_keep_exact_partial_cap_and_mixed_unicode_continuations ... ok
test literal_output::tests::ascii_runs_match_byte_reference_at_every_control_and_utf8_split ... ok
test literal_output::tests::ascii_runs_match_reference_across_repeated_controls_and_malformed_bytes ... ok
test literal_output::tests::ascii_runs_preserve_unwritten_row_on_callback_errors_and_finish_errors ... ok
test literal_output::tests::callback_failure_does_not_clear_the_unwritten_partial_row ... ok
test literal_output::tests::huge_unterminated_escape_payloads_remain_constant_space_and_can_recovers_boundary ... ok
test literal_output::tests::invalid_utf8_is_lossy_and_incomplete_final_sequence_follows_final_cr ... ok
test literal_output::tests::long_unicode_rows_emit_bounded_continuations_without_losing_characters ... ok
test literal_output::tests::plain_output_retains_tabs_spaces_blank_lines_and_legacy_carriage_returns ... ok
test output_colors::tests::ansi_diagnostics_use_exact_legacy_colors_and_normal_text_styles ... ok
test output_colors::tests::appending_after_completed_projection_replaces_eof_without_a_blank_between_commands ... ok
test output_colors::tests::clear_forgets_annotation_context_but_keeps_active_diff_family ... ok
test output_colors::tests::completion_metadata_keeps_only_the_final_legacy_empty_eof_row ... ok
test output_colors::tests::exact_legacy_palette_and_native_git_colors_apply_only_to_names ... ok
test output_colors::tests::failed_command_footer_projects_eof_then_removes_it_on_append ... ok
test output_colors::tests::legacy_ansi_neutral_style_is_shared_by_saved_output_and_live_tail ... ok
test output_colors::tests::line_prefix_and_span_storage_remain_bounded_and_partial_styles_do_not_leak ... ok
test output_colors::tests::live_tail_reclassifies_saved_prefix_and_underlines_wrapped_location_before_completion ... ok
test output_colors::tests::live_wrapped_location_underlines_saved_prefix_without_filesystem_probes ... ok
test output_colors::tests::native_fixed_columns_survive_reflow_and_preserve_filename_style_ranges ... ok
test output_colors::tests::native_git_classifier_uses_exact_legacy_prefix_and_section_rules ... ok
test output_colors::tests::native_short_and_long_underlines_match_exact_names_and_exclude_binary_rows ... ok
test output_colors::tests::non_git_diff_colors_do_not_leak_into_the_next_command ... ok
test output_colors::tests::plain_command_rows_use_legacy_tab_width_trailing_spaces_and_exact_link_style ... ok
test output_colors::tests::plain_diagnostics_keep_annotations_colored_and_source_excerpt_neutral ... ok
test output_colors::tests::rejected_terminal_rows_do_not_change_storage_or_later_color_context ... ok
test output_colors::tests::saved_git_log_underlines_only_the_commit_hash ... ok
test output_colors::tests::split_error_heading_reclassifies_all_retained_prefix_rows_without_changing_text ... ok
test output_colors::tests::wrapped_rust_location_underlines_only_location_and_keeps_utf8_offsets ... ok
test output_selection::tests::completed_metadata_is_invisible_in_copy_and_navigation_between_commands ... ok
test output_selection::tests::conventional_and_vim_keys_return_layout_requests_and_visual_copy_ranges ... ok
test output_selection::tests::copy_capacity_stays_within_cap_near_non_power_of_two_row_sizes ... ok
test output_selection::tests::copy_keeps_incomplete_live_partial_unterminated_and_metadata_only_empty ... ok
test output_selection::tests::double_word_triple_line_and_shift_drag_use_logical_anchors ... ok
test output_selection::tests::failed_command_footer_owns_empty_eof_and_copies_one_final_newline ... ok
test output_selection::tests::fixed_native_columns_copy_persisted_spaces_and_join_only_same_source_entries ... ok
test output_selection::tests::future_tail_ids_keep_selection_when_snapshot_rows_become_committed ... ok
test output_selection::tests::logical_movement_uses_utf8_and_treats_soft_wrap_as_one_line ... ok
test output_selection::tests::long_word_navigation_decodes_each_record_only_once ... ok
test output_selection::tests::native_listing_final_blank_line_survives_eof_and_a_following_command ... ok
test output_selection::tests::plain_command_output_copy_preserves_tabs_trailing_spaces_and_long_row_continuations ... ok
test output_selection::tests::result_display_matches_legacy_without_changing_raw_provenance ... ok
test output_selection::tests::select_all_and_linewise_copy_include_legacy_final_newline_but_manual_end_excludes_it ... ok
test output_selection::tests::selected_and_all_copy_join_wraps_without_ansi_and_fail_atomically_at_cap ... ok
test output_selection::tests::selection_survives_append_reflow_and_clamps_only_eviction_or_clear ... ok
test output_selection::tests::soft_wrap_cannot_join_a_different_source_or_native_record ... ok
test output_selection::tests::stale_mouse_and_navigation_targets_never_rebind_after_clear ... ok
test output_source::tests::frozen_plain_tail_preserves_tabs_unicode_and_trailing_spaces ... ok
test output_source::tests::pinned_plain_tail_survives_sealing_but_clear_and_cancel_abort ... ok
test prompt::tests::owned_prompt_clear_preserves_command_history ... ok
test prompt::tests::owned_prompt_completion_preserves_tail_and_cycles_both_directions ... ok
test prompt::tests::owned_prompt_dispatch_history_is_shared_bounded_and_deduplicates_again ... ok
test prompt::tests::owned_prompt_editing_and_completion_leave_history_navigation ... ok
test prompt::tests::owned_prompt_edits_unicode_and_restores_history_draft ... ok
test prompt::tests::owned_prompt_external_and_executable_paths_never_gain_shell_expansion ... ok
test prompt::tests::owned_prompt_paste_normalizes_newlines_inside_the_bounded_buffer ... ok
test prompt::tests::owned_prompt_storage_has_byte_limits_and_keeps_utf8_boundaries ... ok
test session::tests::experimental_terminal_cd_and_resize_reach_the_real_pty ... ok
test session::tests::experimental_terminal_clear_discards_unfinished_plain_tail_without_resurrecting_old_text ... ok
test session::tests::experimental_terminal_clear_keeps_active_command_and_captures_future_output_in_new_epoch ... ok
test session::tests::experimental_terminal_clear_midway_through_internal_marker_keeps_completion_and_hides_nonce ... ok
test session::tests::experimental_terminal_closing_a_flooded_session_releases_blocked_output_workers ... ok
test session::tests::experimental_terminal_control_strings_have_fixed_storage_and_recover ... ok
test session::tests::experimental_terminal_ctrl_c_interrupts_a_job_and_shell_remains_usable ... ok
test session::tests::experimental_terminal_decodes_fragmented_unicode_overwrites_and_alternate_screen ... ok
test session::tests::experimental_terminal_disk_view_keeps_its_position_during_output_and_alternate_screen ... ok
test session::tests::experimental_terminal_disk_view_matches_cells_and_wraps_of_a_reference_parser ... ok
test session::tests::experimental_terminal_drop_terminates_and_reaps_its_shell ... ok
test session::tests::experimental_terminal_end_marker_recovers_fragmented_incomplete_controls_and_snapshots_once ... ok
test session::tests::experimental_terminal_history_survives_reset_and_excludes_alternate_screen ... ok
test session::tests::experimental_terminal_history_uses_disk_and_only_decodes_visible_rows ... ok
test session::tests::experimental_terminal_large_control_counts_stop_at_the_screen_boundary ... ok
test session::tests::experimental_terminal_large_paste_is_rejected_atomically_and_empty_paste_is_idle ... ok
test session::tests::experimental_terminal_line_controls_preserve_rows_outside_the_scroll_region ... ok
test session::tests::experimental_terminal_managed_completion_preserves_environment_and_verified_cwd ... ok
test session::tests::experimental_terminal_managed_dispatch_survives_changed_path_and_cd_function ... ok
test session::tests::experimental_terminal_managed_exit_never_claims_idle_before_session_closes ... ok
test session::tests::experimental_terminal_managed_helper_failure_closes_instead_of_guessing_idle ... ok
test session::tests::experimental_terminal_managed_interrupt_has_an_explicit_completion_and_remains_usable ... ok
test session::tests::experimental_terminal_managed_leftover_stdin_cannot_replay_or_poison_dispatch ... ok
test session::tests::experimental_terminal_managed_nonlogin_startup_keeps_user_environment_and_path ... ok
test session::tests::experimental_terminal_managed_prompt_keeps_stdin_owned_by_running_command ... ok
test session::tests::experimental_terminal_managed_raw_tty_is_restored_before_next_dispatch ... ok
test session::tests::experimental_terminal_managed_stop_before_output_cannot_be_lost_in_dispatch ... ok
test session::tests::experimental_terminal_managed_stop_during_syntax_check_never_runs_the_body ... ok
test session::tests::experimental_terminal_managed_stop_kills_a_command_that_ignores_interrupt ... ok
test session::tests::experimental_terminal_managed_syntax_errors_complete_without_losing_the_shell ... ok
test session::tests::experimental_terminal_persistent_shell_accepts_interactive_input_and_keeps_environment ... ok
test session::tests::experimental_terminal_pipe_text_keeps_each_stream_utf8_complete_and_normalizes_lf ... ok
test session::tests::experimental_terminal_production_accepts_an_unknown_shell_name_with_original_c_contract ... ok
test session::tests::experimental_terminal_production_exit_exec_environment_trap_and_cd_are_isolated ... ok
test session::tests::experimental_terminal_production_startup_runs_once_per_command_and_captures_its_output ... ok
test session::tests::experimental_terminal_production_stdin_is_eof_for_read_and_grep ... ok
test session::tests::experimental_terminal_production_stop_before_output_never_runs_a_following_command ... ok
test session::tests::experimental_terminal_selection_keeps_plain_future_tail_ids_after_newline_commits_to_disk ... ok
test session::tests::experimental_terminal_shared_eof_seals_partial_primary_tail_and_releases_input ... ok
test session::tests::experimental_terminal_shared_transcript_waits_for_marker_and_seals_scrollout_tail_once ... ok
test session::tests::experimental_terminal_unmatched_end_markers_and_vt_clears_preserve_shared_records ... ok
test session::tests::experimental_terminal_workers_coalesce_wakeups_and_quiet_session_has_no_work ... ok
test transcript::tests::batch_reads_bound_rows_and_metadata_plus_payload_bytes ... ok
test transcript::tests::clear_invalidates_empty_views_and_never_reuses_record_ids ... ok
test transcript::tests::complete_record_size_is_validated_before_eviction_or_id_allocation ... ok
test transcript::tests::eviction_keeps_absolute_ids_and_memory_buffers_bounded ... ok
test transcript::tests::full_bounded_command_header_is_preserved_with_directory_metadata ... ok
test transcript::tests::native_directory_bytes_survive_round_trip ... ok
test transcript::tests::native_replacement_changes_revision_without_moving_anchors ... ok
test transcript::tests::raw_diagnostic_style_replacement_preserves_raw_flags_and_original_text ... ok
test transcript::tests::raw_plain_rows_are_utf8_exact_and_zero_width_requires_the_durable_flag ... ok
test transcript::tests::shared_owners_append_to_one_ordered_store ... ok
test transcript::tests::typed_records_keep_order_sources_directories_and_terminal_metadata ... ok

test result: ok. 207 passed; 0 failed; 0 ignored; 0 measured; 0 filtered out; finished in 15.19s

   Compiling vt100 v0.16.2 (/workspace/vendor/vt100)
    Finished `test` profile [unoptimized + debuginfo] target(s) in 1.33s
     Running unittests src/lib.rs (/target-backend/debug/deps/vt100-1cc8cf40c1b4a89e)

running 2 tests
test narrow_tests::one_column_wide_glyphs_do_not_create_half_cells_and_resize_recovers ... ok
test narrow_tests::one_row_wrap_marks_outgoing_history_and_preserves_exact_output ... ok

test result: ok. 2 passed; 0 failed; 0 ignored; 0 measured; 0 filtered out; finished in 0.00s

   Compiling proc-macro2 v1.0.107
   Compiling quote v1.0.47
   Compiling unicode-ident v1.0.24
   Compiling shlex v2.0.1
   Compiling find-msvc-tools v0.1.11
   Compiling stable_deref_trait v1.2.1
   Compiling libc v0.2.189
   Compiling pkg-config v0.3.34
   Compiling rpkg-config v0.1.2
   Compiling vcpkg v0.2.15
   Compiling cfg-if v1.0.4
   Compiling cc v1.4.4
   Compiling sdl3-src v3.4.14
   Compiling serde_core v1.0.229
   Compiling litemap v0.8.3
   Compiling memchr v2.8.3
   Compiling writeable v0.6.4
   Compiling utf8_iter v1.0.4
   Compiling icu_properties_data v2.3.0
   Compiling icu_normalizer_data v2.3.0
   Compiling bitflags v2.13.1
   Compiling cmake v0.1.58
   Compiling winnow v1.0.4
   Compiling crc32fast v1.5.2
   Compiling typenum v1.20.1
   Compiling sdl3-ttf-src v3.2.2
   Compiling sdl3-sys v0.6.8+SDL-3.4.14 (/workspace/vendor/sdl3-sys)
   Compiling hybrid-array v0.4.15
   Compiling sdl3-ttf-sys v0.6.1+SDL-ttf-3.2.2 (/workspace/vendor/sdl3-ttf-sys)
   Compiling syn v2.0.119
   Compiling syn v3.0.4
   Compiling serde_spanned v1.1.1
   Compiling toml_datetime v1.1.1+spec-1.1.0
   Compiling toml_parser v1.1.3+spec-1.1.0
   Compiling smallvec v1.16.0
   Compiling rustix v1.1.4
   Compiling simd-adler32 v0.3.10
   Compiling cfg_aliases v0.1.1
   Compiling thiserror v1.0.69
   Compiling nix v0.28.0
   Compiling toml v1.1.6+spec-1.1.0
   Compiling synstructure v0.13.2
   Compiling version_check v0.9.5
   Compiling log v0.4.34
   Compiling linux-raw-sys v0.12.1
   Compiling adler2 v2.0.1
   Compiling anyhow v1.0.104
   Compiling zmij v1.0.23
   Compiling winresource v0.1.31
   Compiling zerofrom-derive v0.1.7
   Compiling yoke-derive v0.8.2
   Compiling thiserror-impl v1.0.69
   Compiling miniz_oxide v0.9.1
   Compiling zerovec-derive v0.11.6
   Compiling displaydoc v0.2.7
   Compiling sdl3 v0.18.4
   Compiling crypto-common v0.2.2
   Compiling block-buffer v0.12.1
   Compiling aho-corasick v1.1.5
   Compiling serde_json v1.0.151
   Compiling zerofrom v0.1.8
   Compiling bumpalo v3.20.3
   Compiling serde v1.0.229
   Compiling equivalent v1.0.2
   Compiling zlib-rs v0.6.7
   Compiling percent-encoding v2.3.2
   Compiling hashbrown v0.17.1
   Compiling yoke v0.8.3
   Compiling itoa v1.0.18
   Compiling regex-syntax v0.8.11
   Compiling const-oid v0.10.2
   Compiling arrayvec v0.7.8
   Compiling zerovec v0.11.8
   Compiling zerotrie v0.2.5
   Compiling filedescriptor v0.8.3
   Compiling indexmap v2.14.1
   Compiling digest v0.11.3
   Compiling vte v0.15.0
   Compiling form_urlencoded v1.2.2
   Compiling tinystr v0.8.4
   Compiling potential_utf v0.1.6
   Compiling zopfli v0.8.3
   Compiling icu_collections v2.3.0
   Compiling xattr v1.6.1
   Compiling icu_locale_core v2.3.0
   Compiling regex-automata v0.4.18
   Compiling serde_derive v1.0.229
   Compiling potyi v0.1.8 (/workspace)
   Compiling flate2 v1.1.10
   Compiling toml_datetime v0.7.5+spec-1.1.0
   Compiling icu_provider v2.3.1
   Compiling filetime v0.2.29
   Compiling serial2 v0.2.38
   Compiling cpufeatures v0.3.1
   Compiling icu_properties v2.3.0
   Compiling icu_normalizer v2.3.0
   Compiling winnow v0.7.15
   Compiling typed-path v0.12.3
   Compiling shell-words v1.1.1
   Compiling downcast-rs v1.2.1
   Compiling unicode-width v0.2.2
   Compiling toml_writer v1.1.2+spec-1.1.0
   Compiling vt100 v0.16.2 (/workspace/vendor/vt100)
   Compiling portable-pty v0.9.0
   Compiling regex v1.13.1
   Compiling idna_adapter v1.2.2
   Compiling zip v8.6.0
   Compiling idna v1.1.0
   Compiling toml v0.9.12+spec-1.1.0
   Compiling sha2 v0.11.0
   Compiling url v2.5.8
   Compiling tar v0.4.46
   Compiling getrandom v0.2.12
warning: unused import: `Row`
 --> src/experimental_terminal/pane.rs:4:44
  |
4 |     browser::{BrowseAction, Browser, Kind, Row},
  |                                            ^^^
  |
  = note: `#[warn(unused_imports)]` (part of `#[warn(unused)]`) on by default

warning: function `handle_search_key` is never used
  --> src/app/search.rs:17:15
   |
17 | pub(crate) fn handle_search_key(
   |               ^^^^^^^^^^^^^^^^^
   |
   = note: `#[warn(dead_code)]` (part of `#[warn(unused)]`) on by default

warning: enum `SearchKeyResult` is never used
   --> src/app/search.rs:129:17
    |
129 | pub(crate) enum SearchKeyResult {
    |                 ^^^^^^^^^^^^^^^

warning: function `replacement_requires_cursor_refresh` is never used
   --> src/app/search.rs:137:15
    |
137 | pub(crate) fn replacement_requires_cursor_refresh(
    |               ^^^^^^^^^^^^^^^^^^^^^^^^^^^^^^^^^^^

warning: method `is_empty` is never used
  --> src/editor/document_state.rs:43:19
   |
26 | impl HistoryStack {
   | ----------------- method in this implementation
...
43 |     pub(crate) fn is_empty(&self) -> bool {
   |                   ^^^^^^^^

warning: function `setup_script` is never used
   --> src/experimental_terminal/bridge.rs:424:15
    |
424 | pub(crate) fn setup_script() -> String {
    |               ^^^^^^^^^^^^

warning: constant `MAX_READ_ROWS` is never used
  --> src/experimental_terminal/browser.rs:29:7
   |
29 | const MAX_READ_ROWS: usize = 256;
   |       ^^^^^^^^^^^^^

warning: associated items `new`, `open_with_transcript`, `len`, `rows`, `refresh`, and `start` are never used
   --> src/experimental_terminal/browser.rs:122:19
    |
119 | impl Browser {
    | ------------ associated items in this implementation
...
122 |     pub(crate) fn new(directory: &Path, wake: Wake) -> io::Result<Self> {
    |                   ^^^
...
126 |     pub(crate) fn open_with_transcript(
    |                   ^^^^^^^^^^^^^^^^^^^^
...
197 |     pub(crate) fn len(&self) -> usize {
    |                   ^^^
...
233 |     pub(crate) fn rows(&mut self, start: usize, count: usize) -> io::Result<Vec<Row>> {
    |                   ^^^^
...
315 |     pub(crate) fn refresh(&mut self) -> io::Result<()> {
    |                   ^^^^^^^
...
563 |     fn start(&mut self, work: Work) -> io::Result<()> {
    |        ^^^^^

warning: constant `MAX_READ_ROWS` is never used
  --> src/experimental_terminal/transcript.rs:17:7
   |
17 | const MAX_READ_ROWS: usize = 256;
   |       ^^^^^^^^^^^^^

warning: methods `take_error` and `read_rows` are never used
   --> src/experimental_terminal/transcript.rs:100:19
    |
 64 | impl Transcript {
    | --------------- methods in this implementation
...
100 |     pub(crate) fn take_error(&mut self) -> Option<String> {
    |                   ^^^^^^^^^^
...
405 |     pub(crate) fn read_rows(&mut self, start: usize, count: usize) -> io::Result<Vec<Record>> {
    |                   ^^^^^^^^^

warning: function `record_size` is never used
   --> src/experimental_terminal/transcript.rs:453:4
    |
453 | fn record_size(record: &Record) -> usize {
    |    ^^^^^^^^^^^

warning: method `freeze` is never used
   --> src/experimental_terminal/output_source.rs:161:19
    |
134 | impl Source<'_> {
    | --------------- method in this implementation
...
161 |     pub(super) fn freeze(&self, cancelled: Arc<AtomicBool>) -> FrozenSource {
    |                   ^^^^^^

warning: associated function `start` is never used
  --> src/experimental_terminal/copy_job.rs:23:19
   |
22 | impl CopyJob {
   | ------------ associated function in this implementation
23 |     pub(super) fn start(source: &Source<'_>, selection: &Selection, all: bool, yank: bool, wake: Wake) -> io::Result<Self> {
   |                   ^^^^^

warning: variant `Apply` is never constructed
  --> src/experimental_terminal/navigation_job.rs:14:5
   |
12 | pub(super) enum Work {
   |                 ---- variant in this enum
13 |     Motion(Motion, bool),
14 |     Apply(Anchor, bool),
   |     ^^^^^
   |
   = note: `Work` has a derived impl for the trait `Clone`, but this is intentionally ignored during dead code analysis

warning: associated function `start` is never used
  --> src/experimental_terminal/navigation_job.rs:31:19
   |
30 | impl NavigationJob {
   | ------------------ associated function in this implementation
31 |     pub(super) fn start(source: &Source<'_>, selection: &Selection, work: Work, wake: Wake) -> io::Result<Self> {
   |                   ^^^^^

warning: method `prompt_view` is never used
   --> src/experimental_terminal/pane.rs:294:19
    |
101 | impl Pane {
    | --------- method in this implementation
...
294 |     pub(crate) fn prompt_view(&self, columns: usize) -> (String, usize) {
    |                   ^^^^^^^^^^^

warning: associated items `open_with_environment`, `spawn`, `screen`, and `scroll` are never used
    --> src/experimental_terminal/session.rs:354:19
     |
 323 | impl Session {
     | ------------ associated items in this implementation
...
 354 |     pub(super) fn open_with_environment(
     |                   ^^^^^^^^^^^^^^^^^^^^^
...
 622 |     fn spawn(
     |        ^^^^^
...
1103 |     pub(super) fn screen(&self) -> &vt100::Screen {
     |                   ^^^^^^
...
1255 |     pub(super) fn scroll(&mut self, rows: isize) {
     |                   ^^^^^^

warning: method `anchor_visual_column` is never used
   --> src/experimental_terminal/layout.rs:191:19
    |
138 | impl Fragment {
    | ------------- method in this implementation
...
191 |     pub(crate) fn anchor_visual_column(&self, anchor: Anchor) -> Option<u16> {
    |                   ^^^^^^^^^^^^^^^^^^^^

warning: associated function `new` is never used
   --> src/experimental_terminal/layout.rs:257:8
    |
256 | impl Loaded {
    | ----------- associated function in this implementation
257 |     fn new(record: Record) -> io::Result<Self> {
    |        ^^^

warning: method `cached_start` is never used
    --> src/experimental_terminal/layout.rs:1888:19
     |
1133 | impl Layout {
     | ----------- method in this implementation
...
1888 |     pub(crate) fn cached_start(&self) -> Option<usize> {
     |                   ^^^^^^^^^^^^

warning: method `pending` is never used
   --> src/experimental_terminal/diagnostic_links.rs:134:19
    |
 65 | impl Job {
    | -------- method in this implementation
...
134 |     pub(super) fn pending(&self) -> bool {
    |                   ^^^^^^^

warning: methods `line_text_from_start`, `cursor_line_column`, and `replace_ranges` are never used
    --> src/piece_table.rs:1348:12
     |
 374 | impl Document {
     | ------------- methods in this implementation
...
1348 |     pub fn line_text_from_start(
     |            ^^^^^^^^^^^^^^^^^^^^
...
1748 |     pub fn cursor_line_column(
     |            ^^^^^^^^^^^^^^^^^^
...
3291 |     pub(crate) fn replace_ranges<I>(
     |                   ^^^^^^^^^^^^^^

warning: method `is_empty` is never used
  --> src/piece_table/line_index.rs:57:19
   |
39 | impl LineIndex {
   | -------------- method in this implementation
...
57 |     pub(super) fn is_empty(&self) -> bool {
   |                   ^^^^^^^^

warning: multiple methods are never used
   --> src/piece_table/view.rs:72:19
    |
 42 | impl PieceTable {
    | --------------- methods in this implementation
...
 72 |     pub(crate) fn pieces(&self) -> Ref<'_, [Piece]> {
    |                   ^^^^^^
...
115 |     pub(crate) fn refresh_view_from(&mut self, source: &Self) -> io::Result<()> {
    |                   ^^^^^^^^^^^^^^^^^
...
121 |     pub fn cursor_line_column(&self) -> io::Result<(usize, usize)> {
    |            ^^^^^^^^^^^^^^^^^^
...
133 |     pub fn debug(&mut self) {
    |            ^^^^^
...
227 |     pub fn line_text_from_start(&mut self, start: usize) -> io::Result<(String, usize)> {
    |            ^^^^^^^^^^^^^^^^^^^^
...
357 |     pub(crate) fn replace_ranges<I>(
    |                   ^^^^^^^^^^^^^^
...
451 |     pub(crate) fn enable_recovery_at(&mut self, root: PathBuf, source: Option<&Path>) {
    |                   ^^^^^^^^^^^^^^^^^^

warning: associated items `visual_column_for_text`, `visual_x_for_column`, `logical_column_for_document_x`, and `search_bar_reserved_height` are never used
    --> src/renderer.rs:632:8
     |
 195 | impl<'a> Renderer<'a> {
     | --------------------- associated items in this implementation
...
 632 |     fn visual_column_for_text(
     |        ^^^^^^^^^^^^^^^^^^^^^^
...
 675 |     fn visual_x_for_column(
     |        ^^^^^^^^^^^^^^^^^^^
...
 690 |     fn logical_column_for_document_x(
     |        ^^^^^^^^^^^^^^^^^^^^^^^^^^^^^
...
1816 |     fn search_bar_reserved_height(
     |        ^^^^^^^^^^^^^^^^^^^^^^^^^^

warning: method `experimental_send` is never used
   --> src/renderer/experimental.rs:223:19
    |
  9 | impl<'a> Renderer<'a> {
    | --------------------- method in this implementation
...
223 |     pub(crate) fn experimental_send(&mut self, command: &str) -> Result<(), String> {
    |                   ^^^^^^^^^^^^^^^^^

warning: field `search_origin` is never read
  --> src/search.rs:68:5
   |
65 | pub struct Searcher {
   |            -------- field in this struct
...
68 |     search_origin: usize,
   |     ^^^^^^^^^^^^^

warning: methods `is_empty`, `len`, `visit_non_overlapping_matches`, `find_forward`, and `find_backward` are never used
   --> src/search.rs:130:12
    |
 72 | impl Searcher {
    | ------------- methods in this implementation
...
130 |     pub fn is_empty(&self) -> bool {
    |            ^^^^^^^^
...
135 |     pub fn len(&self) -> usize {
    |            ^^^
...
148 |     pub fn visit_non_overlapping_matches<F>(
    |            ^^^^^^^^^^^^^^^^^^^^^^^^^^^^^
...
382 |     pub fn find_forward(
    |            ^^^^^^^^^^^^
...
554 | pub fn find_backward(
    |        ^^^^^^^^^^^^^

warning: multiple methods are never used
   --> src/search_ui.rs:126:12
    |
 87 | impl SearchUi {
    | ------------- methods in this implementation
...
126 |     pub fn panel_mode(&self) -> SearchPanelMode {
    |            ^^^^^^^^^^
...
187 |     pub fn set_mode(
    |            ^^^^^^^^
...
212 |     pub fn cycle_mode(
    |            ^^^^^^^^^^
...
240 |     pub fn open(
    |            ^^^^
...
272 |     pub fn open_replace(
    |            ^^^^^^^^^^^^
...
402 |     pub fn focus_next_field(&mut self, _backwards: bool) {
    |            ^^^^^^^^^^^^^^^^
...
423 |     pub fn set_query(
    |            ^^^^^^^^^
...
451 |     pub fn insert_text(
    |            ^^^^^^^^^^^
...
487 |     pub fn backspace(
    |            ^^^^^^^^^
...
524 |     pub fn delete(
    |            ^^^^^^
...
565 |     pub fn move_left(&mut self) {
    |            ^^^^^^^^^
...
577 |     pub fn move_right(&mut self) {
    |            ^^^^^^^^^^
...
591 |     pub fn move_home(&mut self) {
    |            ^^^^^^^^^
...
597 |     pub fn move_end(&mut self) {
    |            ^^^^^^^^
...
607 |     pub fn insert_focused_text(
    |            ^^^^^^^^^^^^^^^^^^^
...
643 |     pub fn backspace_focused(
    |            ^^^^^^^^^^^^^^^^^
...
678 |     pub fn delete_focused(
    |            ^^^^^^^^^^^^^^
...
711 |     pub fn move_focused_left(&mut self) {
    |            ^^^^^^^^^^^^^^^^^
...
730 |     pub fn move_focused_right(&mut self) {
    |            ^^^^^^^^^^^^^^^^^^
...
749 |     pub fn move_focused_home(&mut self) {
    |            ^^^^^^^^^^^^^^^^^
...
764 |     pub fn move_focused_end(&mut self) {
    |            ^^^^^^^^^^^^^^^^

warning: function `previous_char_boundary` is never used
    --> src/search_ui.rs:1132:4
     |
1132 | fn previous_char_boundary(
     |    ^^^^^^^^^^^^^^^^^^^^^^

warning: function `next_char_boundary` is never used
    --> src/search_ui.rs:1152:4
     |
1152 | fn next_char_boundary(
     |    ^^^^^^^^^^^^^^^^^^

warning: field `name` is never read
  --> src/syntax.rs:41:9
   |
40 | pub struct SyntaxDefinition {
   |            ---------------- field in this struct
41 |     pub name: String,
   |         ^^^^
   |
   = note: `SyntaxDefinition` has a derived impl for the trait `Debug`, but this is intentionally ignored during dead code analysis

warning: field `pattern` is never read
  --> src/syntax.rs:49:9
   |
47 | pub struct SyntaxRule {
   |            ---------- field in this struct
48 |     pub name: String,
49 |     pub pattern: String,
   |         ^^^^^^^
   |
   = note: `SyntaxRule` has a derived impl for the trait `Debug`, but this is intentionally ignored during dead code analysis

warning: method `output_text` is never used
   --> src/terminal.rs:319:12
    |
194 | impl Terminal {
    | ------------- method in this implementation
...
319 |     pub fn output_text(&self) -> io::Result<String> {
    |            ^^^^^^^^^^^

warning: method `begin_output_drag` is never used
  --> src/terminal/selection.rs:74:12
   |
44 | impl Terminal {
   | ------------- method in this implementation
...
74 |     pub fn begin_output_drag(
   |            ^^^^^^^^^^^^^^^^^

warning: `potyi` (bin "potyi") generated 35 warnings (run `cargo fix --bin "potyi" -p potyi` to apply 1 suggestion)
    Finished `dev` profile [optimized + debuginfo] target(s) in 2m 45s
   Compiling proc-macro2 v1.0.107
   Compiling quote v1.0.47
   Compiling libc v0.2.189
   Compiling serde_core v1.0.229
   Compiling icu_normalizer_data v2.3.0
   Compiling sdl3-sys v0.6.8+SDL-3.4.14 (/workspace/vendor/sdl3-sys)
   Compiling icu_properties_data v2.3.0
   Compiling crc32fast v1.5.2
   Compiling thiserror v1.0.69
   Compiling rustix v1.1.4
   Compiling anyhow v1.0.104
   Compiling zmij v1.0.23
   Compiling flate2 v1.1.10
   Compiling zopfli v0.8.3
   Compiling syn v2.0.119
   Compiling syn v3.0.4
   Compiling serde_spanned v1.1.1
   Compiling toml_datetime v1.1.1+spec-1.1.0
   Compiling toml_datetime v0.7.5+spec-1.1.0
   Compiling toml v1.1.6+spec-1.1.0
   Compiling filetime v0.2.29
   Compiling nix v0.28.0
   Compiling cpufeatures v0.3.1
   Compiling xattr v1.6.1
   Compiling serial2 v0.2.38
   Compiling serde v1.0.229
   Compiling sdl3 v0.18.4
   Compiling winresource v0.1.31
   Compiling synstructure v0.13.2
   Compiling toml v0.9.12+spec-1.1.0
   Compiling zip v8.6.0
   Compiling potyi v0.1.8 (/workspace)
   Compiling tar v0.4.46
   Compiling sha2 v0.11.0
   Compiling zerovec-derive v0.11.6
   Compiling zerofrom-derive v0.1.7
   Compiling yoke-derive v0.8.2
   Compiling displaydoc v0.2.7
   Compiling thiserror-impl v1.0.69
   Compiling serde_derive v1.0.229
   Compiling serde_json v1.0.151
   Compiling getrandom v0.2.12
   Compiling zerofrom v0.1.8
   Compiling yoke v0.8.3
   Compiling zerovec v0.11.8
   Compiling zerotrie v0.2.5
   Compiling tinystr v0.8.4
   Compiling potential_utf v0.1.6
   Compiling icu_collections v2.3.0
   Compiling icu_locale_core v2.3.0
   Compiling filedescriptor v0.8.3
   Compiling portable-pty v0.9.0
   Compiling icu_provider v2.3.1
   Compiling icu_properties v2.3.0
   Compiling icu_normalizer v2.3.0
   Compiling sdl3-ttf-sys v0.6.1+SDL-ttf-3.2.2 (/workspace/vendor/sdl3-ttf-sys)
   Compiling idna_adapter v1.2.2
   Compiling idna v1.1.0
   Compiling url v2.5.8
warning: variable does not need to be mutable
   --> src/tests.rs:742:9
    |
742 |     let mut table = PieceTable::open(
    |         ----^^^^^
    |         |
    |         help: remove this `mut`
    |
    = note: `#[warn(unused_mut)]` (part of `#[warn(unused)]`) on by default

warning: variable does not need to be mutable
   --> src/tests.rs:829:9
    |
829 |     let mut table =
    |         ----^^^^^
    |         |
    |         help: remove this `mut`

warning: variable does not need to be mutable
   --> src/tests.rs:841:9
    |
841 |     let mut table =
    |         ----^^^^^
    |         |
    |         help: remove this `mut`

warning: variable does not need to be mutable
   --> src/tests.rs:852:9
    |
852 |     let mut table =
    |         ----^^^^^
    |         |
    |         help: remove this `mut`

warning: variable does not need to be mutable
   --> src/tests.rs:868:9
    |
868 |     let mut table =
    |         ----^^^^^
    |         |
    |         help: remove this `mut`

warning: variable does not need to be mutable
    --> src/tests.rs:1234:9
     |
1234 |     let mut table =
     |         ----^^^^^
     |         |
     |         help: remove this `mut`

warning: function `setup_script` is never used
   --> src/experimental_terminal/bridge.rs:424:15
    |
424 | pub(crate) fn setup_script() -> String {
    |               ^^^^^^^^^^^^
    |
    = note: `#[warn(dead_code)]` (part of `#[warn(unused)]`) on by default

warning: method `take_error` is never used
   --> src/experimental_terminal/transcript.rs:100:19
    |
 64 | impl Transcript {
    | --------------- method in this implementation
...
100 |     pub(crate) fn take_error(&mut self) -> Option<String> {
    |                   ^^^^^^^^^^

warning: method `freeze` is never used
   --> src/experimental_terminal/output_source.rs:161:19
    |
134 | impl Source<'_> {
    | --------------- method in this implementation
...
161 |     pub(super) fn freeze(&self, cancelled: Arc<AtomicBool>) -> FrozenSource {
    |                   ^^^^^^

warning: associated function `start` is never used
  --> src/experimental_terminal/copy_job.rs:23:19
   |
22 | impl CopyJob {
   | ------------ associated function in this implementation
23 |     pub(super) fn start(source: &Source<'_>, selection: &Selection, all: bool, yank: bool, wake: Wake) -> io::Result<Self> {
   |                   ^^^^^

warning: variant `Apply` is never constructed
  --> src/experimental_terminal/navigation_job.rs:14:5
   |
12 | pub(super) enum Work {
   |                 ---- variant in this enum
13 |     Motion(Motion, bool),
14 |     Apply(Anchor, bool),
   |     ^^^^^
   |
   = note: `Work` has a derived impl for the trait `Clone`, but this is intentionally ignored during dead code analysis

warning: associated function `start` is never used
  --> src/experimental_terminal/navigation_job.rs:31:19
   |
30 | impl NavigationJob {
   | ------------------ associated function in this implementation
31 |     pub(super) fn start(source: &Source<'_>, selection: &Selection, work: Work, wake: Wake) -> io::Result<Self> {
   |                   ^^^^^

warning: method `prompt_view` is never used
   --> src/experimental_terminal/pane.rs:294:19
    |
101 | impl Pane {
    | --------- method in this implementation
...
294 |     pub(crate) fn prompt_view(&self, columns: usize) -> (String, usize) {
    |                   ^^^^^^^^^^^

warning: associated function `new` is never used
   --> src/experimental_terminal/layout.rs:257:8
    |
256 | impl Loaded {
    | ----------- associated function in this implementation
257 |     fn new(record: Record) -> io::Result<Self> {
    |        ^^^

warning: methods `line_text_from_start` and `cursor_line_column` are never used
    --> src/piece_table.rs:1348:12
     |
 374 | impl Document {
     | ------------- methods in this implementation
...
1348 |     pub fn line_text_from_start(
     |            ^^^^^^^^^^^^^^^^^^^^
...
1748 |     pub fn cursor_line_column(
     |            ^^^^^^^^^^^^^^^^^^

warning: methods `debug`, `line_text_from_start`, and `replace_ranges` are never used
   --> src/piece_table/view.rs:133:12
    |
 42 | impl PieceTable {
    | --------------- methods in this implementation
...
133 |     pub fn debug(&mut self) {
    |            ^^^^^
...
227 |     pub fn line_text_from_start(&mut self, start: usize) -> io::Result<(String, usize)> {
    |            ^^^^^^^^^^^^^^^^^^^^
...
357 |     pub(crate) fn replace_ranges<I>(
    |                   ^^^^^^^^^^^^^^

warning: associated function `search_bar_reserved_height` is never used
    --> src/renderer.rs:1816:8
     |
 195 | impl<'a> Renderer<'a> {
     | --------------------- associated function in this implementation
...
1816 |     fn search_bar_reserved_height(
     |        ^^^^^^^^^^^^^^^^^^^^^^^^^^

warning: field `search_origin` is never read
  --> src/search.rs:68:5
   |
65 | pub struct Searcher {
   |            -------- field in this struct
...
68 |     search_origin: usize,
   |     ^^^^^^^^^^^^^

warning: field `pattern` is never read
  --> src/syntax.rs:49:9
   |
47 | pub struct SyntaxRule {
   |            ---------- field in this struct
48 |     pub name: String,
49 |     pub pattern: String,
   |         ^^^^^^^
   |
   = note: `SyntaxRule` has a derived impl for the trait `Debug`, but this is intentionally ignored during dead code analysis

warning: function `test_file` is never used
   --> src/tests.rs:139:4
    |
139 | fn test_file(contents: &[u8]) -> PathBuf {
    |    ^^^^^^^^^

warning: `potyi` (bin "potyi" test) generated 20 warnings (run `cargo fix --bin "potyi" -p potyi --tests` to apply 6 suggestions)
    Finished `test` profile [optimized + debuginfo] target(s) in 43.04s
     Running unittests src/main.rs (/target-app/debug/deps/potyi-e2b8a7d48cca7c28)

running 238 tests
test app::input::tests::experimental_terminal_column_click_opens_on_release_and_drag_keeps_pane ... ok
test app::input::tests::experimental_terminal_command_bar_file_open_preserves_terminal_and_unsaved_split ... ok
test app::input::tests::experimental_terminal_configured_paste_flattens_lines_and_actions_ignore_repeat ... ok
test app::input::tests::experimental_terminal_copy_all_reads_saved_output_once_and_clear_cancels_selection ... ok
test app::input::tests::experimental_terminal_directory_click_never_writes_into_a_running_program ... ok
test app::input::tests::experimental_terminal_embeds_and_routes_input_without_changing_the_document ... ok
test app::input::tests::experimental_terminal_failed_or_cancelled_cd_does_not_launch_a_queued_command ... ok
test app::input::tests::experimental_terminal_git_alt_left_restores_log_while_detail_is_loading ... ok
test app::input::tests::experimental_terminal_git_back_restores_saved_output_draft_and_again_after_clear ... ok
test app::input::tests::experimental_terminal_keyboard_focus_and_linewise_yank_keep_editor_paste_mode ... ok
test app::input::tests::experimental_terminal_native_browsing_completion_quick_open_and_return ... ok
test app::input::tests::experimental_terminal_output_vim_unicode_copy_and_prompt_focus ... ok
test app::input::tests::experimental_terminal_pane_chords_do_not_send_their_text_to_the_shell ... ok
test app::input::tests::experimental_terminal_queued_editor_return_redraws_and_releases_glyphs ... ok
test app::input::tests::experimental_terminal_shell_edit_view_keep_the_terminal_and_protect_unsaved_documents ... ok
test app::input::tests::experimental_terminal_unified_transcript_keeps_listing_command_tail_and_next_listing ... ok
test app::input::tests::experimental_terminal_wrapped_diagnostic_opens_saved_command_file_and_line ... ok
test app::input::tests::terminal_keyboard_links::experimental_terminal_enter_browses_directory ... ok
test app::input::tests::terminal_keyboard_links::experimental_terminal_enter_on_plain_output_returns_to_prompt_without_losing_newer_keys ... ok
test app::input::tests::terminal_keyboard_links::experimental_terminal_enter_opens_file_after_queued_navigation ... ok
test app::input::tests::terminal_keyboard_links::experimental_terminal_enter_opens_git_commit_and_back_restores_log ... ok
test app::input::tests::terminal_keyboard_links::experimental_terminal_enter_opens_wrapped_diagnostic_location ... ok
test app::input::tests::terminal_keyboard_links::experimental_terminal_enter_other_pane_and_cancelled_activation ... ok
test app::input::tests::terminal_visual_probe::experimental_terminal_accent_filename_click_preserves_legacy_hit ... ok
test experimental_terminal::bridge::packet_tests::experimental_terminal_bridge_accepts_coalesced_and_fragmented_request_frames ... ok
test experimental_terminal::bridge::packet_tests::experimental_terminal_bridge_failed_ack_is_not_reported_as_success ... ok
test experimental_terminal::bridge::packet_tests::experimental_terminal_bridge_packet_retains_wire_format_and_encoded_limit ... ok
test experimental_terminal::bridge::packet_tests::experimental_terminal_bridge_rejects_oversize_and_stays_available ... ok
test experimental_terminal::bridge::packet_tests::experimental_terminal_bridge_trace_is_bounded_and_sanitizes_operation ... ok
test experimental_terminal::bridge::packet_tests::experimental_terminal_bridge_trace_skips_contention_and_preserves_records ... ok
test experimental_terminal::bridge::packet_tests::experimental_terminal_ksh_helper_cd_uses_the_builtin_and_reports_real_cwd ... ok
test experimental_terminal::bridge::tests::authenticated_bridge_completions_have_explicit_ids_status_and_cwd ... ok
test experimental_terminal::bridge::tests::authenticated_bridge_rejects_foreign_requests_and_keeps_unicode_paths ... ok
test experimental_terminal::browser::tests::browser_and_terminal_share_ordered_storage_and_single_clear_epoch ... ok
test experimental_terminal::browser::tests::browser_cancelled_workers_cannot_apply_stale_rows_or_cwd ... ok
test experimental_terminal::browser::tests::browser_default_listing_preserves_paths_hidden_parent_and_file_types ... ok
test experimental_terminal::browser::tests::browser_disk_store_and_completion_remain_bounded ... ok
test experimental_terminal::browser::tests::browser_git_colours_are_requested_after_names_and_do_not_lock_the_index ... ok
test experimental_terminal::browser::tests::browser_native_commands_keep_existing_files_and_refresh_completion ... ok
test experimental_terminal::browser::tests::browser_native_path_records_roundtrip_without_utf8_loss ... ok
test experimental_terminal::browser::tests::browser_retained_links_survive_cd_and_navigation_checks_literal_locations ... ok
test experimental_terminal::browser::tests::browser_shell_expressions_and_executables_are_not_intercepted ... ok
test experimental_terminal::browser::tests::direct_folder_entry_is_silent_but_typed_cd_echoes_the_command ... ok
test experimental_terminal::browser::tests::listing_argument_headers_and_blank_separators_match_legacy_copy ... ok
test experimental_terminal::browser::tests::native_packing_metadata_keeps_modes_unicode_width_and_git_replacements ... ok
test experimental_terminal::browser::tests::recursive_listing_visits_children_at_each_directory_entry_in_filesystem_order ... ok
test experimental_terminal::browser::tests::successful_native_listing_persists_the_legacy_final_blank_line ... ok
test experimental_terminal::browser::tests::synchronous_native_command_cancels_previous_source_before_starting ... ok
test experimental_terminal::browser::tests::wide_listing_retains_long_filename_padding_in_disk_metadata ... ok
test experimental_terminal::command_tests::experimental_terminal_entry_keeps_shell_arguments_and_legacy_entry_separate ... ok
test experimental_terminal::comparison::experimental_terminal_comparison_both_backends_run_the_same_shell_command ... ok
test experimental_terminal::comparison::experimental_terminal_comparison_new_backend_receives_input_where_old_stdin_is_closed ... ok
test experimental_terminal::diagnostic_links::tests::absolute_live_diagnostics_work_but_source_boundaries_never_join ... ok
test experimental_terminal::diagnostic_links::tests::cached_underlining_is_syntactic_bounded_and_keeps_legacy_command_rules ... ok
test experimental_terminal::diagnostic_links::tests::cancellation_clear_stale_unicode_offset_and_hard_newlines_are_safe ... ok
test experimental_terminal::diagnostic_links::tests::compiler_fallback_is_missing_only_literal_and_at_most_thirty_two_ancestors ... ok
test experimental_terminal::diagnostic_links::tests::completed_absolute_lookup_remains_valid_after_a_relative_result_veto ... ok
test experimental_terminal::diagnostic_links::tests::completed_lookup_is_discarded_if_clear_precedes_publication ... ok
test experimental_terminal::diagnostic_links::tests::completed_lookup_is_discarded_if_its_row_is_evicted_before_publication ... ok
test experimental_terminal::diagnostic_links::tests::completed_relative_lookup_rechecks_a_late_result_veto_before_publication ... ok
test experimental_terminal::diagnostic_links::tests::current_search_context_survives_real_header_eviction_without_retaining_old_sources ... ok
test experimental_terminal::diagnostic_links::tests::existing_literal_colon_filename_takes_precedence_over_location_parsing ... ok
test experimental_terminal::diagnostic_links::tests::grep_single_file_and_rg_byte_columns_use_retained_command_context ... ok
test experimental_terminal::diagnostic_links::tests::job_returns_one_result_and_has_no_permanent_index ... ok
test experimental_terminal::diagnostic_links::tests::logical_line_size_and_row_limits_reject_partial_filename_fragments ... ok
test experimental_terminal::diagnostic_links::tests::physical_soft_wrap_and_visual_byte_anchors_resolve_as_one_line ... ok
test experimental_terminal::diagnostic_links::tests::quoted_and_spaced_unicode_diagnostics_keep_numeric_suffix_and_click_range ... ok
test experimental_terminal::diagnostic_links::tests::relative_diagnostics_require_completed_matching_origin_and_safety_flag ... ok
test experimental_terminal::diagnostic_links::tests::rust_panic_secondary_and_workspace_paths_keep_location_ranges_and_character_columns ... ok
test experimental_terminal::git_detail::tests::cancellation_releases_full_queues_and_never_writes_into_a_replaced_view ... ok
test experimental_terminal::git_detail::tests::exact_hash_links_require_saved_git_context_and_a_complete_token ... ok
test experimental_terminal::git_detail::tests::git_encoded_metadata_does_not_create_browsing_paths ... ok
test experimental_terminal::git_detail::tests::git_row_context_survives_header_eviction_and_metadata_is_validated ... ok
test experimental_terminal::git_detail::tests::line_decoding_and_git_colors_are_chunk_independent_and_bounded ... ok
test experimental_terminal::git_detail::tests::log_links_open_full_saved_detail_without_touching_the_base_store ... ok
test experimental_terminal::git_detail::tests::native_git_diff_and_status_keep_their_colors_and_exit_status ... ok
test experimental_terminal::git_detail::tests::request_retains_repository_options_and_leaves_shell_and_other_git_alone ... ok
test experimental_terminal::history::tests::cached_blocks_are_invalidated_by_buffered_append_replace_clear_and_wrap ... ok
test experimental_terminal::history::tests::file_history_clear_reuses_the_file_and_preserves_row_metadata ... ok
test experimental_terminal::history::tests::file_history_wraps_data_and_disk_index_with_constant_work_buffers ... ok
test experimental_terminal::history::tests::metadata_replacement_preserves_ring_ids_and_future_appends ... ok
test experimental_terminal::history::tests::sequential_small_rows_amortize_reads_without_growing_the_cache ... ok
test experimental_terminal::input::tests::terminal_keys_reach_the_shell_including_escape_interrupt_and_application_arrows ... ok
test experimental_terminal::layout::tests::a_head_scroll_waits_for_eviction_origin_without_hiding_retained_rows ... ok
test experimental_terminal::layout::tests::changing_plain_tail_finishes_captured_index_and_viewport_work ... ok
test experimental_terminal::layout::tests::continuous_append_color_and_follow_targets_publish_bounded_frames ... ok
test experimental_terminal::layout::tests::continuously_mutating_initial_tail_finishes_captured_index_passes ... ok
test experimental_terminal::layout::tests::eviction_and_clear_reject_old_anchors_and_do_not_grow_the_index ... ok
test experimental_terminal::layout::tests::eviction_of_continued_lines_reflows_from_a_true_hard_boundary ... ok
test experimental_terminal::layout::tests::font_columns_reflow_missing_wide_glyphs_without_changing_byte_anchors ... ok
test experimental_terminal::layout::tests::font_tab_stops_count_combining_scalars_separately_from_glyph_pixels ... ok
test experimental_terminal::layout::tests::growing_shared_frame_preserves_published_anchors_and_byte_budget ... ok
test experimental_terminal::layout::tests::huge_tab_runs_and_dense_style_changes_stay_inside_projection_budget ... ok
test experimental_terminal::layout::tests::live_grid_bounds_and_primary_snapshot_do_not_duplicate_disk_history ... ok
test experimental_terminal::layout::tests::main_output_uses_legacy_normal_styles_after_ansi_reflow ... ok
test experimental_terminal::layout::tests::measured_wrap_matches_scalar_pixels_and_unmeasured_hidden_output_suspends ... ok
test experimental_terminal::layout::tests::native_columns_are_row_major_and_padding_has_no_source_anchor ... ok
test experimental_terminal::layout::tests::native_listing_blank_and_eof_are_distinct_rows_and_survive_later_output ... ok
test experimental_terminal::layout::tests::old_and_new_shared_viewports_each_keep_the_original_content_cap ... ok
test experimental_terminal::layout::tests::one_per_line_and_recursive_headers_stop_packing ... ok
test experimental_terminal::layout::tests::original_wide_and_tall_normal_geometry_keeps_existing_byte_budget ... ok
test experimental_terminal::layout::tests::plain_tail_bounds_are_atomic_and_published_text_is_pinned ... ok
test experimental_terminal::layout::tests::plain_tail_preserves_literal_text_and_seals_with_stable_anchors ... ok
test experimental_terminal::layout::tests::repeated_cap_eviction_reuses_hard_line_suffix_and_rebases_navigation ... ok
test experimental_terminal::layout::tests::repeated_live_updates_preserve_a_ready_scrolled_frame_during_rewind ... ok
test experimental_terminal::layout::tests::resize_append_and_color_only_revision_preserve_logical_positions ... ok
test experimental_terminal::layout::tests::saved_live_seam_and_incremental_sealing_keep_future_ids_stable ... ok
test experimental_terminal::layout::tests::shape_only_counting_keeps_fragment_byte_and_segment_boundaries ... ok
test experimental_terminal::layout::tests::shape_only_counting_matches_wrapping_styles_packing_and_source_boundaries ... ok
test experimental_terminal::layout::tests::shared_view_reuses_ready_frame_without_copying_text_or_segments ... ok
test experimental_terminal::layout::tests::sparse_checkpoints_and_visible_projection_are_fixed_bounded_caches ... ok
test experimental_terminal::layout::tests::terminal_soft_wrap_seams_keep_byte_anchors_and_command_boundaries ... ok
test experimental_terminal::layout::tests::token_across_saved_physical_rows_is_one_reflowable_line ... ok
test experimental_terminal::layout::tests::vertical_navigation_is_independent_of_viewport_requests ... ok
test experimental_terminal::layout::tests::word_wrap_retains_unicode_combining_tabs_long_words_and_blank_lines ... ok
test experimental_terminal::lifecycle::dispatch_tests::experimental_terminal_lifecycle_cancel_removes_packet_and_rejects_late_completion ... ok
test experimental_terminal::lifecycle::dispatch_tests::unix::experimental_terminal_production_child_launch_failure_keeps_next_command_available ... ok
test experimental_terminal::lifecycle::dispatch_tests::unix::experimental_terminal_production_keeps_fresh_state_cwd_and_eof_stdin ... ok
test experimental_terminal::lifecycle::dispatch_tests::unix::experimental_terminal_production_late_syntax_failure_matches_fresh_c_child ... ok
test experimental_terminal::lifecycle::dispatch_tests::unix::experimental_terminal_production_preserves_exact_command_text_for_fresh_c ... ok
test experimental_terminal::lifecycle::dispatch_tests::unix::experimental_terminal_production_syntax_exit_and_exec_failures_keep_dispatcher_usable ... ok
test experimental_terminal::lifecycle::dispatch_tests::unix::experimental_terminal_raw_preflight_rejects_invalid_body_before_side_effects ... ok
test experimental_terminal::lifecycle::tests::lifecycle_rejects_overlapping_and_stale_completions_and_cleans_private_files ... ok
test experimental_terminal::links::tests::file_links_keep_spaces_unicode_and_diagnostic_locations ... ok
test experimental_terminal::literal_output::tests::all_chunk_boundaries_preserve_split_utf8_and_escape_sequences ... ok
test experimental_terminal::literal_output::tests::ascii_runs_keep_exact_partial_cap_and_mixed_unicode_continuations ... ok
test experimental_terminal::literal_output::tests::ascii_runs_match_byte_reference_at_every_control_and_utf8_split ... ok
test experimental_terminal::literal_output::tests::ascii_runs_match_reference_across_repeated_controls_and_malformed_bytes ... ok
test experimental_terminal::literal_output::tests::ascii_runs_preserve_unwritten_row_on_callback_errors_and_finish_errors ... ok
test experimental_terminal::literal_output::tests::callback_failure_does_not_clear_the_unwritten_partial_row ... ok
test experimental_terminal::literal_output::tests::huge_unterminated_escape_payloads_remain_constant_space_and_can_recovers_boundary ... ok
test experimental_terminal::literal_output::tests::invalid_utf8_is_lossy_and_incomplete_final_sequence_follows_final_cr ... ok
test experimental_terminal::literal_output::tests::long_unicode_rows_emit_bounded_continuations_without_losing_characters ... ok
test experimental_terminal::literal_output::tests::plain_output_retains_tabs_spaces_blank_lines_and_legacy_carriage_returns ... ok
test experimental_terminal::output_colors::tests::ansi_diagnostics_use_exact_legacy_colors_and_normal_text_styles ... ok
test experimental_terminal::output_colors::tests::appending_after_completed_projection_replaces_eof_without_a_blank_between_commands ... ok
test experimental_terminal::output_colors::tests::clear_forgets_annotation_context_but_keeps_active_diff_family ... ok
test experimental_terminal::output_colors::tests::completion_metadata_keeps_only_the_final_legacy_empty_eof_row ... ok
test experimental_terminal::output_colors::tests::exact_legacy_palette_and_native_git_colors_apply_only_to_names ... ok
test experimental_terminal::output_colors::tests::failed_command_footer_projects_eof_then_removes_it_on_append ... ok
test experimental_terminal::output_colors::tests::legacy_ansi_neutral_style_is_shared_by_saved_output_and_live_tail ... ok
test experimental_terminal::output_colors::tests::line_prefix_and_span_storage_remain_bounded_and_partial_styles_do_not_leak ... ok
test experimental_terminal::output_colors::tests::live_tail_reclassifies_saved_prefix_and_underlines_wrapped_location_before_completion ... ok
test experimental_terminal::output_colors::tests::live_wrapped_location_underlines_saved_prefix_without_filesystem_probes ... ok
test experimental_terminal::output_colors::tests::native_fixed_columns_survive_reflow_and_preserve_filename_style_ranges ... ok
test experimental_terminal::output_colors::tests::native_git_classifier_uses_exact_legacy_prefix_and_section_rules ... ok
test experimental_terminal::output_colors::tests::native_short_and_long_underlines_match_exact_names_and_exclude_binary_rows ... ok
test experimental_terminal::output_colors::tests::non_git_diff_colors_do_not_leak_into_the_next_command ... ok
test experimental_terminal::output_colors::tests::plain_command_rows_use_legacy_tab_width_trailing_spaces_and_exact_link_style ... ok
test experimental_terminal::output_colors::tests::plain_diagnostics_keep_annotations_colored_and_source_excerpt_neutral ... ok
test experimental_terminal::output_colors::tests::rejected_terminal_rows_do_not_change_storage_or_later_color_context ... ok
test experimental_terminal::output_colors::tests::saved_git_log_underlines_only_the_commit_hash ... ok
test experimental_terminal::output_colors::tests::split_error_heading_reclassifies_all_retained_prefix_rows_without_changing_text ... ok
test experimental_terminal::output_colors::tests::wrapped_rust_location_underlines_only_location_and_keeps_utf8_offsets ... ok
test experimental_terminal::output_selection::tests::completed_metadata_is_invisible_in_copy_and_navigation_between_commands ... ok
test experimental_terminal::output_selection::tests::conventional_and_vim_keys_return_layout_requests_and_visual_copy_ranges ... ok
test experimental_terminal::output_selection::tests::copy_capacity_stays_within_cap_near_non_power_of_two_row_sizes ... ok
test experimental_terminal::output_selection::tests::copy_keeps_incomplete_live_partial_unterminated_and_metadata_only_empty ... ok
test experimental_terminal::output_selection::tests::double_word_triple_line_and_shift_drag_use_logical_anchors ... ok
test experimental_terminal::output_selection::tests::failed_command_footer_owns_empty_eof_and_copies_one_final_newline ... ok
test experimental_terminal::output_selection::tests::fixed_native_columns_copy_persisted_spaces_and_join_only_same_source_entries ... ok
test experimental_terminal::output_selection::tests::future_tail_ids_keep_selection_when_snapshot_rows_become_committed ... ok
test experimental_terminal::output_selection::tests::logical_movement_uses_utf8_and_treats_soft_wrap_as_one_line ... ok
test experimental_terminal::output_selection::tests::long_word_navigation_decodes_each_record_only_once ... ok
test experimental_terminal::output_selection::tests::native_listing_final_blank_line_survives_eof_and_a_following_command ... ok
test experimental_terminal::output_selection::tests::plain_command_output_copy_preserves_tabs_trailing_spaces_and_long_row_continuations ... ok
test experimental_terminal::output_selection::tests::result_display_matches_legacy_without_changing_raw_provenance ... ok
test experimental_terminal::output_selection::tests::select_all_and_linewise_copy_include_legacy_final_newline_but_manual_end_excludes_it ... ok
test experimental_terminal::output_selection::tests::selected_and_all_copy_join_wraps_without_ansi_and_fail_atomically_at_cap ... ok
test experimental_terminal::output_selection::tests::selection_survives_append_reflow_and_clamps_only_eviction_or_clear ... ok
test experimental_terminal::output_selection::tests::soft_wrap_cannot_join_a_different_source_or_native_record ... ok
test experimental_terminal::output_selection::tests::stale_mouse_and_navigation_targets_never_rebind_after_clear ... ok
test experimental_terminal::output_source::tests::frozen_plain_tail_preserves_tabs_unicode_and_trailing_spaces ... ok
test experimental_terminal::output_source::tests::pinned_plain_tail_survives_sealing_but_clear_and_cancel_abort ... ok
test experimental_terminal::painting::tests::experimental_terminal_render_keeps_ansi_colors_wide_backgrounds_and_bounded_cache ... ok
test experimental_terminal::painting::tests::reversed_selection_keeps_unicode_and_soft_wrapped_lines ... ok
test experimental_terminal::prompt::tests::owned_prompt_clear_preserves_command_history ... ok
test experimental_terminal::prompt::tests::owned_prompt_completion_preserves_tail_and_cycles_both_directions ... ok
test experimental_terminal::prompt::tests::owned_prompt_dispatch_history_is_shared_bounded_and_deduplicates_again ... ok
test experimental_terminal::prompt::tests::owned_prompt_editing_and_completion_leave_history_navigation ... ok
test experimental_terminal::prompt::tests::owned_prompt_edits_unicode_and_restores_history_draft ... ok
test experimental_terminal::prompt::tests::owned_prompt_external_and_executable_paths_never_gain_shell_expansion ... ok
test experimental_terminal::prompt::tests::owned_prompt_paste_normalizes_newlines_inside_the_bounded_buffer ... ok
test experimental_terminal::prompt::tests::owned_prompt_storage_has_byte_limits_and_keeps_utf8_boundaries ... ok
test experimental_terminal::session::tests::experimental_terminal_cd_and_resize_reach_the_real_pty ... ok
test experimental_terminal::session::tests::experimental_terminal_clear_discards_unfinished_plain_tail_without_resurrecting_old_text ... ok
test experimental_terminal::session::tests::experimental_terminal_clear_keeps_active_command_and_captures_future_output_in_new_epoch ... ok
test experimental_terminal::session::tests::experimental_terminal_clear_midway_through_internal_marker_keeps_completion_and_hides_nonce ... ok
test experimental_terminal::session::tests::experimental_terminal_closing_a_flooded_session_releases_blocked_output_workers ... ok
test experimental_terminal::session::tests::experimental_terminal_control_strings_have_fixed_storage_and_recover ... ok
test experimental_terminal::session::tests::experimental_terminal_ctrl_c_interrupts_a_job_and_shell_remains_usable ... ok
test experimental_terminal::session::tests::experimental_terminal_decodes_fragmented_unicode_overwrites_and_alternate_screen ... ok
test experimental_terminal::session::tests::experimental_terminal_disk_view_keeps_its_position_during_output_and_alternate_screen ... ok
test experimental_terminal::session::tests::experimental_terminal_disk_view_matches_cells_and_wraps_of_a_reference_parser ... ok
test experimental_terminal::session::tests::experimental_terminal_drop_terminates_and_reaps_its_shell ... ok
test experimental_terminal::session::tests::experimental_terminal_end_marker_recovers_fragmented_incomplete_controls_and_snapshots_once ... ok
test experimental_terminal::session::tests::experimental_terminal_history_survives_reset_and_excludes_alternate_screen ... ok
test experimental_terminal::session::tests::experimental_terminal_history_uses_disk_and_only_decodes_visible_rows ... ok
test experimental_terminal::session::tests::experimental_terminal_large_control_counts_stop_at_the_screen_boundary ... ok
test experimental_terminal::session::tests::experimental_terminal_large_paste_is_rejected_atomically_and_empty_paste_is_idle ... ok
test experimental_terminal::session::tests::experimental_terminal_line_controls_preserve_rows_outside_the_scroll_region ... ok
test experimental_terminal::session::tests::experimental_terminal_managed_completion_preserves_environment_and_verified_cwd ... ok
test experimental_terminal::session::tests::experimental_terminal_managed_dispatch_survives_changed_path_and_cd_function ... ok
test experimental_terminal::session::tests::experimental_terminal_managed_exit_never_claims_idle_before_session_closes ... ok
test experimental_terminal::session::tests::experimental_terminal_managed_helper_failure_closes_instead_of_guessing_idle ... ok
test experimental_terminal::session::tests::experimental_terminal_managed_interrupt_has_an_explicit_completion_and_remains_usable ... ok
test experimental_terminal::session::tests::experimental_terminal_managed_leftover_stdin_cannot_replay_or_poison_dispatch ... ok
test experimental_terminal::session::tests::experimental_terminal_managed_nonlogin_startup_keeps_user_environment_and_path ... ok
test experimental_terminal::session::tests::experimental_terminal_managed_prompt_keeps_stdin_owned_by_running_command ... ok
test experimental_terminal::session::tests::experimental_terminal_managed_raw_tty_is_restored_before_next_dispatch ... ok
test experimental_terminal::session::tests::experimental_terminal_managed_stop_before_output_cannot_be_lost_in_dispatch ... ok
test experimental_terminal::session::tests::experimental_terminal_managed_stop_during_syntax_check_never_runs_the_body ... ok
test experimental_terminal::session::tests::experimental_terminal_managed_stop_kills_a_command_that_ignores_interrupt ... ok
test experimental_terminal::session::tests::experimental_terminal_managed_syntax_errors_complete_without_losing_the_shell ... ok
test experimental_terminal::session::tests::experimental_terminal_persistent_shell_accepts_interactive_input_and_keeps_environment ... ok
test experimental_terminal::session::tests::experimental_terminal_pipe_text_keeps_each_stream_utf8_complete_and_normalizes_lf ... ok
test experimental_terminal::session::tests::experimental_terminal_production_accepts_an_unknown_shell_name_with_original_c_contract ... ok
test experimental_terminal::session::tests::experimental_terminal_production_exit_exec_environment_trap_and_cd_are_isolated ... ok
test experimental_terminal::session::tests::experimental_terminal_production_startup_runs_once_per_command_and_captures_its_output ... ok
test experimental_terminal::session::tests::experimental_terminal_production_stdin_is_eof_for_read_and_grep ... ok
test experimental_terminal::session::tests::experimental_terminal_production_stop_before_output_never_runs_a_following_command ... ok
test experimental_terminal::session::tests::experimental_terminal_selection_keeps_plain_future_tail_ids_after_newline_commits_to_disk ... ok
test experimental_terminal::session::tests::experimental_terminal_shared_eof_seals_partial_primary_tail_and_releases_input ... ok
test experimental_terminal::session::tests::experimental_terminal_shared_transcript_waits_for_marker_and_seals_scrollout_tail_once ... ok
test experimental_terminal::session::tests::experimental_terminal_unmatched_end_markers_and_vt_clears_preserve_shared_records ... ok
test experimental_terminal::session::tests::experimental_terminal_workers_coalesce_wakeups_and_quiet_session_has_no_work ... ok
test experimental_terminal::transcript::tests::batch_reads_bound_rows_and_metadata_plus_payload_bytes ... ok
test experimental_terminal::transcript::tests::clear_invalidates_empty_views_and_never_reuses_record_ids ... ok
test experimental_terminal::transcript::tests::complete_record_size_is_validated_before_eviction_or_id_allocation ... ok
test experimental_terminal::transcript::tests::eviction_keeps_absolute_ids_and_memory_buffers_bounded ... ok
test experimental_terminal::transcript::tests::full_bounded_command_header_is_preserved_with_directory_metadata ... ok
test experimental_terminal::transcript::tests::native_directory_bytes_survive_round_trip ... ok
test experimental_terminal::transcript::tests::native_replacement_changes_revision_without_moving_anchors ... ok
test experimental_terminal::transcript::tests::raw_diagnostic_style_replacement_preserves_raw_flags_and_original_text ... ok
test experimental_terminal::transcript::tests::raw_plain_rows_are_utf8_exact_and_zero_width_requires_the_durable_flag ... ok
test experimental_terminal::transcript::tests::shared_owners_append_to_one_ordered_store ... ok
test experimental_terminal::transcript::tests::typed_records_keep_order_sources_directories_and_terminal_metadata ... ok
test experimental_terminal::window::tests::experimental_terminal_window_runs_a_real_shell_and_renders_output ... ok

test result: ok. 238 passed; 0 failed; 0 ignored; 0 measured; 693 filtered out; finished in 13.31s

