   Compiling vt100 v0.16.2 (/private/tmp/potyi-terminal-performance-20261009-111723/optimized/vendor/vt100)
   Compiling potyi-terminal-backend-check v0.0.0 (/private/tmp/potyi-terminal-performance-20261009-111723/optimized/tools/qa/terminal-backend)
    Finished `dev` profile [unoptimized + debuginfo] target(s) in 12.13s
   Compiling potyi-terminal-backend-check v0.0.0 (/private/tmp/potyi-terminal-performance-20261009-111723/optimized/tools/qa/terminal-backend)
    Finished `test` profile [unoptimized + debuginfo] target(s) in 9.55s
     Running unittests src/lib.rs (/private/tmp/potyi-terminal-final-arm-target/aarch64-apple-darwin/debug/deps/potyi_terminal_backend_check-13b2c4cbd8a89b9a)

running 207 tests
test bridge::packet_tests::experimental_terminal_bridge_accepts_coalesced_and_fragmented_request_frames ... ok
test bridge::packet_tests::experimental_terminal_bridge_failed_ack_is_not_reported_as_success ... ok
test bridge::packet_tests::experimental_terminal_bridge_packet_retains_wire_format_and_encoded_limit ... ok
test bridge::packet_tests::experimental_terminal_bridge_rejects_oversize_and_stays_available ... ok
test bridge::packet_tests::experimental_terminal_bridge_trace_is_bounded_and_sanitizes_operation ... ok
test bridge::packet_tests::experimental_terminal_bridge_trace_skips_contention_and_preserves_records ... ok
test bridge::packet_tests::experimental_terminal_ksh_helper_cd_uses_the_builtin_and_reports_real_cwd ... ok
test bridge::tests::authenticated_bridge_completions_have_explicit_ids_status_and_cwd ... ok
test bridge::tests::authenticated_bridge_rejects_foreign_requests_and_keeps_unicode_paths ... ok
test browser::tests::browser_and_terminal_share_ordered_storage_and_single_clear_epoch ... ok
test browser::tests::browser_cancelled_workers_cannot_apply_stale_rows_or_cwd ... ok
test browser::tests::browser_default_listing_preserves_paths_hidden_parent_and_file_types ... ok
test browser::tests::browser_disk_store_and_completion_remain_bounded ... ok
test browser::tests::browser_git_colours_are_requested_after_names_and_do_not_lock_the_index ... ok
test browser::tests::browser_native_commands_keep_existing_files_and_refresh_completion ... ok
test browser::tests::browser_native_path_records_roundtrip_without_utf8_loss ... ok
test browser::tests::browser_retained_links_survive_cd_and_navigation_checks_literal_locations ... ok
test browser::tests::browser_shell_expressions_and_executables_are_not_intercepted ... ok
test browser::tests::direct_folder_entry_is_silent_but_typed_cd_echoes_the_command ... ok
test browser::tests::listing_argument_headers_and_blank_separators_match_legacy_copy ... ok
test browser::tests::native_packing_metadata_keeps_modes_unicode_width_and_git_replacements ... ok
test browser::tests::recursive_listing_visits_children_at_each_directory_entry_in_filesystem_order ... ok
test browser::tests::successful_native_listing_persists_the_legacy_final_blank_line ... ok
test browser::tests::synchronous_native_command_cancels_previous_source_before_starting ... ok
test browser::tests::wide_listing_retains_long_filename_padding_in_disk_metadata ... ok
test diagnostic_links::tests::absolute_live_diagnostics_work_but_source_boundaries_never_join ... ok
test diagnostic_links::tests::cached_underlining_is_syntactic_bounded_and_keeps_legacy_command_rules ... ok
test diagnostic_links::tests::cancellation_clear_stale_unicode_offset_and_hard_newlines_are_safe ... ok
test diagnostic_links::tests::compiler_fallback_is_missing_only_literal_and_at_most_thirty_two_ancestors ... ok
test diagnostic_links::tests::completed_absolute_lookup_remains_valid_after_a_relative_result_veto ... ok
test diagnostic_links::tests::completed_lookup_is_discarded_if_clear_precedes_publication ... ok
test diagnostic_links::tests::completed_lookup_is_discarded_if_its_row_is_evicted_before_publication ... ok
test diagnostic_links::tests::completed_relative_lookup_rechecks_a_late_result_veto_before_publication ... ok
test diagnostic_links::tests::current_search_context_survives_real_header_eviction_without_retaining_old_sources ... ok
test diagnostic_links::tests::existing_literal_colon_filename_takes_precedence_over_location_parsing ... ok
test diagnostic_links::tests::grep_single_file_and_rg_byte_columns_use_retained_command_context ... ok
test diagnostic_links::tests::job_returns_one_result_and_has_no_permanent_index ... ok
test diagnostic_links::tests::logical_line_size_and_row_limits_reject_partial_filename_fragments ... ok
test diagnostic_links::tests::physical_soft_wrap_and_visual_byte_anchors_resolve_as_one_line ... ok
test diagnostic_links::tests::quoted_and_spaced_unicode_diagnostics_keep_numeric_suffix_and_click_range ... ok
test diagnostic_links::tests::relative_diagnostics_require_completed_matching_origin_and_safety_flag ... ok
test diagnostic_links::tests::rust_panic_secondary_and_workspace_paths_keep_location_ranges_and_character_columns ... ok
test git_detail::tests::cancellation_releases_full_queues_and_never_writes_into_a_replaced_view ... ok
test git_detail::tests::exact_hash_links_require_saved_git_context_and_a_complete_token ... ok
test git_detail::tests::git_encoded_metadata_does_not_create_browsing_paths ... ok
test git_detail::tests::git_row_context_survives_header_eviction_and_metadata_is_validated ... ok
test git_detail::tests::line_decoding_and_git_colors_are_chunk_independent_and_bounded ... ok
test git_detail::tests::log_links_open_full_saved_detail_without_touching_the_base_store ... ok
test git_detail::tests::native_git_diff_and_status_keep_their_colors_and_exit_status ... ok
test git_detail::tests::request_retains_repository_options_and_leaves_shell_and_other_git_alone ... ok
test history::tests::cached_blocks_are_invalidated_by_buffered_append_replace_clear_and_wrap ... ok
test history::tests::file_history_clear_reuses_the_file_and_preserves_row_metadata ... ok
test history::tests::file_history_wraps_data_and_disk_index_with_constant_work_buffers ... ok
test history::tests::metadata_replacement_preserves_ring_ids_and_future_appends ... ok
test history::tests::sequential_small_rows_amortize_reads_without_growing_the_cache ... ok
test layout::tests::a_head_scroll_waits_for_eviction_origin_without_hiding_retained_rows ... ok
test layout::tests::changing_plain_tail_finishes_captured_index_and_viewport_work ... ok
test layout::tests::continuous_append_color_and_follow_targets_publish_bounded_frames ... ok
test layout::tests::continuously_mutating_initial_tail_finishes_captured_index_passes ... ok
test layout::tests::eviction_and_clear_reject_old_anchors_and_do_not_grow_the_index ... ok
test layout::tests::eviction_of_continued_lines_reflows_from_a_true_hard_boundary ... ok
test layout::tests::font_columns_reflow_missing_wide_glyphs_without_changing_byte_anchors ... ok
test layout::tests::font_tab_stops_count_combining_scalars_separately_from_glyph_pixels ... ok
test layout::tests::growing_shared_frame_preserves_published_anchors_and_byte_budget ... ok
test layout::tests::huge_tab_runs_and_dense_style_changes_stay_inside_projection_budget ... ok
test layout::tests::live_grid_bounds_and_primary_snapshot_do_not_duplicate_disk_history ... ok
test layout::tests::main_output_uses_legacy_normal_styles_after_ansi_reflow ... ok
test layout::tests::measured_wrap_matches_scalar_pixels_and_unmeasured_hidden_output_suspends ... ok
test layout::tests::native_columns_are_row_major_and_padding_has_no_source_anchor ... ok
test layout::tests::native_listing_blank_and_eof_are_distinct_rows_and_survive_later_output ... ok
test layout::tests::old_and_new_shared_viewports_each_keep_the_original_content_cap ... ok
test layout::tests::one_per_line_and_recursive_headers_stop_packing ... ok
test layout::tests::original_wide_and_tall_normal_geometry_keeps_existing_byte_budget ... ok
test layout::tests::plain_tail_bounds_are_atomic_and_published_text_is_pinned ... ok
test layout::tests::plain_tail_preserves_literal_text_and_seals_with_stable_anchors ... ok
test layout::tests::repeated_cap_eviction_reuses_hard_line_suffix_and_rebases_navigation ... ok
test layout::tests::repeated_live_updates_preserve_a_ready_scrolled_frame_during_rewind ... ok
test layout::tests::resize_append_and_color_only_revision_preserve_logical_positions ... ok
test layout::tests::saved_live_seam_and_incremental_sealing_keep_future_ids_stable ... ok
test layout::tests::shape_only_counting_keeps_fragment_byte_and_segment_boundaries ... ok
test layout::tests::shape_only_counting_matches_wrapping_styles_packing_and_source_boundaries ... ok
test layout::tests::shared_view_reuses_ready_frame_without_copying_text_or_segments ... ok
test layout::tests::sparse_checkpoints_and_visible_projection_are_fixed_bounded_caches ... ok
test layout::tests::terminal_soft_wrap_seams_keep_byte_anchors_and_command_boundaries ... ok
test layout::tests::token_across_saved_physical_rows_is_one_reflowable_line ... ok
test layout::tests::vertical_navigation_is_independent_of_viewport_requests ... ok
test layout::tests::word_wrap_retains_unicode_combining_tabs_long_words_and_blank_lines ... ok
test lifecycle::dispatch_tests::experimental_terminal_lifecycle_cancel_removes_packet_and_rejects_late_completion ... ok
test lifecycle::dispatch_tests::unix::experimental_terminal_production_child_launch_failure_keeps_next_command_available ... ok
test lifecycle::dispatch_tests::unix::experimental_terminal_production_keeps_fresh_state_cwd_and_eof_stdin ... ok
test lifecycle::dispatch_tests::unix::experimental_terminal_production_late_syntax_failure_matches_fresh_c_child ... ok
test lifecycle::dispatch_tests::unix::experimental_terminal_production_preserves_exact_command_text_for_fresh_c ... ok
test lifecycle::dispatch_tests::unix::experimental_terminal_production_syntax_exit_and_exec_failures_keep_dispatcher_usable ... ok
test lifecycle::dispatch_tests::unix::experimental_terminal_raw_preflight_rejects_invalid_body_before_side_effects ... ok
test lifecycle::tests::lifecycle_rejects_overlapping_and_stale_completions_and_cleans_private_files ... ok
test links::tests::file_links_keep_spaces_unicode_and_diagnostic_locations ... ok
test literal_output::tests::all_chunk_boundaries_preserve_split_utf8_and_escape_sequences ... ok
test literal_output::tests::ascii_runs_keep_exact_partial_cap_and_mixed_unicode_continuations ... ok
test literal_output::tests::ascii_runs_match_byte_reference_at_every_control_and_utf8_split ... ok
test literal_output::tests::ascii_runs_match_reference_across_repeated_controls_and_malformed_bytes ... ok
test literal_output::tests::ascii_runs_preserve_unwritten_row_on_callback_errors_and_finish_errors ... ok
test literal_output::tests::callback_failure_does_not_clear_the_unwritten_partial_row ... ok
test literal_output::tests::huge_unterminated_escape_payloads_remain_constant_space_and_can_recovers_boundary ... ok
test literal_output::tests::invalid_utf8_is_lossy_and_incomplete_final_sequence_follows_final_cr ... ok
test literal_output::tests::long_unicode_rows_emit_bounded_continuations_without_losing_characters ... ok
test literal_output::tests::plain_output_retains_tabs_spaces_blank_lines_and_legacy_carriage_returns ... ok
test output_colors::tests::ansi_diagnostics_use_exact_legacy_colors_and_normal_text_styles ... ok
test output_colors::tests::appending_after_completed_projection_replaces_eof_without_a_blank_between_commands ... ok
test output_colors::tests::clear_forgets_annotation_context_but_keeps_active_diff_family ... ok
test output_colors::tests::completion_metadata_keeps_only_the_final_legacy_empty_eof_row ... ok
test output_colors::tests::exact_legacy_palette_and_native_git_colors_apply_only_to_names ... ok
test output_colors::tests::failed_command_footer_projects_eof_then_removes_it_on_append ... ok
test output_colors::tests::legacy_ansi_neutral_style_is_shared_by_saved_output_and_live_tail ... ok
test output_colors::tests::line_prefix_and_span_storage_remain_bounded_and_partial_styles_do_not_leak ... ok
test output_colors::tests::live_tail_reclassifies_saved_prefix_and_underlines_wrapped_location_before_completion ... ok
test output_colors::tests::live_wrapped_location_underlines_saved_prefix_without_filesystem_probes ... ok
test output_colors::tests::native_fixed_columns_survive_reflow_and_preserve_filename_style_ranges ... ok
test output_colors::tests::native_git_classifier_uses_exact_legacy_prefix_and_section_rules ... ok
test output_colors::tests::native_short_and_long_underlines_match_exact_names_and_exclude_binary_rows ... ok
test output_colors::tests::non_git_diff_colors_do_not_leak_into_the_next_command ... ok
test output_colors::tests::plain_command_rows_use_legacy_tab_width_trailing_spaces_and_exact_link_style ... ok
test output_colors::tests::plain_diagnostics_keep_annotations_colored_and_source_excerpt_neutral ... ok
test output_colors::tests::rejected_terminal_rows_do_not_change_storage_or_later_color_context ... ok
test output_colors::tests::saved_git_log_underlines_only_the_commit_hash ... ok
test output_colors::tests::split_error_heading_reclassifies_all_retained_prefix_rows_without_changing_text ... ok
test output_colors::tests::wrapped_rust_location_underlines_only_location_and_keeps_utf8_offsets ... ok
test output_selection::tests::completed_metadata_is_invisible_in_copy_and_navigation_between_commands ... ok
test output_selection::tests::conventional_and_vim_keys_return_layout_requests_and_visual_copy_ranges ... ok
test output_selection::tests::copy_capacity_stays_within_cap_near_non_power_of_two_row_sizes ... ok
test output_selection::tests::copy_keeps_incomplete_live_partial_unterminated_and_metadata_only_empty ... ok
test output_selection::tests::double_word_triple_line_and_shift_drag_use_logical_anchors ... ok
test output_selection::tests::failed_command_footer_owns_empty_eof_and_copies_one_final_newline ... ok
test output_selection::tests::fixed_native_columns_copy_persisted_spaces_and_join_only_same_source_entries ... ok
test output_selection::tests::future_tail_ids_keep_selection_when_snapshot_rows_become_committed ... ok
test output_selection::tests::logical_movement_uses_utf8_and_treats_soft_wrap_as_one_line ... ok
test output_selection::tests::long_word_navigation_decodes_each_record_only_once ... ok
test output_selection::tests::native_listing_final_blank_line_survives_eof_and_a_following_command ... ok
test output_selection::tests::plain_command_output_copy_preserves_tabs_trailing_spaces_and_long_row_continuations ... ok
test output_selection::tests::result_display_matches_legacy_without_changing_raw_provenance ... ok
test output_selection::tests::select_all_and_linewise_copy_include_legacy_final_newline_but_manual_end_excludes_it ... ok
test output_selection::tests::selected_and_all_copy_join_wraps_without_ansi_and_fail_atomically_at_cap ... ok
test output_selection::tests::selection_survives_append_reflow_and_clamps_only_eviction_or_clear ... ok
test output_selection::tests::soft_wrap_cannot_join_a_different_source_or_native_record ... ok
test output_selection::tests::stale_mouse_and_navigation_targets_never_rebind_after_clear ... ok
test output_source::tests::frozen_plain_tail_preserves_tabs_unicode_and_trailing_spaces ... ok
test output_source::tests::pinned_plain_tail_survives_sealing_but_clear_and_cancel_abort ... ok
test prompt::tests::owned_prompt_clear_preserves_command_history ... ok
test prompt::tests::owned_prompt_completion_preserves_tail_and_cycles_both_directions ... ok
test prompt::tests::owned_prompt_dispatch_history_is_shared_bounded_and_deduplicates_again ... ok
test prompt::tests::owned_prompt_editing_and_completion_leave_history_navigation ... ok
test prompt::tests::owned_prompt_edits_unicode_and_restores_history_draft ... ok
test prompt::tests::owned_prompt_external_and_executable_paths_never_gain_shell_expansion ... ok
test prompt::tests::owned_prompt_paste_normalizes_newlines_inside_the_bounded_buffer ... ok
test prompt::tests::owned_prompt_storage_has_byte_limits_and_keeps_utf8_boundaries ... ok
test session::tests::experimental_terminal_cd_and_resize_reach_the_real_pty ... ok
test session::tests::experimental_terminal_clear_discards_unfinished_plain_tail_without_resurrecting_old_text ... ok
test session::tests::experimental_terminal_clear_keeps_active_command_and_captures_future_output_in_new_epoch ... ok
test session::tests::experimental_terminal_clear_midway_through_internal_marker_keeps_completion_and_hides_nonce ... ok
test session::tests::experimental_terminal_closing_a_flooded_session_releases_blocked_output_workers ... ok
test session::tests::experimental_terminal_control_strings_have_fixed_storage_and_recover ... ok
test session::tests::experimental_terminal_ctrl_c_interrupts_a_job_and_shell_remains_usable ... ok
test session::tests::experimental_terminal_decodes_fragmented_unicode_overwrites_and_alternate_screen ... ok
test session::tests::experimental_terminal_disk_view_keeps_its_position_during_output_and_alternate_screen ... ok
test session::tests::experimental_terminal_disk_view_matches_cells_and_wraps_of_a_reference_parser ... ok
test session::tests::experimental_terminal_drop_terminates_and_reaps_its_shell ... ok
test session::tests::experimental_terminal_end_marker_recovers_fragmented_incomplete_controls_and_snapshots_once ... ok
test session::tests::experimental_terminal_history_survives_reset_and_excludes_alternate_screen ... ok
test session::tests::experimental_terminal_history_uses_disk_and_only_decodes_visible_rows ... ok
test session::tests::experimental_terminal_large_control_counts_stop_at_the_screen_boundary ... ok
test session::tests::experimental_terminal_large_paste_is_rejected_atomically_and_empty_paste_is_idle ... ok
test session::tests::experimental_terminal_line_controls_preserve_rows_outside_the_scroll_region ... ok
test session::tests::experimental_terminal_managed_completion_preserves_environment_and_verified_cwd ... ok
test session::tests::experimental_terminal_managed_dispatch_survives_changed_path_and_cd_function ... ok
test session::tests::experimental_terminal_managed_exit_never_claims_idle_before_session_closes ... ok
test session::tests::experimental_terminal_managed_helper_failure_closes_instead_of_guessing_idle ... ok
test session::tests::experimental_terminal_managed_interrupt_has_an_explicit_completion_and_remains_usable ... ok
test session::tests::experimental_terminal_managed_leftover_stdin_cannot_replay_or_poison_dispatch ... ok
test session::tests::experimental_terminal_managed_nonlogin_startup_keeps_user_environment_and_path ... ok
test session::tests::experimental_terminal_managed_prompt_keeps_stdin_owned_by_running_command ... ok
test session::tests::experimental_terminal_managed_raw_tty_is_restored_before_next_dispatch ... ok
test session::tests::experimental_terminal_managed_stop_before_output_cannot_be_lost_in_dispatch ... ok
test session::tests::experimental_terminal_managed_stop_during_syntax_check_never_runs_the_body ... ok
test session::tests::experimental_terminal_managed_stop_kills_a_command_that_ignores_interrupt ... ok
test session::tests::experimental_terminal_managed_syntax_errors_complete_without_losing_the_shell ... ok
test session::tests::experimental_terminal_persistent_shell_accepts_interactive_input_and_keeps_environment ... ok
test session::tests::experimental_terminal_pipe_text_keeps_each_stream_utf8_complete_and_normalizes_lf ... ok
test session::tests::experimental_terminal_production_accepts_an_unknown_shell_name_with_original_c_contract ... ok
test session::tests::experimental_terminal_production_exit_exec_environment_trap_and_cd_are_isolated ... ok
test session::tests::experimental_terminal_production_startup_runs_once_per_command_and_captures_its_output ... ok
test session::tests::experimental_terminal_production_stdin_is_eof_for_read_and_grep ... ok
test session::tests::experimental_terminal_production_stop_before_output_never_runs_a_following_command ... ok
test session::tests::experimental_terminal_selection_keeps_plain_future_tail_ids_after_newline_commits_to_disk ... ok
test session::tests::experimental_terminal_shared_eof_seals_partial_primary_tail_and_releases_input ... ok
test session::tests::experimental_terminal_shared_transcript_waits_for_marker_and_seals_scrollout_tail_once ... ok
test session::tests::experimental_terminal_unmatched_end_markers_and_vt_clears_preserve_shared_records ... ok
test session::tests::experimental_terminal_workers_coalesce_wakeups_and_quiet_session_has_no_work ... ok
test transcript::tests::batch_reads_bound_rows_and_metadata_plus_payload_bytes ... ok
test transcript::tests::clear_invalidates_empty_views_and_never_reuses_record_ids ... ok
test transcript::tests::complete_record_size_is_validated_before_eviction_or_id_allocation ... ok
test transcript::tests::eviction_keeps_absolute_ids_and_memory_buffers_bounded ... ok
test transcript::tests::full_bounded_command_header_is_preserved_with_directory_metadata ... ok
test transcript::tests::native_directory_bytes_survive_round_trip ... ok
test transcript::tests::native_replacement_changes_revision_without_moving_anchors ... ok
test transcript::tests::raw_diagnostic_style_replacement_preserves_raw_flags_and_original_text ... ok
test transcript::tests::raw_plain_rows_are_utf8_exact_and_zero_width_requires_the_durable_flag ... ok
test transcript::tests::shared_owners_append_to_one_ordered_store ... ok
test transcript::tests::typed_records_keep_order_sources_directories_and_terminal_metadata ... ok

test result: ok. 207 passed; 0 failed; 0 ignored; 0 measured; 0 filtered out; finished in 57.26s

   Compiling vt100 v0.16.2 (/private/tmp/potyi-terminal-performance-20261009-111723/optimized/vendor/vt100)
    Finished `test` profile [unoptimized + debuginfo] target(s) in 3.32s
     Running unittests src/lib.rs (/private/tmp/potyi-terminal-final-arm-target/aarch64-apple-darwin/debug/deps/vt100-f7e17122d92453d8)

running 2 tests
test narrow_tests::one_column_wide_glyphs_do_not_create_half_cells_and_resize_recovers ... ok
test narrow_tests::one_row_wrap_marks_outgoing_history_and_preserves_exact_output ... ok

test result: ok. 2 passed; 0 failed; 0 ignored; 0 measured; 0 filtered out; finished in 0.00s

